   Compiling proc-macro2 v1.0.107
   Compiling unicode-ident v1.0.26
   Compiling quote v1.0.47
   Compiling serde_core v1.0.229
   Compiling libc v0.2.189
   Compiling version_check v0.9.5
   Compiling cfg-if v1.0.5
   Compiling shlex v2.0.1
   Compiling serde v1.0.229
   Compiling find-msvc-tools v0.1.12
   Compiling pin-project-lite v0.2.17
   Compiling memchr v2.8.3
   Compiling futures-core v0.3.34
   Compiling autocfg v1.5.1
   Compiling libm v0.2.16
   Compiling crossbeam-utils v0.8.23
   Compiling portable-atomic v1.15.0
   Compiling stable_deref_trait v1.2.1
   Compiling critical-section v1.2.0
   Compiling smallvec v1.16.1
   Compiling futures-sink v0.3.34
   Compiling itoa v1.0.18
   Compiling slab v0.4.12
   Compiling crossbeam-epoch v0.9.21
   Compiling crossbeam-deque v0.8.8
   Compiling futures-task v0.3.34
   Compiling futures-io v0.3.34
   Compiling equivalent v1.0.2
   Compiling rayon-core v1.13.0
   Compiling allocator-api2 v0.2.21
   Compiling writeable v0.6.4
   Compiling litemap v0.8.3
   Compiling either v1.18.0
   Compiling zeroize v1.9.0
   Compiling futures-channel v0.3.34
   Compiling icu_properties_data v2.3.0
   Compiling icu_normalizer_data v2.3.0
   Compiling utf8_iter v1.0.4
   Compiling foldhash v0.2.0
   Compiling percent-encoding v2.3.2
   Compiling crc32fast v1.5.2
   Compiling simd-adler32 v0.3.10
   Compiling adler2 v2.0.1
   Compiling untrusted v0.9.0
   Compiling rustls-pki-types v1.15.1
   Compiling httparse v1.10.1
   Compiling zerocopy v0.8.57
   Compiling miniz_oxide v0.9.1
   Compiling object v0.39.1
   Compiling try-lock v0.2.5
   Compiling rustls v0.23.45
   Compiling atomic-waker v1.1.2
   Compiling tower-service v0.3.3
   Compiling zlib-rs v0.6.8
   Compiling num-traits v0.2.19
   Compiling fnv v1.0.7
   Compiling want v0.3.1
   Compiling form_urlencoded v1.2.2
   Compiling rand_core v0.10.1
   Compiling compression-core v0.4.33
   Compiling subtle v2.6.1
   Compiling zmij v1.0.23
   Compiling ryu v1.0.23
   Compiling getrandom v0.4.3
   Compiling sync_wrapper v1.0.2
   Compiling openssl-probe v0.2.1
   Compiling tower-layer v0.3.3
   Compiling cpufeatures v0.3.1
   Compiling ipnet v2.12.2
   Compiling serde_json v1.0.151
   Compiling base64 v0.22.1
   Compiling iana-time-zone v0.1.65
   Compiling log v0.4.34
   Compiling parking_lot_core v0.9.12
   Compiling chacha20 v0.10.2
   Compiling foldhash v0.1.5
   Compiling rustversion v1.0.23
   Compiling thiserror v2.0.20
   Compiling webpki-roots v1.0.9
   Compiling rustls-native-certs v0.8.4
   Compiling scopeguard v1.2.0
   Compiling hashbrown v0.15.5
   Compiling aho-corasick v1.1.5
   Compiling same-file v1.0.6
   Compiling lock_api v0.4.14
   Compiling once_cell v1.21.4
   Compiling syn v3.0.6
   Compiling syn v2.0.119
   Compiling signal-hook v0.4.4
   Compiling regex-syntax v0.8.11
   Compiling array-init-cursor v0.2.1
   Compiling walkdir v2.5.0
   Compiling itertools v0.14.0
   Compiling humantime v2.4.0
   Compiling slotmap v1.1.1
   Compiling tracing-core v0.1.36
   Compiling virtue v0.0.18
   Compiling simdutf8 v0.1.5
   Compiling pkg-config v0.3.34
   Compiling polars-utils v0.55.2
   Compiling unty v0.0.4
   Compiling static_assertions v1.1.0
   Compiling siphasher v1.0.3
   Compiling zstd-safe v7.3.0
   Compiling polars-schema v0.55.2
   Compiling castaway v0.2.4
   Compiling polars-buffer v0.55.2
   Compiling chrono-tz v0.10.4
   Compiling phf_shared v0.12.1
   Compiling polars-arrow v0.55.2
   Compiling heck v0.5.0
   Compiling dyn-clone v1.0.20
   Compiling streaming-iterator v0.1.9
   Compiling jobserver v0.1.35
   Compiling planus v1.1.1
   Compiling phf v0.12.1
   Compiling ethnum v1.5.3
   Compiling polars-compute v0.55.2
   Compiling debug_unsafe v0.1.4
   Compiling fast-float2 v0.2.4
   Compiling strength_reduce v0.2.4
   Compiling boxcar v0.2.14
   Compiling atoi_simd v0.18.1
   Compiling typenum v1.20.1
   Compiling crossbeam-channel v0.5.17
   Compiling cc v1.4.6
   Compiling rayon v1.12.0
   Compiling bincode_derive v2.0.1
   Compiling polars-core v0.55.2
   Compiling alloc-no-stdlib v2.0.4
   Compiling ahash v0.8.12
   Compiling rustix v1.1.5
   Compiling alloc-stdlib v0.2.4
   Compiling snap v1.1.2
   Compiling xxhash-rust v0.8.18
   Compiling fallible-streaming-iterator v0.1.9
   Compiling brotli-decompressor v5.0.3
   Compiling home v0.5.12
   Compiling socket2 v0.6.5
   Compiling mio v1.2.3
   Compiling getrandom v0.2.17
   Compiling errno v0.3.14
   Compiling memmap2 v0.9.11
   Compiling rand v0.10.2
   Compiling signal-hook-registry v1.4.8
   Compiling parking_lot v0.12.5
   Compiling sysinfo v0.39.6
   Compiling rmp v0.8.15
   Compiling const-oid v0.10.2
   Compiling linux-raw-sys v0.12.1
   Compiling hybrid-array v0.4.15
   Compiling streaming-decompression v0.1.2
   Compiling polars-ops v0.55.2
   Compiling constant_time_eq v0.4.2
   Compiling arrayvec v0.7.8
   Compiling crossbeam-queue v0.3.14
   Compiling hex v0.4.3
   Compiling glob v0.3.4
   Compiling fastrand v2.5.0
   Compiling brotli v8.0.4
   Compiling flate2 v1.1.10
   Compiling num-integer v0.1.47
   Compiling bitflags v2.13.2
   Compiling regex-automata v0.4.18
   Compiling uuid v1.26.1
   Compiling rand_distr v0.6.0
   Compiling crypto-common v0.2.2
   Compiling block-buffer v0.12.1
   Compiling raw-cpuid v11.6.0
   Compiling polars-expr v0.55.2
   Compiling parking v2.2.1
   Compiling compression-codecs v0.4.43
   Compiling event-listener v5.4.2
   Compiling cfg_aliases v0.2.2
   Compiling num-bigint v0.4.8
   Compiling nix v0.31.3
   Compiling concurrent-queue v2.5.0
   Compiling ring v0.17.14
   Compiling stacker v0.1.25
   Compiling zstd-sys v2.1.0+zstd.1.5.7
   Compiling lz4-sys v1.11.1+lz4-1.10.0
   Compiling blake3 v1.8.7
   Compiling digest v0.11.3
   Compiling event-listener-strategy v0.5.4
   Compiling sha2 v0.11.0
   Compiling polars-stream v0.55.2
   Compiling thread_local v1.1.10
   Compiling twox-hash v2.1.4
   Compiling anyhow v1.0.104
   Compiling async-channel v2.5.0
   Compiling num-iter v0.1.46
   Compiling digest-io v0.1.0
   Compiling num-complex v0.4.6
   Compiling nibble_vec v0.1.0
   Compiling polars-lazy v0.55.2
   Compiling endian-type v0.2.0
   Compiling polars v0.55.2
   Compiling radix_trie v0.3.0
   Compiling hashbrown v0.17.1
   Compiling syntree v0.18.0
   Compiling utf8parse v0.2.2
   Compiling unicode-segmentation v1.13.3
   Compiling unicode-width v0.2.2
   Compiling ar_archive_writer v0.5.3
   Compiling polars-plan v0.55.2
   Compiling jiff v0.2.24
   Compiling synstructure v0.14.0
   Compiling num-rational v0.4.2
   Compiling fs4 v1.1.0
   Compiling indexmap v2.14.2
   Compiling tracing-attributes v0.1.31
   Compiling zerocopy-derive v0.8.57
   Compiling psm v0.1.32
   Compiling num-derive v0.4.2
   Compiling strum_macros v0.28.0
   Compiling async-stream-impl v0.3.6
   Compiling serde_stacker v0.1.14
   Compiling regex v1.13.1
   Compiling async-stream v0.3.6
   Compiling pin-project-internal v1.1.13
   Compiling rune-alloc-macros v0.14.2
   Compiling recursive-proc-macro-impl v0.1.1
   Compiling musli-macros v0.0.124
   Compiling recursive v0.1.1
   Compiling rune-tracing-macros v0.14.2
   Compiling num v0.4.3
   Compiling rustyline-derive v0.12.0
   Compiling tracing v0.1.44
   Compiling rune-tracing v0.14.2
   Compiling serde_derive v1.0.229
   Compiling zerofrom-derive v0.1.8
   Compiling yoke-derive v0.8.3
   Compiling zerovec-derive v0.11.6
   Compiling displaydoc v0.2.7
   Compiling tokio-macros v2.7.2
   Compiling futures-macro v0.3.34
   Compiling async-trait v0.1.92
   Compiling thiserror-impl v2.0.20
   Compiling bytemuck_derive v1.12.1
   Compiling pin-project v1.1.13
   Compiling rustyline v18.0.1
   Compiling futures-util v0.3.34
   Compiling zerofrom v0.1.8
   Compiling yoke v0.8.3
   Compiling musli-core v0.0.124
   Compiling bytemuck v1.25.2
   Compiling zerovec v0.11.8
   Compiling zerotrie v0.2.5
   Compiling tinystr v0.8.4
   Compiling potential_utf v0.1.6
   Compiling icu_locale_core v2.3.0
   Compiling icu_collections v2.3.0
   Compiling musli v0.0.124
   Compiling rune-alloc v0.14.2
   Compiling bytes v1.12.1
   Compiling chrono v0.4.45
   Compiling serde_urlencoded v0.7.1
   Compiling quick-xml v0.39.4
   Compiling polars-arrow-format v0.2.1
   Compiling bincode v2.0.1
   Compiling rmp-serde v1.3.1
   Compiling compact_str v0.9.1
   Compiling tokio v1.53.1
   Compiling http v1.5.0
   Compiling icu_provider v2.3.1
   Compiling icu_normalizer v2.3.0
   Compiling icu_properties v2.3.0
   Compiling http-body v1.1.0
   Compiling http-body-util v0.1.5
   Compiling futures-executor v0.3.34
   Compiling rune-core v0.14.2
   Compiling futures v0.3.34
   Compiling polars-parquet-format v0.1.0
   Compiling now v0.1.3
   Compiling idna_adapter v1.2.2
   Compiling idna v1.1.0
   Compiling rune-macros v0.14.2
   Compiling half v2.7.1
   Compiling url v2.5.8
   Compiling argminmax v0.6.3
   Compiling rustls-webpki v0.103.15
   Compiling rune v0.14.2
   Compiling tokio-util v0.7.19
   Compiling tower v0.5.3
   Compiling async-compression v0.4.48
   Compiling h2 v0.4.19
   Compiling tower-http v0.6.11
   Compiling lz4 v1.28.1
   Compiling tokio-rustls v0.26.5
   Compiling hyper v1.11.1
   Compiling hyper-util v0.1.20
   Compiling hyper-rustls v0.27.9
   Compiling reqwest v0.12.28
   Compiling object_store v0.13.2
   Compiling zstd v0.13.3
   Compiling polars-error v0.55.2
   Compiling polars-config v0.55.2
   Compiling polars-async v0.55.2
   Compiling polars-dtype v0.55.2
   Compiling polars-row v0.55.2
   Compiling polars-parquet v0.55.2
   Compiling rnx v0.0.0 (/home/me/work/rnx)
   Compiling polars-io v0.55.2
   Compiling polars-ooc v0.55.2
   Compiling polars-time v0.55.2
   Compiling polars-mem-engine v0.55.2
   Compiling rnx-polars v0.0.0 (/home/me/work/rnx/adapters/polars)
   Compiling rnx-project-app v0.0.0 (/home/me/work/rnx-bench/probes/cache-polars/target/cache/entries/32f310adeaedef8a148c600492a050cd1d217e571bfa5b3ac6a9bab3d75e0a14/assembly)
    Finished `release` profile [optimized] target(s) in 1m 44s
built shared assembly 32f310adeaedef8a148c600492a050cd1d217e571bfa5b3ac6a9bab3d75e0a14: /home/me/work/rnx-bench/probes/cache-polars/target/cache/entries/32f310adeaedef8a148c600492a050cd1d217e571bfa5b3ac6a9bab3d75e0a14/artifacts/1fb622af7f19213435555c9355599a407ee99eb3d33108023035f3de0a3325b8
