repeat 0 complete
repeat 1 complete
{
  "first": {
    "pipeline": {
      "default": [
        31.033012499999998,
        30.902442
      ],
      "verify": [
        97.2259895,
        97.282706
      ],
      "direct": [
        10.7805185,
        10.7988155
      ]
    },
    "eval": {
      "default": [
        26.675429,
        26.707517
      ],
      "verify": [
        92.7356085,
        92.728536
      ],
      "direct": [
        6.5375225,
        6.577179
      ]
    },
    "session": {
      "default": [
        25.4208145,
        25.3835175
      ],
      "verify": [
        91.547195,
        91.680767
      ],
      "direct": [
        5.3183685,
        5.365311999999999
      ]
    }
  },
  "second": {
    "pipeline": {
      "default": [
        31.0860315,
        31.006841
      ],
      "verify": [
        97.3189175,
        97.2154425
      ],
      "direct": [
        10.713044,
        10.716668
      ]
    },
    "eval": {
      "default": [
        26.656419,
        26.643271
      ],
      "verify": [
        92.935524,
        92.82177999999999
      ],
      "direct": [
        6.5479495,
        6.5891865
      ]
    },
    "session": {
      "default": [
        25.4210385,
        25.4320855
      ],
      "verify": [
        91.3964725,
        91.51597849999999
      ],
      "direct": [
        5.2649595,
        5.382988
      ]
    }
  }
}
