{
  "costs": {
    "first_lock_ms": 1066.668976,
    "cold_build_ms": 105704.171377,
    "second_lock_ms": 1067.981457,
    "ready_attachment_ms": 565.584748
  },
  "size": {
    "assembly": {
      "files": 3,
      "logical_bytes": 99128,
      "allocated_bytes": 110592
    },
    "target": {
      "files": 3116,
      "logical_bytes": 1601804494,
      "allocated_bytes": 1610412032
    },
    "artifacts": {
      "files": 1,
      "logical_bytes": 107436336,
      "allocated_bytes": 107442176
    },
    "entry_du_bytes": 1570058240,
    "entry_apparent_bytes": 1558701046
  }
}
