2255234 execve("/home/me/work/rnx-bench/probes/git-source-workflow/target/rnx-project", ["/home/me/work/rnx-bench/probes/g"..., "eval", "--manifest", "/home/me/work/rnx-bench/probes/g"..., "--", "42"], 0x7fff2c1e4e88 /* 42 vars */) = 0
2255234 openat(AT_FDCWD, "/etc/ld.so.cache", O_RDONLY|O_CLOEXEC) = 3
2255234 openat(AT_FDCWD, "/usr/lib/x86_64-linux-gnu/libgcc_s.so.1", O_RDONLY|O_CLOEXEC) = 3
2255234 openat(AT_FDCWD, "/usr/lib/x86_64-linux-gnu/libc.so.6", O_RDONLY|O_CLOEXEC) = 3
2255234 openat(AT_FDCWD, "/proc/self/maps", O_RDONLY|O_CLOEXEC) = 3
2255234 openat(AT_FDCWD, "/home/me/work/rnx-bench/probes/git-source-workflow/target/tiny-b-clean/.rnx/command.lock", O_RDWR|O_CREAT|O_NONBLOCK|O_NOFOLLOW|O_CLOEXEC, 0600) = 3
2255234 openat(AT_FDCWD, "/home/me/work/rnx-bench/probes/git-source-workflow/target/tiny-b-clean/.rnx/.gitignore", O_WRONLY|O_CREAT|O_TRUNC|O_CLOEXEC, 0666) = 4
2255234 openat(AT_FDCWD, "/home/me/work/rnx-bench/probes/git-source-workflow/target/tiny-b-clean/rnx.lock", O_RDONLY|O_NONBLOCK|O_CLOEXEC) = 4
2255234 openat(AT_FDCWD, "/home/me/work/rnx-bench/probes/git-source-workflow/target/tiny-b-clean/rnx.lock", O_RDONLY|O_NONBLOCK|O_CLOEXEC) = 4
2255234 openat(AT_FDCWD, "/home/me/work/rnx-bench/probes/git-source-workflow/target/tiny-b-clean/rnx.Cargo.lock", O_RDONLY|O_NONBLOCK|O_CLOEXEC) = 4
2255234 openat(AT_FDCWD, "/home/me/work/rnx-bench/probes/git-source-workflow/target/tiny-b-clean/rnx.toml", O_RDONLY|O_NONBLOCK|O_CLOEXEC) = 4
2255234 openat(AT_FDCWD, "/home/me/work/rnx-bench/probes/git-source-workflow/target/tiny-b-clean/rnx.toml", O_RDONLY|O_NONBLOCK|O_CLOEXEC) = 4
2255234 openat(AT_FDCWD, "/home/me/work/rnx-bench/probes/git-source-workflow/target/tiny-b-clean/rnx.toml", O_RDONLY|O_NONBLOCK|O_CLOEXEC) = 4
2255234 openat(AT_FDCWD, "/home/me/work/rnx-bench/probes/git-source-workflow/target/tiny-b-clean/", O_RDONLY|O_NONBLOCK|O_CLOEXEC|O_DIRECTORY) = 4
2255234 openat(AT_FDCWD, "/home/me/work/rnx-bench/probes/git-source-workflow/target/tiny-b-clean/main.rn", O_RDONLY|O_NONBLOCK|O_NOFOLLOW|O_CLOEXEC) = 4
2255234 openat(AT_FDCWD, "/home/me/work/rnx-bench/probes/git-source-workflow/target/tiny-b-clean/rnx.toml", O_RDONLY|O_NONBLOCK|O_NOFOLLOW|O_CLOEXEC) = 4
2255234 openat(AT_FDCWD, "/home/me/work/rnx-bench/probes/git-source-workflow/target/tiny-b-clean/.rnx/receipt.json", O_RDONLY|O_NONBLOCK|O_CLOEXEC) = 4
2255234 openat(AT_FDCWD, "/home/me/work/rnx-bench/probes/git-source-workflow/target/cache/entries/fc72f1da6fe195038f7cd047e75b38d9f5d7b0f0aa0734a84a11b485b18f9821/ready.json", O_RDONLY|O_NONBLOCK|O_NOFOLLOW|O_CLOEXEC) = 4
2255234 openat(AT_FDCWD, "/home/me/work/rnx-bench/probes/git-source-workflow/target/cache/entries/fc72f1da6fe195038f7cd047e75b38d9f5d7b0f0aa0734a84a11b485b18f9821/artifacts/3f72c2a61e470011696f4326066a9354a0817970945aa708e7cc3cd11602b77b", O_RDONLY|O_NONBLOCK|O_NOFOLLOW|O_CLOEXEC) = 4
2255234 execve("/home/me/work/rnx-bench/probes/git-source-workflow/target/cache/entries/fc72f1da6fe195038f7cd047e75b38d9f5d7b0f0aa0734a84a11b485b18f9821/artifacts/3f72c2a61e470011696f4326066a9354a0817970945aa708e7cc3cd11602b77b", ["/home/me/work/rnx-bench/probes/g"..., "eval", "42"], 0x5b4e187b2da0 /* 42 vars */) = 0
2255234 openat(AT_FDCWD, "/etc/ld.so.cache", O_RDONLY|O_CLOEXEC) = 3
2255234 openat(AT_FDCWD, "/usr/lib/x86_64-linux-gnu/libgcc_s.so.1", O_RDONLY|O_CLOEXEC) = 3
2255234 openat(AT_FDCWD, "/usr/lib/x86_64-linux-gnu/libc.so.6", O_RDONLY|O_CLOEXEC) = 3
2255234 openat(AT_FDCWD, "/proc/self/maps", O_RDONLY|O_CLOEXEC) = 3
