2430350 execve("/home/me/work/rnx-bench/probes/git-source-workflow/target/installed/bin/rnx", ["/home/me/work/rnx-bench/probes/g"..., "project", "eval", "--manifest", "/home/me/work/rnx-bench/probes/g"..., "--", "polars::lit(42)"], 0x7ffeee7d9350 /* 42 vars */) = 0
2430350 openat(AT_FDCWD, "/etc/ld.so.cache", O_RDONLY|O_CLOEXEC) = 3
2430350 openat(AT_FDCWD, "/usr/lib/x86_64-linux-gnu/libgcc_s.so.1", O_RDONLY|O_CLOEXEC) = 3
2430350 openat(AT_FDCWD, "/usr/lib/x86_64-linux-gnu/libm.so.6", O_RDONLY|O_CLOEXEC) = 3
2430350 openat(AT_FDCWD, "/usr/lib/x86_64-linux-gnu/libc.so.6", O_RDONLY|O_CLOEXEC) = 3
2430350 openat(AT_FDCWD, "/proc/self/maps", O_RDONLY|O_CLOEXEC) = 3
2430350 openat(AT_FDCWD, "/home/me/work/rnx-bench/probes/git-source-workflow/target/state/rnx/sessions/session-2399902-1789813158435954461/.rnx/command.lock", O_RDWR|O_CREAT|O_NONBLOCK|O_NOFOLLOW|O_CLOEXEC, 0600) = 3
2430350 openat(AT_FDCWD, "/home/me/work/rnx-bench/probes/git-source-workflow/target/state/rnx/sessions/session-2399902-1789813158435954461/.rnx/.gitignore", O_WRONLY|O_CREAT|O_TRUNC|O_CLOEXEC, 0666) = 4
2430350 openat(AT_FDCWD, "/home/me/work/rnx-bench/probes/git-source-workflow/target/state/rnx/sessions/session-2399902-1789813158435954461/rnx.lock", O_RDONLY|O_NONBLOCK|O_CLOEXEC) = 4
2430350 openat(AT_FDCWD, "/home/me/work/rnx-bench/probes/git-source-workflow/target/state/rnx/sessions/session-2399902-1789813158435954461/rnx.lock", O_RDONLY|O_NONBLOCK|O_CLOEXEC) = 4
2430350 openat(AT_FDCWD, "/home/me/work/rnx-bench/probes/git-source-workflow/target/state/rnx/sessions/session-2399902-1789813158435954461/rnx.Cargo.lock", O_RDONLY|O_NONBLOCK|O_CLOEXEC) = 4
2430350 openat(AT_FDCWD, "/home/me/work/rnx-bench/probes/git-source-workflow/target/state/rnx/sessions/session-2399902-1789813158435954461/rnx.toml", O_RDONLY|O_NONBLOCK|O_CLOEXEC) = 4
2430350 openat(AT_FDCWD, "/home/me/work/rnx-bench/probes/git-source-workflow/target/state/rnx/sessions/session-2399902-1789813158435954461/rnx.toml", O_RDONLY|O_NONBLOCK|O_CLOEXEC) = 4
2430350 openat(AT_FDCWD, "/home/me/work/rnx-bench/probes/git-source-workflow/target/state/rnx/sessions/session-2399902-1789813158435954461/rnx.toml", O_RDONLY|O_NONBLOCK|O_CLOEXEC) = 4
2430350 openat(AT_FDCWD, "/home/me/work/rnx-bench/probes/git-source-workflow/target/state/rnx/sessions/session-2399902-1789813158435954461/", O_RDONLY|O_NONBLOCK|O_CLOEXEC|O_DIRECTORY) = 4
2430350 openat(AT_FDCWD, "/home/me/work/rnx-bench/probes/git-source-workflow/target/state/rnx/sessions/session-2399902-1789813158435954461/entry.rn", O_RDONLY|O_NONBLOCK|O_NOFOLLOW|O_CLOEXEC) = 4
2430350 openat(AT_FDCWD, "/home/me/work/rnx-bench/probes/git-source-workflow/target/state/rnx/sessions/session-2399902-1789813158435954461/rnx.toml", O_RDONLY|O_NONBLOCK|O_NOFOLLOW|O_CLOEXEC) = 4
2430350 openat(AT_FDCWD, "/home/me/work/rnx-bench/probes/git-source-workflow/target/state/rnx/sessions/session-2399902-1789813158435954461/.rnx/receipt.json", O_RDONLY|O_NONBLOCK|O_CLOEXEC) = 4
2430350 openat(AT_FDCWD, "/home/me/work/rnx-bench/probes/git-source-workflow/target/cache/entries/f6fc58a647c19e6a75df722ca324d74b76d6bc2c42b67b811ad894ccfc01adf0/ready.json", O_RDONLY|O_NONBLOCK|O_NOFOLLOW|O_CLOEXEC) = 4
2430350 openat(AT_FDCWD, "/home/me/work/rnx-bench/probes/git-source-workflow/target/cache/entries/f6fc58a647c19e6a75df722ca324d74b76d6bc2c42b67b811ad894ccfc01adf0/artifacts/a88b2224a8170402d953ca5f1b1b85064f852cdecb370768791cddbfbfaa82b5", O_RDONLY|O_NONBLOCK|O_NOFOLLOW|O_CLOEXEC) = 4
2430350 execve("/home/me/work/rnx-bench/probes/git-source-workflow/target/cache/entries/f6fc58a647c19e6a75df722ca324d74b76d6bc2c42b67b811ad894ccfc01adf0/artifacts/a88b2224a8170402d953ca5f1b1b85064f852cdecb370768791cddbfbfaa82b5", ["/home/me/work/rnx-bench/probes/g"..., "eval", "polars::lit(42)"], 0x64bcd2e9c260 /* 42 vars */) = 0
2430350 openat(AT_FDCWD, "/etc/ld.so.cache", O_RDONLY|O_CLOEXEC) = 3
2430350 openat(AT_FDCWD, "/usr/lib/x86_64-linux-gnu/libgcc_s.so.1", O_RDONLY|O_CLOEXEC) = 3
2430350 openat(AT_FDCWD, "/usr/lib/x86_64-linux-gnu/libm.so.6", O_RDONLY|O_CLOEXEC) = 3
2430350 openat(AT_FDCWD, "/usr/lib/x86_64-linux-gnu/libc.so.6", O_RDONLY|O_CLOEXEC) = 3
2430350 openat(AT_FDCWD, "/proc/self/maps", O_RDONLY|O_CLOEXEC) = 3
