   Compiling http v1.5.0
   Compiling http-body v1.1.0
   Compiling h2 v0.4.19
   Compiling http-body-util v0.1.5
   Compiling tower-http v0.6.11
   Compiling hyper v1.11.1
   Compiling hyper-util v0.1.20
   Compiling hyper-rustls v0.27.9
   Compiling reqwest v0.12.28
   Compiling object_store v0.13.2
   Compiling rnx v0.0.0 (https://github.com/nilket-com/rnx?rev=94f5f3f98ba756c5ab5293d1e5132c7fd7b52d32#94f5f3f9)
   Compiling polars-error v0.55.2
   Compiling polars-config v0.55.2
   Compiling polars-utils v0.55.2
   Compiling polars-buffer v0.55.2
   Compiling polars-schema v0.55.2
   Compiling polars-arrow v0.55.2
   Compiling polars-async v0.55.2
   Compiling polars-compute v0.55.2
   Compiling polars-dtype v0.55.2
   Compiling polars-row v0.55.2
   Compiling polars-core v0.55.2
   Compiling polars-parquet v0.55.2
   Compiling polars-ops v0.55.2
   Compiling polars-io v0.55.2
   Compiling polars-plan v0.55.2
   Compiling polars-expr v0.55.2
   Compiling polars-mem-engine v0.55.2
   Compiling polars-ooc v0.55.2
   Compiling polars-time v0.55.2
   Compiling rnx-postgres v0.0.0 (https://github.com/nilket-com/rnx?rev=94f5f3f98ba756c5ab5293d1e5132c7fd7b52d32#94f5f3f9)
   Compiling polars-stream v0.55.2
   Compiling polars-lazy v0.55.2
   Compiling polars v0.55.2
   Compiling rnx-polars v0.0.0 (https://github.com/nilket-com/rnx?rev=94f5f3f98ba756c5ab5293d1e5132c7fd7b52d32#94f5f3f9)
   Compiling git-discovery v0.0.0 (/home/me/work/rnx-bench/probes/cargo-git-runtime/target/assemblies/84d00e56c50abdaf929fc9bfdf47880ef27d9e8bc33904f15d2d49de7cb764b7)
    Finished `release` profile [optimized] target(s) in 3m 09s
