    Checking windows-sys v0.61.2
   Compiling ring v0.17.14
    Checking jiff-tzdb v0.1.8
    Checking rune-core v0.14.2
    Checking jiff-tzdb-platform v0.1.3
    Checking rune v0.14.2
    Checking mio v1.2.3
    Checking socket2 v0.6.5
    Checking home v0.5.12
    Checking jiff v0.2.24
    Checking rustyline v18.0.1
    Checking tokio v1.53.1
warning: ring@0.17.14: GNU compiler is not supported for this target
warning: ring@0.17.14: GNU compiler is not supported for this target
warning: ring@0.17.14: GNU compiler is not supported for this target
warning: ring@0.17.14: GNU compiler is not supported for this target
warning: ring@0.17.14: GNU compiler is not supported for this target
warning: ring@0.17.14: GNU compiler is not supported for this target
warning: ring@0.17.14: GNU compiler is not supported for this target
warning: ring@0.17.14: GNU compiler is not supported for this target
warning: ring@0.17.14: GNU compiler is not supported for this target
warning: ring@0.17.14: GNU compiler is not supported for this target
warning: ring@0.17.14: GNU compiler is not supported for this target
warning: ring@0.17.14: GNU compiler is not supported for this target
warning: ring@0.17.14: GNU compiler is not supported for this target
warning: ring@0.17.14: GNU compiler is not supported for this target
warning: ring@0.17.14: GNU compiler is not supported for this target
warning: ring@0.17.14: GNU compiler is not supported for this target
warning: ring@0.17.14: GNU compiler is not supported for this target
error: failed to run custom build command for `ring v0.17.14`

Caused by:
  process didn't exit successfully: `/home/me/work/rnx/target/debug/build/ring-26dacbc4087898fe/build-script-build` (exit status: 1)
  --- stdout
  cargo:rerun-if-env-changed=CARGO_MANIFEST_DIR
  cargo:rerun-if-env-changed=CARGO_PKG_NAME
  cargo:rerun-if-env-changed=CARGO_PKG_VERSION_MAJOR
  cargo:rerun-if-env-changed=CARGO_PKG_VERSION_MINOR
  cargo:rerun-if-env-changed=CARGO_PKG_VERSION_PATCH
  cargo:rerun-if-env-changed=CARGO_PKG_VERSION_PRE
  cargo:rerun-if-env-changed=CARGO_MANIFEST_LINKS
  cargo:rerun-if-env-changed=RING_PREGENERATE_ASM
  cargo:rerun-if-env-changed=OUT_DIR
  cargo:rerun-if-env-changed=CARGO_CFG_TARGET_ARCH
  cargo:rerun-if-env-changed=CARGO_CFG_TARGET_OS
  cargo:rerun-if-env-changed=CARGO_CFG_TARGET_ENV
  cargo:rerun-if-env-changed=CARGO_CFG_TARGET_ENDIAN
  cargo:rerun-if-env-changed=VCINSTALLDIR
  VCINSTALLDIR = None
  cargo:rerun-if-env-changed=CC_x86_64-pc-windows-msvc
  CC_x86_64-pc-windows-msvc = None
  cargo:rerun-if-env-changed=CC_x86_64_pc_windows_msvc
  CC_x86_64_pc_windows_msvc = None
  cargo:rerun-if-env-changed=TARGET_CC
  TARGET_CC = None
  cargo:rerun-if-env-changed=CC
  CC = None
  cargo:rerun-if-env-changed=CROSS_COMPILE
  CROSS_COMPILE = None
  cargo:rerun-if-env-changed=CC_ENABLE_DEBUG_OUTPUT
  cargo:warning=GNU compiler is not supported for this target
  cargo:rerun-if-env-changed=CRATE_CC_NO_DEFAULTS
  CRATE_CC_NO_DEFAULTS = None
  cargo:rerun-if-env-changed=CFLAGS
  CFLAGS = None
  cargo:rerun-if-env-changed=TARGET_CFLAGS
  TARGET_CFLAGS = None
  cargo:rerun-if-env-changed=CFLAGS_x86_64_pc_windows_msvc
  CFLAGS_x86_64_pc_windows_msvc = None
  cargo:rerun-if-env-changed=CFLAGS_x86_64-pc-windows-msvc
  CFLAGS_x86_64-pc-windows-msvc = None
  cargo:warning=GNU compiler is not supported for this target
  cargo:warning=GNU compiler is not supported for this target
  cargo:warning=GNU compiler is not supported for this target
  cargo:warning=GNU compiler is not supported for this target
  cargo:warning=GNU compiler is not supported for this target
  cargo:warning=GNU compiler is not supported for this target
  cargo:warning=GNU compiler is not supported for this target
  cargo:warning=GNU compiler is not supported for this target
  cargo:warning=GNU compiler is not supported for this target
  cargo:warning=GNU compiler is not supported for this target
  cargo:warning=GNU compiler is not supported for this target
  cargo:warning=GNU compiler is not supported for this target
  cargo:warning=GNU compiler is not supported for this target
  cargo:warning=GNU compiler is not supported for this target
  cargo:warning=GNU compiler is not supported for this target
  cargo:warning=GNU compiler is not supported for this target

  --- stderr


  error occurred in cc-rs: failed to find tool "lib.exe": No such file or directory (os error 2)


warning: build failed, waiting for other jobs to finish...
