rehearsal: 0 occurrences
correctness: 40 identical
allocation: context delta 1 numeric calls [1036660, 36661] budgets {'numeric-budget-zero': [36659, 36660, 1], 'numeric-budget-default': [1036660, 36661, 0], 'numeric-budget-unlimited': [1036661, 36662, 0], 'numeric-budget-tight': [36773, 36664, 1]}
rehearsal mode: stopped before any timed phase; sentinel 0 occurrences
R1-bad-status-retained PASS
R1-malformed-counter-retained PASS
R1-incomplete-wall-receipt-retained PASS
R1-timeout-retained-and-killed PASS
R2-partial-line-timeout PASS
R2-interrupt-with-held-pipe PASS
R3-changed-binary-refused-before-any-phase PASS
R3-changed-fixture-refused PASS
rehearsal: 0 occurrences
R1-later-phases-do-not-begin PASS
R4-allocation-qualification PASS
R1b-changed-counting-stdout-stops PASS
R1b-same-wrong-budget-status-stops PASS
R2b-unreaped-and-survivor-stop PASS
R3b-manifest-constants PASS
R2c-ack-boundaries PASS
R2c-fifo-protocol PASS
controls: 16 / 16 pass
