build acquire-wait 2026-10-05T12:27:58-05:00
build acquired 2026-10-05T12:27:58-05:00 load 0.18
build released 2026-10-05T12:29:13-05:00 rc=0 load 2.81
counts acquire-wait 2026-10-05T12:30:29-05:00
counts acquired 2026-10-05T12:30:29-05:00
counts released 2026-10-05T12:30:46-05:00 rc=0
s2-build acquire-wait 2026-10-05T12:35:07-05:00
s2-build acquired 2026-10-05T12:35:07-05:00 load 0.39
s2-build released 2026-10-05T12:36:21-05:00 rc=0
s2-counts acquire-wait 2026-10-05T12:36:34-05:00
s2-counts acquired 2026-10-05T12:36:34-05:00
s2-counts released 2026-10-05T12:36:37-05:00 rc=0
s2-counts2 acquire-wait 2026-10-05T12:36:59-05:00
s2-counts2 acquired 2026-10-05T12:36:59-05:00
s2-counts2 released 2026-10-05T12:37:15-05:00 rc=0
sample acquire-wait 2026-10-05T12:37:49-05:00
sample acquired 2026-10-05T12:37:57-05:00
sample released 2026-10-05T12:38:23-05:00 rc=0
sample2 acquire-wait 2026-10-05T12:38:47-05:00
sample2 acquired 2026-10-05T12:38:47-05:00
sample2 released 2026-10-05T12:41:09-05:00 rc=0
dwarf acquire-wait 2026-10-05T12:42:34-05:00
dwarf acquired 2026-10-05T12:42:34-05:00
dwarf released 2026-10-05T12:42:49-05:00 rc=0
split acquire-wait 2026-10-05T12:43:30-05:00
split acquired 2026-10-05T12:43:30-05:00
split released 2026-10-05T12:43:39-05:00 rc=0
opcount-build acquire-wait 2026-10-05T12:45:23-05:00
opcount-build acquired 2026-10-05T12:45:23-05:00
FAIL old
FAIL new
opcount-build released 2026-10-05T12:46:06-05:00
opcount-build2 acquire-wait 2026-10-05T12:46:18-05:00
opcount-build2 acquired 2026-10-05T12:46:18-05:00
opcount-build2 released 2026-10-05T12:47:17-05:00
opcount acquire-wait 2026-10-05T12:47:34-05:00
opcount acquired 2026-10-05T12:47:34-05:00
opcount released 2026-10-05T12:47:51-05:00 rc=0
r1-replay acquire-wait 2026-10-05T13:04:34-05:00
r1-replay acquired 2026-10-05T13:04:34-05:00 load 0.25
opcount rc=0
alloc rc=0
r1-replay released 2026-10-05T13:04:54-05:00
