    Updating git repository `file:///home/me/work/rnx-bench/probes/one-command-boundary/target/origin.git`
  Installing rnx v0.0.0 (file:///home/me/work/rnx-bench/probes/one-command-boundary/target/origin.git?rev=90c722412c22f796ee5ba95585d45c3763bff109#90c72241)
    Updating crates.io index
   Compiling proc-macro2 v1.0.107
   Compiling quote v1.0.47
   Compiling unicode-ident v1.0.26
   Compiling libc v0.2.189
   Compiling cfg-if v1.0.5
   Compiling version_check v0.9.5
   Compiling stable_deref_trait v1.2.1
   Compiling portable-atomic v1.15.0
   Compiling pin-project-lite v0.2.17
   Compiling find-msvc-tools v0.1.13
   Compiling shlex v2.0.1
   Compiling bytes v1.12.1
   Compiling syn v3.0.6
   Compiling syn v2.0.119
   Compiling cc v1.4.7
   Compiling critical-section v1.2.0
   Compiling zerocopy v0.8.57
   Compiling serde_core v1.0.229
   Compiling futures-core v0.3.34
   Compiling once_cell v1.21.4
   Compiling errno v0.3.14
   Compiling itoa v1.0.18
   Compiling smallvec v1.16.1
   Compiling signal-hook-registry v1.4.8
   Compiling mio v1.2.3
   Compiling synstructure v0.14.0
   Compiling socket2 v0.6.5
   Compiling ahash v0.8.12
   Compiling autocfg v1.5.1
   Compiling pin-project-internal v1.1.13
   Compiling zerofrom-derive v0.1.8
   Compiling yoke-derive v0.8.3
   Compiling zerovec-derive v0.11.6
   Compiling displaydoc v0.2.7
   Compiling tokio-macros v2.7.2
   Compiling zerofrom v0.1.8
   Compiling yoke v0.8.3
   Compiling serde_derive v1.0.229
   Compiling zerovec v0.11.8
   Compiling num-traits v0.2.19
   Compiling tokio v1.53.1
   Compiling writeable v0.6.4
   Compiling litemap v0.8.3
   Compiling tinystr v0.8.4
   Compiling potential_utf v0.1.6
   Compiling icu_locale_core v2.3.0
   Compiling zerotrie v0.2.5
   Compiling ring v0.17.14
   Compiling utf8_iter v1.0.4
   Compiling slab v0.4.12
   Compiling serde v1.0.229
   Compiling futures-task v0.3.34
   Compiling icu_normalizer_data v2.3.0
   Compiling memchr v2.8.3
   Compiling icu_properties_data v2.3.0
   Compiling futures-util v0.3.34
   Compiling icu_collections v2.3.0
   Compiling icu_provider v2.3.1
   Compiling rune-alloc-macros v0.14.2
   Compiling http v1.5.0
   Compiling generic-array v0.14.7
   Compiling crc32fast v1.5.2
   Compiling zeroize v1.9.0
   Compiling percent-encoding v2.3.2
   Compiling http-body v1.1.0
   Compiling rustls-pki-types v1.15.1
   Compiling num-integer v0.1.47
   Compiling getrandom v0.2.17
   Compiling untrusted v0.9.0
   Compiling typenum v1.20.1
   Compiling simd-adler32 v0.3.10
   Compiling httparse v1.10.1
   Compiling adler2 v2.0.1
   Compiling miniz_oxide v0.9.1
   Compiling icu_properties v2.3.0
   Compiling icu_normalizer v2.3.0
   Compiling pin-project v1.1.13
   Compiling musli-macros v0.0.124
   Compiling rustls v0.23.45
   Compiling tower-service v0.3.3
   Compiling try-lock v0.2.5
   Compiling want v0.3.1
   Compiling rune-alloc v0.14.2
   Compiling flate2 v1.1.10
   Compiling rustls-webpki v0.103.15
   Compiling musli-core v0.0.124
   Compiling idna_adapter v1.2.2
   Compiling num-bigint v0.4.8
   Compiling form_urlencoded v1.2.2
   Compiling tracing-core v0.1.36
   Compiling futures-channel v0.3.34
   Compiling cfg_aliases v0.2.2
   Compiling compression-core v0.4.33
   Compiling anyhow v1.0.104
   Compiling atomic-waker v1.1.2
   Compiling twox-hash v2.1.4
   Compiling bitflags v2.13.2
   Compiling zmij v1.0.23
   Compiling subtle v2.6.1
   Compiling ryu v1.0.23
   Compiling num-rational v0.4.2
   Compiling rune-core v0.14.2
   Compiling hyper v1.11.1
   Compiling tracing v0.1.44
   Compiling compression-codecs v0.4.43
   Compiling nix v0.31.3
   Compiling musli v0.0.124
   Compiling idna v1.1.0
   Compiling block-buffer v0.10.4
   Compiling crypto-common v0.1.7
   Compiling num-iter v0.1.46
   Compiling num-complex v0.4.6
   Compiling rune-tracing-macros v0.14.2
   Compiling blake3 v1.8.7
   Compiling sync_wrapper v1.0.2
   Compiling serde_json v1.0.151
   Compiling base64 v0.22.1
   Compiling ipnet v2.12.2
   Compiling futures-sink v0.3.34
   Compiling tower-layer v0.3.3
   Compiling winnow v1.0.4
   Compiling toml_parser v1.1.3+spec-1.1.0
   Compiling tower v0.5.3
   Compiling tokio-util v0.7.19
   Compiling hyper-util v0.1.20
   Compiling rune-tracing v0.14.2
   Compiling num v0.4.3
   Compiling digest v0.10.7
   Compiling url v2.5.8
   Compiling tokio-rustls v0.26.5
   Compiling async-compression v0.4.48
   Compiling rune-macros v0.14.2
   Compiling webpki-roots v1.0.9
   Compiling http-body-util v0.1.5
   Compiling toml_datetime v0.7.5+spec-1.1.0
   Compiling serde_spanned v1.1.1
   Compiling nibble_vec v0.1.0
   Compiling toml_writer v1.1.2+spec-1.1.0
   Compiling endian-type v0.2.0
   Compiling winnow v0.7.15
   Compiling cpufeatures v0.2.17
   Compiling log v0.4.34
   Compiling cpufeatures v0.3.1
   Compiling arrayvec v0.7.8
   Compiling syntree v0.18.0
   Compiling constant_time_eq v0.4.2
   Compiling rune v0.14.2
   Compiling sha2 v0.10.9
   Compiling toml v0.9.12+spec-1.1.0
   Compiling radix_trie v0.3.0
   Compiling tower-http v0.6.11
   Compiling hyper-rustls v0.27.9
   Compiling serde_urlencoded v0.7.1
   Compiling rustyline-derive v0.12.0
   Compiling utf8parse v0.2.2
   Compiling unicode-segmentation v1.13.3
   Compiling home v0.5.12
   Compiling rnx v0.0.0 (/home/me/work/rnx-bench/probes/one-command-boundary/target/cargo-home/git/checkouts/origin-1cbc0134c96e4938/90c7224)
   Compiling unicode-width v0.2.2
   Compiling rustyline v18.0.1
   Compiling reqwest v0.12.28
   Compiling jiff v0.2.24
   Compiling rnx-project v0.0.0 (/home/me/work/rnx-bench/probes/one-command-boundary/target/cargo-home/git/checkouts/origin-1cbc0134c96e4938/90c7224/tools/project)
    Finished `release` profile [optimized] target(s) in 1m 07s
  Installing /home/me/work/rnx-bench/probes/one-command-boundary/target/install-git1/bin/rnx
   Installed package `rnx v0.0.0 (file:///home/me/work/rnx-bench/probes/one-command-boundary/target/origin.git?rev=90c722412c22f796ee5ba95585d45c3763bff109#90c72241)` (executable `rnx`)
warning: be sure to add `/home/me/work/rnx-bench/probes/one-command-boundary/target/install-git1/bin` to your PATH to be able to run the installed binaries
