1733684 +++ exited with 0 +++
1733681 +++ exited with 0 +++
1733680 +++ exited with 0 +++
1733679 +++ exited with 0 +++
1733678 +++ exited with 0 +++
1733677 +++ exited with 0 +++
1733683 +++ exited with 0 +++
1733682 +++ exited with 0 +++
1733702 +++ exited with 0 +++
1733701 +++ exited with 0 +++
1733675 --- SIGCHLD {si_signo=SIGCHLD, si_code=CLD_EXITED, si_pid=1733701, si_uid=1003, si_status=0, si_utime=0, si_stime=1 /* 0.01 s */} ---
1733704 +++ exited with 0 +++
1733706 socketpair(AF_UNIX, SOCK_SEQPACKET|SOCK_CLOEXEC, 0, [15, 16]) = 0
1733706 recvfrom(15, "", 8, 0, NULL, NULL) = 0
1733708 socketpair(AF_UNIX, SOCK_SEQPACKET|SOCK_CLOEXEC, 0, [17, 18]) = 0
1733708 recvfrom(17, "", 8, 0, NULL, NULL) = 0
1733719 +++ exited with 0 +++
1733718 +++ exited with 0 +++
1733721 +++ exited with 0 +++
1733716 --- SIGUSR1 {si_signo=SIGUSR1, si_code=SI_TKILL, si_pid=1733710, si_uid=1003} ---
1733720 +++ exited with 0 +++
1733716 +++ exited with 0 +++
1733717 +++ exited with 0 +++
1733714 socketpair(AF_UNIX, SOCK_SEQPACKET|SOCK_CLOEXEC, 0, [11, 12]) = 0
1733714 recvfrom(11, "", 8, 0, NULL, NULL) = 0
1733737 +++ exited with 0 +++
1733739 +++ exited with 0 +++
1733736 +++ exited with 0 +++
1733735 +++ exited with 0 +++
1733734 +++ exited with 0 +++
1733733 +++ exited with 0 +++
1733732 +++ exited with 0 +++
1733731 +++ exited with 0 +++
1733730 +++ exited with 0 +++
1733729 +++ exited with 0 +++
1733728 +++ exited with 0 +++
1733727 +++ exited with 0 +++
1733726 +++ exited with 0 +++
1733725 +++ exited with 0 +++
1733740 +++ exited with 0 +++
1733738 +++ exited with 0 +++
1733724 +++ exited with 0 +++
1733723 --- SIGCHLD {si_signo=SIGCHLD, si_code=CLD_EXITED, si_pid=1733724, si_uid=1003, si_status=0, si_utime=1 /* 0.01 s */, si_stime=2 /* 0.02 s */} ---
1733723 +++ exited with 0 +++
1733722 --- SIGCHLD {si_signo=SIGCHLD, si_code=CLD_EXITED, si_pid=1733723, si_uid=1003, si_status=0, si_utime=0, si_stime=0} ---
1733722 +++ exited with 0 +++
1733714 --- SIGCHLD {si_signo=SIGCHLD, si_code=CLD_EXITED, si_pid=1733722, si_uid=1003, si_status=0, si_utime=0, si_stime=0} ---
1733714 +++ exited with 0 +++
1733715 +++ exited with 0 +++
1733713 +++ exited with 0 +++
1733710 +++ exited with 0 +++
1733708 --- SIGCHLD {si_signo=SIGCHLD, si_code=CLD_EXITED, si_pid=1733710, si_uid=1003, si_status=0, si_utime=11 /* 0.11 s */, si_stime=4 /* 0.04 s */} ---
1733708 +++ exited with 0 +++
1733741 socketpair(AF_UNIX, SOCK_SEQPACKET|SOCK_CLOEXEC, 0, [17, 18]) = 0
1733741 recvfrom(17, "", 8, 0, NULL, NULL) = 0
1733743 +++ exited with 0 +++
1733742 --- SIGCHLD {si_signo=SIGCHLD, si_code=CLD_EXITED, si_pid=1733743, si_uid=1003, si_status=0, si_utime=0, si_stime=0} ---
1733744 +++ exited with 0 +++
1733742 --- SIGCHLD {si_signo=SIGCHLD, si_code=CLD_EXITED, si_pid=1733744, si_uid=1003, si_status=0, si_utime=0, si_stime=0} ---
1733745 +++ exited with 0 +++
1733742 --- SIGCHLD {si_signo=SIGCHLD, si_code=CLD_EXITED, si_pid=1733745, si_uid=1003, si_status=0, si_utime=0, si_stime=0} ---
1733746 +++ exited with 0 +++
1733742 --- SIGCHLD {si_signo=SIGCHLD, si_code=CLD_EXITED, si_pid=1733746, si_uid=1003, si_status=0, si_utime=0, si_stime=0} ---
1733747 +++ exited with 0 +++
1733742 --- SIGCHLD {si_signo=SIGCHLD, si_code=CLD_EXITED, si_pid=1733747, si_uid=1003, si_status=0, si_utime=0, si_stime=0} ---
1733748 +++ exited with 0 +++
1733742 --- SIGCHLD {si_signo=SIGCHLD, si_code=CLD_EXITED, si_pid=1733748, si_uid=1003, si_status=0, si_utime=0, si_stime=0} ---
1733749 +++ exited with 0 +++
1733742 --- SIGCHLD {si_signo=SIGCHLD, si_code=CLD_EXITED, si_pid=1733749, si_uid=1003, si_status=0, si_utime=0, si_stime=0} ---
1733750 +++ exited with 0 +++
1733742 --- SIGCHLD {si_signo=SIGCHLD, si_code=CLD_EXITED, si_pid=1733750, si_uid=1003, si_status=0, si_utime=0, si_stime=0} ---
1733751 +++ exited with 0 +++
1733742 --- SIGCHLD {si_signo=SIGCHLD, si_code=CLD_EXITED, si_pid=1733751, si_uid=1003, si_status=0, si_utime=0, si_stime=0} ---
1733752 +++ exited with 0 +++
1733742 --- SIGCHLD {si_signo=SIGCHLD, si_code=CLD_EXITED, si_pid=1733752, si_uid=1003, si_status=0, si_utime=0, si_stime=0} ---
1733753 +++ exited with 0 +++
1733742 --- SIGCHLD {si_signo=SIGCHLD, si_code=CLD_EXITED, si_pid=1733753, si_uid=1003, si_status=0, si_utime=0, si_stime=0} ---
1733754 +++ exited with 0 +++
1733742 --- SIGCHLD {si_signo=SIGCHLD, si_code=CLD_EXITED, si_pid=1733754, si_uid=1003, si_status=0, si_utime=0, si_stime=0} ---
1733755 +++ exited with 0 +++
1733742 --- SIGCHLD {si_signo=SIGCHLD, si_code=CLD_EXITED, si_pid=1733755, si_uid=1003, si_status=0, si_utime=0, si_stime=0} ---
1733742 +++ exited with 0 +++
1733741 --- SIGCHLD {si_signo=SIGCHLD, si_code=CLD_EXITED, si_pid=1733742, si_uid=1003, si_status=0, si_utime=0, si_stime=1 /* 0.01 s */} ---
1733741 +++ exited with 0 +++
1733758 socketpair(AF_UNIX, SOCK_SEQPACKET|SOCK_CLOEXEC, 0, [17, 18]) = 0
1733758 recvfrom(17, "", 8, 0, NULL, NULL) = 0
1733761 +++ exited with 0 +++
1733760 +++ exited with 0 +++
1733769 +++ exited with 0 +++
1733767 --- SIGUSR1 {si_signo=SIGUSR1, si_code=SI_TKILL, si_pid=1733759, si_uid=1003} ---
1733767 +++ exited with 0 +++
1733771 --- SIGUSR1 {si_signo=SIGUSR1, si_code=SI_TKILL, si_pid=1733759, si_uid=1003} ---
1733771 +++ exited with 0 +++
1733768 +++ exited with 0 +++
1733772 +++ exited with 0 +++
1733764 +++ exited with 0 +++
1733763 +++ exited with 0 +++
1733765 +++ exited with 0 +++
1733759 +++ exited with 0 +++
1733758 --- SIGCHLD {si_signo=SIGCHLD, si_code=CLD_EXITED, si_pid=1733759, si_uid=1003, si_status=0, si_utime=3 /* 0.03 s */, si_stime=2 /* 0.02 s */} ---
1733758 +++ exited with 0 +++
1733773 socketpair(AF_UNIX, SOCK_SEQPACKET|SOCK_CLOEXEC, 0, [17, 18]) = 0
1733773 recvfrom(17, "", 8, 0, NULL, NULL) = 0
1733762 +++ exited with 0 +++
1733775 socketpair(AF_UNIX, SOCK_SEQPACKET|SOCK_CLOEXEC, 0, [19, 20]) = 0
1733775 recvfrom(19, "", 8, 0, NULL, NULL) = 0
1733766 +++ exited with 0 +++
1733756 --- SIGUSR1 {si_signo=SIGUSR1, si_code=SI_TKILL, si_pid=1733707, si_uid=1003} ---
1733770 +++ exited with 0 +++
1733756 +++ exited with 0 +++
1733785 +++ exited with 0 +++
1733787 --- SIGUSR1 {si_signo=SIGUSR1, si_code=SI_TKILL, si_pid=1733776, si_uid=1003} ---
1733787 +++ exited with 0 +++
1733789 +++ exited with 0 +++
1733784 +++ exited with 0 +++
1733790 --- SIGUSR1 {si_signo=SIGUSR1, si_code=SI_TKILL, si_pid=1733776, si_uid=1003} ---
1733790 +++ exited with 0 +++
1733791 +++ exited with 0 +++
1733788 +++ exited with 0 +++
1733781 +++ exited with 0 +++
1733782 +++ exited with 0 +++
1733780 +++ exited with 0 +++
1733776 +++ exited with 0 +++
1733675 --- SIGCHLD {si_signo=SIGCHLD, si_code=CLD_EXITED, si_pid=1733776, si_uid=1003, si_status=0, si_utime=10 /* 0.10 s */, si_stime=3 /* 0.03 s */} ---
1733775 +++ exited with 0 +++
1733793 socketpair(AF_UNIX, SOCK_SEQPACKET|SOCK_CLOEXEC, 0, [19, 20]) = 0
1733793 recvfrom(19, "", 8, 0, NULL, NULL) = 0
1733786 +++ exited with 0 +++
1733792 +++ exited with 0 +++
1733783 --- SIGUSR1 {si_signo=SIGUSR1, si_code=SI_TKILL, si_pid=1733707, si_uid=1003} ---
1733783 +++ exited with 0 +++
1733798 +++ exited with 0 +++
1733757 +++ exited with 0 +++
1733711 +++ exited with 0 +++
1733712 +++ exited with 0 +++
1733709 +++ exited with 0 +++
1733707 +++ exited with 0 +++
1733675 --- SIGCHLD {si_signo=SIGCHLD, si_code=CLD_EXITED, si_pid=1733707, si_uid=1003, si_status=0, si_utime=103 /* 1.03 s */, si_stime=7 /* 0.07 s */} ---
1733706 +++ exited with 0 +++
1733804 socketpair(AF_UNIX, SOCK_SEQPACKET|SOCK_CLOEXEC, 0, [19, 20]) = 0
1733804 recvfrom(19, "", 8, 0, NULL, NULL) = 0
1733799 --- SIGUSR1 {si_signo=SIGUSR1, si_code=SI_TKILL, si_pid=1733794, si_uid=1003} ---
1733799 +++ exited with 0 +++
1733801 +++ exited with 0 +++
1733807 +++ exited with 0 +++
1733811 --- SIGUSR1 {si_signo=SIGUSR1, si_code=SI_TKILL, si_pid=1733794, si_uid=1003} ---
1733812 +++ exited with 0 +++
1733811 +++ exited with 0 +++
1733800 +++ exited with 0 +++
1733796 +++ exited with 0 +++
1733795 +++ exited with 0 +++
1733797 +++ exited with 0 +++
1733794 +++ exited with 0 +++
1733675 --- SIGCHLD {si_signo=SIGCHLD, si_code=CLD_EXITED, si_pid=1733794, si_uid=1003, si_status=0, si_utime=35 /* 0.35 s */, si_stime=6 /* 0.06 s */} ---
1733793 +++ exited with 0 +++
1733813 +++ exited with 0 +++
1733806 +++ exited with 0 +++
1733814 +++ exited with 0 +++
1733816 +++ exited with 0 +++
1733815 +++ exited with 0 +++
1733818 +++ exited with 0 +++
1733819 +++ exited with 0 +++
1733802 --- SIGUSR1 {si_signo=SIGUSR1, si_code=SI_TKILL, si_pid=1733774, si_uid=1003} ---
1733817 +++ exited with 0 +++
1733802 +++ exited with 0 +++
1733823 +++ exited with 0 +++
1733822 +++ exited with 0 +++
1733824 +++ exited with 0 +++
1733825 +++ exited with 0 +++
1733821 +++ exited with 0 +++
1733826 +++ exited with 0 +++
1733827 +++ exited with 0 +++
1733828 +++ exited with 0 +++
1733820 --- SIGUSR1 {si_signo=SIGUSR1, si_code=SI_TKILL, si_pid=1733774, si_uid=1003} ---
1733820 +++ exited with 0 +++
1733803 +++ exited with 0 +++
1733829 +++ exited with 0 +++
1733778 +++ exited with 0 +++
1733779 +++ exited with 0 +++
1733777 +++ exited with 0 +++
1733774 +++ exited with 0 +++
1733675 --- SIGCHLD {si_signo=SIGCHLD, si_code=CLD_EXITED, si_pid=1733774, si_uid=1003, si_status=0, si_utime=181 /* 1.81 s */, si_stime=9 /* 0.09 s */} ---
1733830 socketpair(AF_UNIX, SOCK_SEQPACKET|SOCK_CLOEXEC, 0, [17, 18]) = 0
1733830 recvfrom(17, "", 8, 0, NULL, NULL) = 0
1733773 +++ exited with 0 +++
1733835 +++ exited with 0 +++
1733834 +++ exited with 0 +++
1733839 +++ exited with 0 +++
1733840 +++ exited with 0 +++
1733842 +++ exited with 0 +++
1733841 +++ exited with 0 +++
1733848 socketpair(AF_UNIX, SOCK_SEQPACKET|SOCK_CLOEXEC, 0, [19, 20]) = 0
1733848 recvfrom(19, "", 8, 0, NULL, NULL) = 0
1733843 +++ exited with 0 +++
1733831 --- SIGUSR1 {si_signo=SIGUSR1, si_code=SI_TKILL, si_pid=1733805, si_uid=1003} ---
1733846 +++ exited with 0 +++
1733831 +++ exited with 0 +++
1733844 --- SIGUSR1 {si_signo=SIGUSR1, si_code=SI_TKILL, si_pid=1733833, si_uid=1003} ---
1733847 +++ exited with 0 +++
1733844 +++ exited with 0 +++
1733854 +++ exited with 0 +++
1733855 +++ exited with 0 +++
1733856 --- SIGUSR1 {si_signo=SIGUSR1, si_code=SI_TKILL, si_pid=1733833, si_uid=1003} ---
1733856 +++ exited with 0 +++
1733857 +++ exited with 0 +++
1733845 +++ exited with 0 +++
1733837 +++ exited with 0 +++
1733838 +++ exited with 0 +++
1733836 +++ exited with 0 +++
1733833 +++ exited with 0 +++
1733830 --- SIGCHLD {si_signo=SIGCHLD, si_code=CLD_EXITED, si_pid=1733833, si_uid=1003, si_status=0, si_utime=23 /* 0.23 s */, si_stime=3 /* 0.03 s */} ---
1733830 +++ exited with 0 +++
1733858 +++ exited with 0 +++
1733861 +++ exited with 0 +++
1733859 +++ exited with 0 +++
1733860 +++ exited with 0 +++
1733863 +++ exited with 0 +++
1733853 --- SIGUSR1 {si_signo=SIGUSR1, si_code=SI_TKILL, si_pid=1733805, si_uid=1003} ---
1733853 +++ exited with 0 +++
1733862 +++ exited with 0 +++
1733832 +++ exited with 0 +++
1733809 +++ exited with 0 +++
1733810 +++ exited with 0 +++
1733808 +++ exited with 0 +++
1733805 +++ exited with 0 +++
1733804 --- SIGCHLD {si_signo=SIGCHLD, si_code=CLD_EXITED, si_pid=1733805, si_uid=1003, si_status=0, si_utime=141 /* 1.41 s */, si_stime=8 /* 0.08 s */} ---
1733804 +++ exited with 0 +++
1733866 socketpair(AF_UNIX, SOCK_SEQPACKET|SOCK_CLOEXEC, 0, [16, 18]) = 0
1733866 recvfrom(16, "", 8, 0, NULL, NULL) = 0
1733868 +++ exited with 0 +++
1733872 +++ exited with 0 +++
1733873 +++ exited with 0 +++
1733874 +++ exited with 0 +++
1733876 +++ exited with 0 +++
1733875 +++ exited with 0 +++
1733877 +++ exited with 0 +++
1733878 +++ exited with 0 +++
1733879 +++ exited with 0 +++
1733880 +++ exited with 0 +++
1733881 +++ exited with 0 +++
1733882 +++ exited with 0 +++
1733884 +++ exited with 0 +++
1733883 +++ exited with 0 +++
1733885 +++ exited with 0 +++
1733864 --- SIGUSR1 {si_signo=SIGUSR1, si_code=SI_TKILL, si_pid=1733849, si_uid=1003} ---
1733864 +++ exited with 0 +++
1733886 +++ exited with 0 +++
1733889 +++ exited with 0 +++
1733890 +++ exited with 0 +++
1733888 +++ exited with 0 +++
1733892 +++ exited with 0 +++
1733891 +++ exited with 0 +++
1733893 +++ exited with 0 +++
1733894 +++ exited with 0 +++
1733897 +++ exited with 0 +++
1733898 +++ exited with 0 +++
1733899 +++ exited with 0 +++
1733900 +++ exited with 0 +++
1733901 +++ exited with 0 +++
1733903 +++ exited with 0 +++
1733902 +++ exited with 0 +++
1733904 +++ exited with 0 +++
1733968 +++ exited with 0 +++
1733967 +++ exited with 0 +++
1733934 +++ exited with 0 +++
1733887 --- SIGUSR1 {si_signo=SIGUSR1, si_code=SI_TKILL, si_pid=1733849, si_uid=1003} ---
1733985 +++ exited with 0 +++
1733887 +++ exited with 0 +++
1733865 +++ exited with 0 +++
1733851 +++ exited with 0 +++
1733850 +++ exited with 0 +++
1733852 +++ exited with 0 +++
1733849 +++ exited with 0 +++
1733848 --- SIGCHLD {si_signo=SIGCHLD, si_code=CLD_EXITED, si_pid=1733849, si_uid=1003, si_status=0, si_utime=871 /* 8.71 s */, si_stime=21 /* 0.21 s */} ---
1733848 +++ exited with 0 +++
1733986 +++ exited with 0 +++
1733988 +++ exited with 0 +++
1733989 +++ exited with 0 +++
1733987 +++ exited with 0 +++
1733990 +++ exited with 0 +++
1733991 +++ exited with 0 +++
1733993 +++ exited with 0 +++
1733992 +++ exited with 0 +++
1733994 +++ exited with 0 +++
1733995 +++ exited with 0 +++
1733996 +++ exited with 0 +++
1733998 +++ exited with 0 +++
1733895 --- SIGUSR1 {si_signo=SIGUSR1, si_code=SI_TKILL, si_pid=1733867, si_uid=1003} ---
1733895 +++ exited with 0 +++
1733997 +++ exited with 0 +++
1734016 +++ exited with 0 +++
1734019 +++ exited with 0 +++
1734018 +++ exited with 0 +++
1734017 +++ exited with 0 +++
1734020 +++ exited with 0 +++
1734021 +++ exited with 0 +++
1734022 +++ exited with 0 +++
1734023 +++ exited with 0 +++
1734024 +++ exited with 0 +++
1734025 +++ exited with 0 +++
1734026 +++ exited with 0 +++
1734027 +++ exited with 0 +++
1734029 +++ exited with 0 +++
1734028 +++ exited with 0 +++
1734030 +++ exited with 0 +++
1734031 +++ exited with 0 +++
1734015 --- SIGUSR1 {si_signo=SIGUSR1, si_code=SI_TKILL, si_pid=1733867, si_uid=1003} ---
1734015 +++ exited with 0 +++
1733896 +++ exited with 0 +++
1733870 +++ exited with 0 +++
1733871 +++ exited with 0 +++
1733869 +++ exited with 0 +++
1733867 +++ exited with 0 +++
1733675 --- SIGCHLD {si_signo=SIGCHLD, si_code=CLD_EXITED, si_pid=1733867, si_uid=1003, si_status=0, si_utime=1801 /* 18.01 s */, si_stime=35 /* 0.35 s */} ---
1733866 +++ exited with 0 +++
1734032 socketpair(AF_UNIX, SOCK_SEQPACKET|SOCK_CLOEXEC, 0, [15, 16]) = 0
1734032 recvfrom(15, "", 8, 0, NULL, NULL) = 0
1734037 --- SIGUSR1 {si_signo=SIGUSR1, si_code=SI_TKILL, si_pid=1734033, si_uid=1003} ---
1734040 +++ exited with 0 +++
1734037 +++ exited with 0 +++
1734039 +++ exited with 0 +++
1734043 +++ exited with 0 +++
1734041 --- SIGUSR1 {si_signo=SIGUSR1, si_code=SI_TKILL, si_pid=1734033, si_uid=1003} ---
1734042 +++ exited with 0 +++
1734041 +++ exited with 0 +++
1734038 +++ exited with 0 +++
1734035 socketpair(AF_UNIX, SOCK_SEQPACKET|SOCK_CLOEXEC, 0, [11, 12]) = 0
1734035 recvfrom(11, "", 8, 0, NULL, NULL) = 0
1734062 +++ exited with 0 +++
1734061 +++ exited with 0 +++
1734060 +++ exited with 0 +++
1734059 +++ exited with 0 +++
1734058 +++ exited with 0 +++
1734057 +++ exited with 0 +++
1734056 +++ exited with 0 +++
1734055 +++ exited with 0 +++
1734054 +++ exited with 0 +++
1734053 +++ exited with 0 +++
1734052 +++ exited with 0 +++
1734051 +++ exited with 0 +++
1734048 +++ exited with 0 +++
1734047 +++ exited with 0 +++
1734050 +++ exited with 0 +++
1734049 +++ exited with 0 +++
1734046 +++ exited with 0 +++
1734045 --- SIGCHLD {si_signo=SIGCHLD, si_code=CLD_EXITED, si_pid=1734046, si_uid=1003, si_status=0, si_utime=10 /* 0.10 s */, si_stime=8 /* 0.08 s */} ---
1734045 +++ exited with 0 +++
1734044 --- SIGCHLD {si_signo=SIGCHLD, si_code=CLD_EXITED, si_pid=1734045, si_uid=1003, si_status=0, si_utime=0, si_stime=0} ---
1734044 +++ exited with 0 +++
1734035 --- SIGCHLD {si_signo=SIGCHLD, si_code=CLD_EXITED, si_pid=1734044, si_uid=1003, si_status=0, si_utime=0, si_stime=1 /* 0.01 s */} ---
1734035 +++ exited with 0 +++
1734036 +++ exited with 0 +++
1734034 +++ exited with 0 +++
1734033 +++ exited with 0 +++
1734032 --- SIGCHLD {si_signo=SIGCHLD, si_code=CLD_EXITED, si_pid=1734033, si_uid=1003, si_status=0, si_utime=31 /* 0.31 s */, si_stime=8 /* 0.08 s */} ---
1734032 +++ exited with 0 +++
1733705 --- SIGUSR1 {si_signo=SIGUSR1, si_code=SI_TKILL, si_pid=1733675, si_uid=1003} ---
1733705 +++ exited with 0 +++
1733703 +++ exited with 0 +++
1733675 +++ exited with 0 +++
