baseline bf07ed5a6ab2e9b0fc6f7603b4936b11545a13b100cba4ebfb1c7592388a50bc
different-script bf07ed5a6ab2e9b0fc6f7603b4936b11545a13b100cba4ebfb1c7592388a50bc
mapped-package bf07ed5a6ab2e9b0fc6f7603b4936b11545a13b100cba4ebfb1c7592388a50bc
renamed-mount bf07ed5a6ab2e9b0fc6f7603b4936b11545a13b100cba4ebfb1c7592388a50bc
relative-native-paths bf07ed5a6ab2e9b0fc6f7603b4936b11545a13b100cba4ebfb1c7592388a50bc
edited-mapped-source bf07ed5a6ab2e9b0fc6f7603b4936b11545a13b100cba4ebfb1c7592388a50bc
symlink-cache-selection bf07ed5a6ab2e9b0fc6f7603b4936b11545a13b100cba4ebfb1c7592388a50bc
relocated-native 4eb21e9e44fef9a4956a561d3015dc6f453bb77774787881f16a3f84935dbac0
registration-name 0b7fe2a25213cef857f1db7bd972ef1d3c7a86f6d2049fbba69cd342e708a634
builder-path e8f40e25fb2787e7ebb5d88c7c1d470485b35d1f62d02e6687cf4c44afa885fc
lifecycle-hook 458c0de6ac350ca48d6dea478cd4afec3b7f6eed644d444663e0b7f012363775
native-edit 8000ca3eb1b0fdb9135922389a1f91c4a698d9bbaf48de87965f0a6a58c1b841
runtime-edit cbe239f038cfb37985a0467fc61e34402371d5086e81f924db72c21aff9e7dd9
cargo-graph 93beab32496070c2e5daab38755c722833876f1b5ccf5c1052dff133e970d253
native-default-feature e55d6f8cdde6c9fbfd7a084975b23217463ba123eef636982bbfd43848c0a1be
explicit-toolchain e4b1ee8b8cf9035846808fb63232297c01b2d3af9b6d2ce708f6ed92cbdfe069
new-cargo-config 037b47c26b1df2396cd27b983e3751bc8a7e26ff4c5ed731e2234c22dcfb9017
different-cache-root 2e5c75e23d9d2437da8cebce114bee976f4ba9fb7eb764ea6210c13a18c7bb9b
different-cargo-home 05c177e24f75498ab4f30daaf767376f876e3e991176da8b96ba5570a610e27e
restored-baseline bf07ed5a6ab2e9b0fc6f7603b4936b11545a13b100cba4ebfb1c7592388a50bc
PASS 20 real identity cases
