    Checking cfg-if v1.0.4
    Checking windows-link v0.2.1
    Checking stable_deref_trait v1.2.1
    Checking pin-project-lite v0.2.17
    Checking bytes v1.12.1
    Checking futures-core v0.3.34
    Checking smallvec v1.16.0
    Checking critical-section v1.2.0
    Checking itoa v1.0.18
    Checking litemap v0.8.3
    Checking writeable v0.6.4
    Checking utf8_iter v1.0.4
    Checking memchr v2.8.3
    Checking slab v0.4.12
    Checking zeroize v1.9.0
   Compiling portable-atomic v1.15.0
   Compiling serde_core v1.0.229
   Compiling icu_normalizer_data v2.3.0
   Compiling icu_properties_data v2.3.0
    Checking percent-encoding v2.3.2
    Checking futures-task v0.3.34
   Compiling num-traits v0.2.19
   Compiling crc32fast v1.5.2
   Compiling serde v1.0.229
   Compiling ring v0.17.14
    Checking zerofrom v0.1.8
    Checking untrusted v0.9.0
    Checking adler2 v2.0.1
    Checking getrandom v0.2.17
    Checking windows-sys v0.61.2
    Checking simd-adler32 v0.3.10
   Compiling libc v0.2.189
   Compiling httparse v1.10.1
   Compiling zerocopy v0.8.56
    Checking tower-service v0.3.3
    Checking try-lock v0.2.5
    Checking futures-channel v0.3.34
   Compiling ahash v0.8.12
    Checking subtle v2.6.1
    Checking compression-core v0.4.33
    Checking atomic-waker v1.1.2
    Checking form_urlencoded v1.2.2
    Checking musli-core v0.0.124
    Checking sync_wrapper v1.0.2
    Checking want v0.3.1
    Checking pin-project v1.1.13
    Checking bitflags v2.13.1
    Checking tower-layer v0.3.3
    Checking futures-util v0.3.34
    Checking yoke v0.8.3
    Checking futures-sink v0.3.34
    Checking ipnet v2.12.2
    Checking ryu v1.0.23
    Checking base64 v0.22.1
   Compiling anyhow v1.0.104
   Compiling zmij v1.0.23
    Checking endian-type v0.2.0
    Checking rustls-pki-types v1.15.1
    Checking log v0.4.34
    Checking miniz_oxide v0.9.1
    Checking twox-hash v2.1.4
    Checking jiff-tzdb v0.1.8
    Checking error-code v3.4.0
   Compiling serde_json v1.0.151
    Checking zerovec v0.11.8
    Checking zerotrie v0.2.5
    Checking nibble_vec v0.1.0
    Checking rune-tracing v0.14.2
    Checking syntree v0.18.0
    Checking clipboard-win v5.4.1
    Checking unicode-ident v1.0.24
    Checking jiff-tzdb-platform v0.1.3
    Checking unicode-width v0.2.2
    Checking unicode-segmentation v1.13.3
    Checking radix_trie v0.3.0
    Checking once_cell v1.21.4
    Checking http v1.5.0
    Checking webpki-roots v1.0.9
    Checking tracing-core v0.1.36
    Checking num-integer v0.1.47
    Checking num-complex v0.4.6
    Checking num-bigint v0.4.8
    Checking num-iter v0.1.46
    Checking flate2 v1.1.10
    Checking tracing v0.1.44
    Checking tinystr v0.8.4
    Checking potential_utf v0.1.6
    Checking http-body v1.1.0
    Checking icu_collections v2.3.0
    Checking musli v0.0.124
    Checking http-body-util v0.1.5
    Checking icu_locale_core v2.3.0
    Checking compression-codecs v0.4.41
    Checking num-rational v0.4.2
    Checking icu_provider v2.3.1
    Checking num v0.4.3
    Checking icu_normalizer v2.3.0
    Checking icu_properties v2.3.0
    Checking serde_urlencoded v0.7.1
    Checking mio v1.2.3
    Checking socket2 v0.6.5
    Checking home v0.5.12
    Checking jiff v0.2.24
    Checking rustyline v18.0.1
    Checking tokio v1.53.1
    Checking idna_adapter v1.2.2
    Checking idna v1.1.0
    Checking rune-alloc v0.14.2
    Checking url v2.5.8
   Compiling rustls v0.23.44
    Checking rune-core v0.14.2
    Checking rune v0.14.2
    Checking hyper v1.11.1
    Checking async-compression v0.4.46
    Checking tokio-util v0.7.19
    Checking tower v0.5.3
    Checking rustls-webpki v0.103.15
    Checking tower-http v0.6.11
    Checking hyper-util v0.1.20
    Checking tokio-rustls v0.26.5
    Checking hyper-rustls v0.27.9
    Checking reqwest v0.12.28
    Checking rnx v0.0.0 (/home/me/work/rnx)
    Finished `dev` profile [unoptimized] target(s) in 54.32s
