unmodified-pair-accepted PASS []
reference-equals-itself-with-elf-header-pad-flipped PASS ['1 differing byte(s) outside the validated allowlist, first at file offset 9']
elf-header-pad-byte PASS ['1 differing byte(s) outside the validated allowlist, first at file offset 9']
program-header-flags PASS ['1 differing byte(s) outside the validated allowlist, first at file offset 68']
section-header-flags-of-text PASS ['1 differing byte(s) outside the validated allowlist, first at file offset 9006000']
section-header-alignment PASS ['1 differing byte(s) outside the validated allowlist, first at file offset 9006040']
inter-section-padding-byte PASS ['1 differing byte(s) outside the validated allowlist, first at file offset 3042']
truncated-file PASS ['file sizes differ']
byte-in-.text PASS ['1 differing byte(s) outside the validated allowlist, first at file offset 4012719', '.text is not identical']
byte-in-.rodata PASS ['1 differing byte(s) outside the validated allowlist, first at file offset 834140']
byte-in-.rela.dyn PASS ['1 differing byte(s) outside the validated allowlist, first at file offset 148496']
byte-in-.symtab PASS ['1 differing byte(s) outside the validated allowlist, first at file offset 6920176']
byte-in-.eh_frame PASS ['1 differing byte(s) outside the validated allowlist, first at file offset 1274018']
build-id-descriptor-byte-accepted PASS []
build-id-note-type PASS ['unexpected GNU build-id note framing', '21 differing byte(s) outside the validated allowlist, first at file offset 804']
build-id-note-name PASS ['unexpected GNU build-id note framing', '21 differing byte(s) outside the validated allowlist, first at file offset 808']
build-id-note-descsz PASS ['unexpected GNU build-id note framing', '21 differing byte(s) outside the validated allowlist, first at file offset 800']
symbol-suffix-digit-accepted PASS []
symbol-name-outside-suffix PASS [".strtab names differ beyond a .llvm.<digits> suffix: b'_RINvNtCsgxBkk5gSRhY_4core3ptr9drop_glueNtNtNtCs2gclYLZIe7Z_4rune7runtime5value4ReprECseHFHVs5K1YU_13rune_base_oew.llvm.' / b'_RINvNtCsgxBkk5gSRhY_4core3ptr9drop_glueNtNtNtCs2gclYLZIe7Z_4rune7runtime5value4ReprECseHFHVs5K1YU_13rune_base_new.llvm.'", '457 differing byte(s) outside the validated allowlist, first at file offset 7550016']
symbol-without-suffix PASS [".strtab names differ beyond a .llvm.<digits> suffix: b'lain' / b'main'", '457 differing byte(s) outside the validated allowlist, first at file offset 7547537']
symbol-suffix-made-non-digit PASS [".strtab names differ beyond a .llvm.<digits> suffix: b'_RINvNtCsgxBkk5gSRhY_4core3ptr9drop_glueNtNtNtCs2gclYLZIe7Z_4rune7runtime5value4ReprECseHFHVs5K1YU_13rune_base_new.llvm.' / b'_RINvNtCsgxBkk5gSRhY_4core3ptr9drop_glueNtNtNtCs2gclYLZIe7Z_4rune7runtime5value4ReprECseHFHVs5K1YU_13rune_base_new.llvm.'", '457 differing byte(s) outside the validated allowlist, first at file offset 7550025']
symbol-count-changed PASS ['.strtab symbol count differs', '457 differing byte(s) outside the validated allowlist, first at file offset 7550044']
line-with-wrong-shift PASS ['location at 6652288: line 535 -> 539, source diff gives 537', '1 differing byte(s) outside the validated allowlist, first at file offset 6652304']
column-changed PASS ['location at 6652288 differs outside its line field', '2 differing byte(s) outside the validated allowlist, first at file offset 6652304']
length-word-changed PASS ['location at 6652280: file pointer is not the same RELATIVE relocation in both files', '2 differing byte(s) outside the validated allowlist, first at file offset 6652296']
pointer-word-changed PASS ['location at 6652272: file pointer is not the same RELATIVE relocation in both files', '2 differing byte(s) outside the validated allowlist, first at file offset 6652288']
same-length-other-path-in-both-files PASS ["location at 6652288: referenced file is b'/home/me/work/rune-w-0173/crates/rune/src/compile/contexT.rs' / b'/home/me/work/rune-w-0173/crates/rune/src/compile/contexT.rs', not b'/home/me/work/rune-w-0173/crates/rune/src/compile/context.rs'", '1 differing byte(s) outside the validated allowlist, first at file offset 6652304']
other-path-in-reference-only PASS ["location at 6652288: referenced file is b'/home/me/work/rune-w-0173/crates/rune/src/compile/context.rs' / b'/home/me/work/rune-w-0173/crates/rune/src/compile/contexT.rs', not b'/home/me/work/rune-w-0173/crates/rune/src/compile/context.rs'", '2 differing byte(s) outside the validated allowlist, first at file offset 714290']
length-out-of-range-in-both-files PASS ['location at 6652288: file length 1099511627776 is not the context.rs path length 60', '1 differing byte(s) outside the validated allowlist, first at file offset 6652304']
pointer-relocated-out-of-range-in-both-files PASS ['address 0x4000000000000+60 is not file-backed', '1 differing byte(s) outside the validated allowlist, first at file offset 6652304']
pointer-not-a-relative-relocation-in-both-files PASS ['location at 6652288: file pointer is not the same RELATIVE relocation in both files', '1 differing byte(s) outside the validated allowlist, first at file offset 6652304']
line-like-word-at-section-start PASS ['truncated location at file offset 6517368', '2 differing byte(s) outside the validated allowlist, first at file offset 6517368']
unrelated-word-in-data-rel-ro PASS ['location at 6521464: file pointer is not the same RELATIVE relocation in both files', '2 differing byte(s) outside the validated allowlist, first at file offset 6521480']
neutrality controls: 33 / 33 pass
