old-empty-instructions 19771 lost 0 throttle 0
old-empty-cycles 19148 lost 0 throttle 0
old-answer-instructions 19690 lost 0 throttle 0
old-answer-cycles 18852 lost 0 throttle 0
old-numeric-instructions 20541 lost 0 throttle 0
old-numeric-cycles 20766 lost 0 throttle 0
old-fib-instructions 20197 lost 0 throttle 0
old-fib-cycles 20242 lost 0 throttle 0
old-strings-instructions 20061 lost 0 throttle 0
old-strings-cycles 19740 lost 0 throttle 0
old-while-instructions 21175 lost 0 throttle 0
old-while-cycles 19952 lost 0 throttle 0
old-compare-instructions 23001 lost 0 throttle 0
old-compare-cycles 21121 lost 0 throttle 0
old-calls-instructions 22222 lost 0 throttle 0
old-calls-cycles 20606 lost 0 throttle 0
old-vector-instructions 21699 lost 0 throttle 0
old-vector-cycles 20920 lost 0 throttle 0
new-empty-instructions 19746 lost 0 throttle 0
new-empty-cycles 19158 lost 0 throttle 0
new-answer-instructions 19415 lost 0 throttle 0
new-answer-cycles 18924 lost 0 throttle 0
new-numeric-instructions 20983 lost 0 throttle 0
new-numeric-cycles 21499 lost 0 throttle 0
new-fib-instructions 22282 lost 0 throttle 0
new-fib-cycles 20335 lost 0 throttle 0
new-strings-instructions 20168 lost 0 throttle 0
new-strings-cycles 19521 lost 0 throttle 0
new-while-instructions 20274 lost 0 throttle 0
new-while-cycles 20420 lost 0 throttle 0
new-compare-instructions 20322 lost 0 throttle 0
new-compare-cycles 20060 lost 0 throttle 0
new-calls-instructions 21126 lost 0 throttle 0
new-calls-cycles 20233 lost 0 throttle 0
new-vector-instructions 23335 lost 0 throttle 0
new-vector-cycles 20898 lost 0 throttle 0
