old-empty-instructions 9680 lost 0 throttle 506
old-empty-cycles 19088 lost 0 throttle 586
old-answer-instructions 9593 lost 0 throttle 503
old-answer-cycles 19322 lost 0 throttle 604
old-numeric-instructions 8408 lost 0 throttle 517
old-numeric-cycles 24748 lost 0 throttle 1505
old-fib-instructions 3865 lost 0 throttle 235
old-fib-cycles 18636 lost 0 throttle 1111
old-strings-instructions 5803 lost 0 throttle 341
old-strings-cycles 19309 lost 0 throttle 1056
old-while-instructions 6427 lost 0 throttle 393
old-while-cycles 18667 lost 0 throttle 1125
old-compare-instructions 9440 lost 0 throttle 580
old-compare-cycles 18634 lost 0 throttle 1129
old-calls-instructions 8007 lost 0 throttle 490
old-calls-cycles 23623 lost 0 throttle 1438
old-vector-instructions 8158 lost 0 throttle 500
old-vector-cycles 23995 lost 0 throttle 1438
new-empty-instructions 9637 lost 0 throttle 497
new-empty-cycles 19262 lost 0 throttle 648
new-answer-instructions 9956 lost 0 throttle 525
new-answer-cycles 19198 lost 0 throttle 576
new-numeric-instructions 12098 lost 0 throttle 748
new-numeric-cycles 23947 lost 0 throttle 1461
new-fib-instructions 5318 lost 0 throttle 323
new-fib-cycles 20559 lost 0 throttle 1229
new-strings-instructions 5606 lost 0 throttle 329
new-strings-cycles 17804 lost 0 throttle 978
new-while-instructions 7018 lost 0 throttle 431
new-while-cycles 20673 lost 0 throttle 1242
new-compare-instructions 10634 lost 0 throttle 655
new-compare-cycles 20972 lost 0 throttle 1269
new-calls-instructions 9574 lost 0 throttle 588
new-calls-cycles 18903 lost 0 throttle 1147
new-vector-instructions 8529 lost 0 throttle 524
new-vector-cycles 25154 lost 0 throttle 1496
