    Checking cfg-if v1.0.4
    Checking windows-link v0.2.1
    Checking bytes v1.12.1
    Checking stable_deref_trait v1.2.1
    Checking pin-project-lite v0.2.17
    Checking smallvec v1.16.0
    Checking futures-core v0.3.34
    Checking critical-section v1.2.0
    Checking futures-sink v0.3.34
    Checking itoa v1.0.18
   Compiling portable-atomic v1.15.0
    Checking memchr v2.8.3
    Checking typenum v1.20.1
    Checking litemap v0.8.3
    Checking writeable v0.6.4
    Checking utf8_iter v1.0.4
    Checking percent-encoding v2.3.2
    Checking futures-task v0.3.34
   Compiling serde_core v1.0.229
    Checking slab v0.4.12
   Compiling icu_properties_data v2.3.0
    Checking cmov v0.5.4
    Checking zerofrom v0.1.8
   Compiling num-traits v0.2.19
   Compiling icu_normalizer_data v2.3.0
    Checking zeroize v1.9.0
   Compiling ring v0.17.14
   Compiling serde v1.0.229
    Checking windows-sys v0.61.2
    Checking getrandom v0.2.17
   Compiling crc32fast v1.5.2
    Checking untrusted v0.9.0
    Checking const-oid v0.10.2
   Compiling libc v0.2.189
    Checking base64 v0.22.1
    Checking adler2 v2.0.1
    Checking simd-adler32 v0.3.10
   Compiling httparse v1.10.1
    Checking yoke v0.8.3
    Checking futures-channel v0.3.34
   Compiling zerocopy v0.8.56
    Checking cpufeatures v0.3.1
    Checking tinyvec_macros v0.1.1
    Checking rand_core v0.10.1
    Checking try-lock v0.2.5
    Checking rustls-pki-types v1.15.1
    Checking tower-service v0.3.3
   Compiling getrandom v0.4.3
    Checking futures-util v0.3.34
    Checking form_urlencoded v1.2.2
    Checking tinyvec v1.13.2
   Compiling ahash v0.8.12
    Checking atomic-waker v1.1.2
    Checking want v0.3.1
    Checking compression-core v0.4.33
    Checking subtle v2.6.1
    Checking musli-core v0.0.124
    Checking miniz_oxide v0.9.1
    Checking chacha20 v0.10.2
    Checking ctutils v0.4.2
    Checking sync_wrapper v1.0.2
    Checking zerovec v0.11.8
    Checking zerotrie v0.2.5
    Checking pin-project v1.1.13
    Checking unicode-properties v0.1.4
    Checking bitflags v2.13.1
    Checking ipnet v2.12.2
    Checking tower-layer v0.3.3
    Checking unicode-bidi v0.3.18
    Checking ryu v1.0.23
    Checking log v0.4.34
   Compiling parking_lot_core v0.9.12
   Compiling zmij v1.0.23
   Compiling anyhow v1.0.104
    Checking nibble_vec v0.1.0
    Checking siphasher v1.0.3
    Checking jiff-tzdb v0.1.8
    Checking rand v0.10.2
    Checking endian-type v0.2.0
    Checking once_cell v1.21.4
    Checking scopeguard v1.2.0
    Checking twox-hash v2.1.4
    Checking byteorder v1.5.0
    Checking error-code v3.4.0
    Checking fallible-iterator v0.2.0
    Checking lock_api v0.4.14
    Checking jiff-tzdb-platform v0.1.3
    Checking unicode-normalization v0.1.25
    Checking radix_trie v0.3.0
   Compiling serde_json v1.0.151
    Checking rune-tracing v0.14.2
    Checking webpki-roots v1.0.9
    Checking clipboard-win v5.4.1
    Checking syntree v0.18.0
    Checking phf_shared v0.13.1
    Checking tracing-core v0.1.36
    Checking unicode-width v0.2.2
    Checking unicode-ident v1.0.24
    Checking unicode-segmentation v1.13.3
    Checking http v1.5.0
    Checking whoami v2.1.3
    Checking parking_lot v0.12.5
    Checking num-integer v0.1.47
    Checking num-complex v0.4.6
    Checking phf v0.13.1
    Checking flate2 v1.1.10
    Checking tinystr v0.8.4
    Checking potential_utf v0.1.6
    Checking tracing v0.1.44
    Checking icu_collections v2.3.0
    Checking icu_locale_core v2.3.0
    Checking stringprep v0.1.5
    Checking num-bigint v0.4.8
    Checking num-iter v0.1.46
    Checking hybrid-array v0.4.15
    Checking compression-codecs v0.4.41
    Checking musli v0.0.124
    Checking crypto-common v0.2.2
    Checking block-buffer v0.12.1
    Checking http-body v1.1.0
    Checking http-body-util v0.1.5
    Checking icu_provider v2.3.1
    Checking icu_properties v2.3.0
    Checking icu_normalizer v2.3.0
    Checking num-rational v0.4.2
    Checking digest v0.11.3
    Checking num v0.4.3
    Checking md-5 v0.11.0
    Checking sha2 v0.11.0
    Checking hmac v0.13.0
    Checking idna_adapter v1.2.2
    Checking idna v1.1.0
    Checking serde_urlencoded v0.7.1
    Checking postgres-protocol v0.6.12
    Checking url v2.5.8
    Checking postgres-types v0.2.14
    Checking rune-alloc v0.14.2
    Checking socket2 v0.6.5
    Checking mio v1.2.3
    Checking home v0.5.12
    Checking jiff v0.2.24
    Checking rustyline v18.0.1
    Checking tokio v1.53.1
warning: ring@0.17.14: GNU compiler is not supported for this target
warning: ring@0.17.14: GNU compiler is not supported for this target
warning: ring@0.17.14: GNU compiler is not supported for this target
warning: ring@0.17.14: GNU compiler is not supported for this target
warning: ring@0.17.14: GNU compiler is not supported for this target
warning: ring@0.17.14: GNU compiler is not supported for this target
warning: ring@0.17.14: GNU compiler is not supported for this target
warning: ring@0.17.14: GNU compiler is not supported for this target
warning: ring@0.17.14: GNU compiler is not supported for this target
warning: ring@0.17.14: GNU compiler is not supported for this target
warning: ring@0.17.14: GNU compiler is not supported for this target
warning: ring@0.17.14: GNU compiler is not supported for this target
warning: ring@0.17.14: GNU compiler is not supported for this target
warning: ring@0.17.14: GNU compiler is not supported for this target
warning: ring@0.17.14: GNU compiler is not supported for this target
warning: ring@0.17.14: GNU compiler is not supported for this target
warning: ring@0.17.14: GNU compiler is not supported for this target
error: failed to run custom build command for `ring v0.17.14`

Caused by:
  process didn't exit successfully: `/home/me/work/rnx/adapters/postgres/target/debug/build/ring-26dacbc4087898fe/build-script-build` (exit status: 1)
  --- stdout
  cargo:rerun-if-env-changed=CARGO_MANIFEST_DIR
  cargo:rerun-if-env-changed=CARGO_PKG_NAME
  cargo:rerun-if-env-changed=CARGO_PKG_VERSION_MAJOR
  cargo:rerun-if-env-changed=CARGO_PKG_VERSION_MINOR
  cargo:rerun-if-env-changed=CARGO_PKG_VERSION_PATCH
  cargo:rerun-if-env-changed=CARGO_PKG_VERSION_PRE
  cargo:rerun-if-env-changed=CARGO_MANIFEST_LINKS
  cargo:rerun-if-env-changed=RING_PREGENERATE_ASM
  cargo:rerun-if-env-changed=OUT_DIR
  cargo:rerun-if-env-changed=CARGO_CFG_TARGET_ARCH
  cargo:rerun-if-env-changed=CARGO_CFG_TARGET_OS
  cargo:rerun-if-env-changed=CARGO_CFG_TARGET_ENV
  cargo:rerun-if-env-changed=CARGO_CFG_TARGET_ENDIAN
  cargo:rerun-if-env-changed=VCINSTALLDIR
  VCINSTALLDIR = None
  cargo:rerun-if-env-changed=CC_x86_64-pc-windows-msvc
  CC_x86_64-pc-windows-msvc = None
  cargo:rerun-if-env-changed=CC_x86_64_pc_windows_msvc
  CC_x86_64_pc_windows_msvc = None
  cargo:rerun-if-env-changed=TARGET_CC
  TARGET_CC = None
  cargo:rerun-if-env-changed=CC
  CC = None
  cargo:rerun-if-env-changed=CROSS_COMPILE
  CROSS_COMPILE = None
  cargo:rerun-if-env-changed=CC_ENABLE_DEBUG_OUTPUT
  cargo:warning=GNU compiler is not supported for this target
  cargo:rerun-if-env-changed=CRATE_CC_NO_DEFAULTS
  CRATE_CC_NO_DEFAULTS = None
  cargo:rerun-if-env-changed=CFLAGS
  CFLAGS = None
  cargo:rerun-if-env-changed=TARGET_CFLAGS
  TARGET_CFLAGS = None
  cargo:rerun-if-env-changed=CFLAGS_x86_64_pc_windows_msvc
  CFLAGS_x86_64_pc_windows_msvc = None
  cargo:rerun-if-env-changed=CFLAGS_x86_64-pc-windows-msvc
  CFLAGS_x86_64-pc-windows-msvc = None
  cargo:warning=GNU compiler is not supported for this target
  cargo:warning=GNU compiler is not supported for this target
  cargo:warning=GNU compiler is not supported for this target
  cargo:warning=GNU compiler is not supported for this target
  cargo:warning=GNU compiler is not supported for this target
  cargo:warning=GNU compiler is not supported for this target
  cargo:warning=GNU compiler is not supported for this target
  cargo:warning=GNU compiler is not supported for this target
  cargo:warning=GNU compiler is not supported for this target
  cargo:warning=GNU compiler is not supported for this target
  cargo:warning=GNU compiler is not supported for this target
  cargo:warning=GNU compiler is not supported for this target
  cargo:warning=GNU compiler is not supported for this target
  cargo:warning=GNU compiler is not supported for this target
  cargo:warning=GNU compiler is not supported for this target
  cargo:warning=GNU compiler is not supported for this target

  --- stderr


  error occurred in cc-rs: failed to find tool "lib.exe": No such file or directory (os error 2)


warning: build failed, waiting for other jobs to finish...
