     Locking 203 packages to latest Rust 1.98.1 compatible versions
      Adding jiff v0.2.24 (available: v0.2.37)
   Compiling rnx v0.0.0 (/home/me/work/rnx-bench/probes/frame-presentation/target/replay/candidate)
warning: method `install_with` is never used
  --> /home/me/work/rnx-bench/probes/frame-presentation/target/replay/candidate/src/extensions.rs:76:16
   |
29 | impl Extensions {
   | --------------- method in this implementation
...
76 |     pub(crate) fn install_with(
   |                   ^^^^^^^^^^^^
   |
   = note: `#[warn(dead_code)]` (part of `#[warn(unused)]`) on by default

warning: `rnx` (lib) generated 1 warning
    Checking presentation-compatibility v0.0.0 (/home/me/work/rnx-bench/probes/frame-presentation/target/replay/consumer-candidate)
error[E0283]: type annotations needed
  --> src/main.rs:1:65
   |
 1 | fn main() { let _ = rnx::Extensions::none().with("fixture", |_| Err("registration failed".into())); }
   |                                             ----                ^^^ cannot infer type of the type parameter `T` declared on the enum `Result`
   |                                             |
   |                                             type must be known at this point
   |
   = note: the type must implement `Into<Registration>`
note: required by a bound in `Extensions::with`
  --> /home/me/work/rnx-bench/probes/frame-presentation/target/replay/candidate/src/extensions.rs:42:17
   |
42 |     pub fn with<R: Into<crate::native_preview::Registration>>(
   |                    ^^^^^^^^^^^^^^^^^^^^^^^^^^^^^^^^^^^^^^^^^ required by this bound in `Extensions::with`
help: consider specifying the generic arguments
   |
 1 | fn main() { let _ = rnx::Extensions::none().with("fixture", |_| Err::<T, std::string::String>("registration failed".into())); }
   |                                                                    ++++++++++++++++++++++++++

For more information about this error, try `rustc --explain E0283`.
error: could not compile `presentation-compatibility` (bin "presentation-compatibility") due to 1 previous error
