    Checking cfg-if v1.0.5
    Checking critical-section v1.2.0
    Checking typenum v1.20.1
    Checking pin-project-lite v0.2.17
    Checking twox-hash v2.1.4
    Checking itoa v1.0.18
    Checking winnow v1.0.4
    Checking futures-task v0.3.34
    Checking serde_core v1.0.229
    Checking portable-atomic v1.15.0
    Checking zerocopy v0.8.57
    Checking libc v0.2.189
    Checking pin-project v1.1.13
    Checking musli-core v0.0.124
    Checking slab v0.4.12
    Checking memchr v2.8.3
    Checking futures-core v0.3.34
    Checking rune-tracing v0.14.2
    Checking ryu v1.0.23
    Checking num-traits v0.2.19
    Checking anyhow v1.0.104
    Checking zmij v1.0.23
    Checking unicode-ident v1.0.24
    Checking bytes v1.12.1
    Checking cpufeatures v0.3.1
    Checking constant_time_eq v0.4.2
    Checking winnow v0.7.15
    Checking arrayvec v0.7.8
    Checking toml_writer v1.1.2+spec-1.1.0
    Checking syntree v0.18.0
    Checking cpufeatures v0.2.17
    Checking futures-util v0.3.34
    Checking blake3 v1.8.7
    Checking once_cell v1.21.4
    Checking toml_parser v1.1.3+spec-1.1.0
    Checking num-integer v0.1.47
    Checking num-complex v0.4.6
    Checking num-bigint v0.4.8
    Checking num-iter v0.1.46
    Checking errno v0.3.14
    Checking mio v1.2.3
    Checking generic-array v0.14.7
    Checking signal-hook-registry v1.4.8
    Checking musli v0.0.124
    Checking tokio v1.53.1
    Checking block-buffer v0.10.4
    Checking crypto-common v0.1.7
    Checking digest v0.10.7
    Checking sha2 v0.10.9
    Checking serde v1.0.229
    Checking toml_datetime v0.7.5+spec-1.1.0
    Checking serde_spanned v1.1.1
    Checking serde_json v1.0.151
    Checking num-rational v0.4.2
    Checking toml v0.9.12+spec-1.1.0
    Checking num v0.4.3
    Checking ahash v0.8.12
    Checking rune-alloc v0.14.2
    Checking rune-core v0.14.2
    Checking rune v0.14.2
    Checking rnx-project v0.0.0 (/home/me/work/rnx/tools/project)
    Finished `dev` profile [unoptimized] target(s) in 20.48s
