0172-build acquire-wait 2026-10-05T14:57:43-05:00
0172-build acquired 2026-10-05T14:57:43-05:00
build rc=0
0172-build released 2026-10-05T14:58:57-05:00
0172-measure acquire-wait 2026-10-05T15:00:28-05:00
0172-measure acquired 2026-10-05T15:00:28-05:00 load 1.34
measure rc=1
0172-measure released 2026-10-05T15:00:31-05:00
0172-measure2 acquire-wait 2026-10-05T15:01:47-05:00
0172-measure2 acquired 2026-10-05T15:01:47-05:00 load 0.71
measure rc=1
0172-measure2 released 2026-10-05T15:01:51-05:00
0172-measure3 acquire-wait 2026-10-05T15:03:31-05:00
0172-measure3 acquired 2026-10-05T15:03:31-05:00 load 0.29
measure rc=1
0172-measure3 released 2026-10-05T15:03:37-05:00
0172-aa acquire-wait 2026-10-05T15:05:26-05:00
0172-aa acquired 2026-10-05T15:05:26-05:00 load 0.20
diag rc=0
0172-aa released 2026-10-05T15:05:37-05:00
