   Compiling rnx-project v0.0.0 (/home/me/work/rnx/tools/project)
    Finished `test` profile [unoptimized] target(s) in 0.34s
     Running unittests src/lib.rs (tools/project/target/debug/deps/rnx_project-d32c450e26f5fc77)

running 15 tests
test graph::tests::cycle_names_edge_and_does_not_reread_ancestor ... ok
test graph::tests::lexical_back_edge_is_detected_by_canonical_identity ... ok
test graph::tests::diamond_expands_twice_but_reads_each_manifest_once ... ok
test tests::manifest_to_runner_handoff ... ignored, requires an explicitly built project-sources rnx binary
test tests::manifests_round_trip_and_reject_conflicts_and_unknowns ... ok
test tests::native_generation_is_ordered_and_cannot_inject_rust ... ok
test tests::real_manifests_expand_transitives_diamond_and_cycle ... ok
test graph::tests::depth_16_passes_17_refuses_before_read ... ok
test tests::declared_table_limits_and_duplicate_json_aliases ... ok
test graph::tests::exactly_64_manifests_then_refuse_before_the_next_read ... ok
test graph::tests::mounts_256_can_share_one_manifest_and_257_refuses ... ok
test tests::manifest_read_bound_utf8_and_regular_files ... ok
test tests::locks_are_strict_documents_not_verified_content ... ok
test tests::inventory_limits_paths_and_hashes ... ok
test tests::capability_refuses_bad_replies_and_retires_timed_out_child ... ok

test result: ok. 14 passed; 0 failed; 1 ignored; 0 measured; 0 filtered out; finished in 1.04s

   Doc-tests rnx_project

running 0 tests

test result: ok. 0 passed; 0 failed; 0 ignored; 0 measured; 0 filtered out; finished in 0.00s

