   Compiling serde_core v1.0.229
   Compiling portable-atomic v1.15.0
   Compiling zerocopy v0.8.57
    Checking critical-section v1.2.0
   Compiling ahash v0.8.12
    Checking cfg-if v1.0.5
    Checking pin-project v1.1.13
    Checking pin-project-lite v0.2.17
    Checking windows-link v0.2.1
    Checking memchr v2.8.3
    Checking futures-core v0.3.34
    Checking slab v0.4.12
   Compiling num-traits v0.2.19
   Compiling serde v1.0.229
    Checking musli-core v0.0.124
   Compiling anyhow v1.0.104
   Compiling zmij v1.0.23
    Checking winnow v1.0.4
    Checking itoa v1.0.18
    Checking twox-hash v2.1.4
    Checking futures-task v0.3.34
   Compiling serde_json v1.0.151
    Checking rune-tracing v0.14.2
    Checking unicode-ident v1.0.24
    Checking bytes v1.12.1
    Checking winnow v0.7.15
    Checking toml_writer v1.1.2+spec-1.1.0
    Checking ryu v1.0.23
    Checking syntree v0.18.0
    Checking windows-sys v0.61.2
    Checking futures-util v0.3.34
    Checking toml_parser v1.1.3+spec-1.1.0
    Checking once_cell v1.21.4
    Checking num-integer v0.1.47
    Checking num-complex v0.4.6
    Checking num-bigint v0.4.8
    Checking num-iter v0.1.46
    Checking musli v0.0.124
    Checking serde_spanned v1.1.1
    Checking toml_datetime v0.7.5+spec-1.1.0
    Checking mio v1.2.3
    Checking toml v0.9.12+spec-1.1.0
    Checking num-rational v0.4.2
    Checking num v0.4.3
    Checking tokio v1.53.1
    Checking rune-alloc v0.14.2
    Checking rune-core v0.14.2
    Checking rune v0.14.2
    Checking rnx-project v0.0.0 (/home/me/work/rnx/tools/project)
    Finished `dev` profile [unoptimized] target(s) in 19.26s
