L0-replay-of-the-0181-control-set PASS
L1-altered-library-is-refused-before-it-is-imported PASS
G1-frozen-scope-and-untouched-library-definitions PASS
C1-F1-row-defects-are-group-local-and-anchor-defects-global PASS
S1-every-window-status-and-its-boundaries PASS
S1-malformed-or-non-finite-summaries-stop PASS
S1-every-disposition-and-precedence PASS
S1-no-locating-event-under-every-disposition PASS
S1-contrast-flag-thresholds PASS
group R anchors reproduced
group F1 anchors reproduced
STAGE A A-strengthened {'run-numeric': 'strong', 'run-range_signed': 'strong', 'run-range_negative': 'strong'}
OFFICIAL COMPLETE
group R anchors reproduced
group F1 anchors reproduced
STAGE A A-weakened {'run-numeric': 'weak', 'run-range_signed': 'weak', 'run-range_negative': 'weak'}
OFFICIAL COMPLETE
group R anchors reproduced
group F1 anchors reproduced
STAGE A A-mixed {'run-numeric': 'intermediate', 'run-range_signed': 'intermediate', 'run-range_negative': 'intermediate'}
OFFICIAL COMPLETE
group R anchors reproduced
group F1 anchors reproduced
STAGE A A-weakened {'run-numeric': 'weak', 'run-range_signed': 'weak', 'run-range_negative': 'weak'}
OFFICIAL COMPLETE
O1-complete-runs-reach-the-registered-dispositions PASS
group R anchors reproduced
group F1 FAILED / INCOMPLETE LocalInvalid(('F1', "Stop(('counter not counted or unsupported', 'F1', 'dsb2mite_penalty_cycles', '<not counted>'))"))
STAGE A A-failed {'run-numeric': 'failed', 'run-range_signed': 'failed', 'run-range_negative': 'failed'}
OFFICIAL PARTIAL COUNTER-VALIDITY STOP
O1-F1-row-failure-is-partial-with-A-failed-and-no-summary PASS
group R anchors reproduced
group R anchors reproduced
group R anchors reproduced
group R anchors reproduced
group F1 anchors FAILED [('F1', 'run-numeric', 'cycles change', -0.08324492160448438), ('F1', 'run-range_signed', 'cand', 'cycles', 0.8612444041096697), ('F1', 'run-range_signed', 'cycles change', -0.16111059210163692)]
OFFICIAL GLOBAL STOP (NONREPRODUCING)
group R anchors reproduced
group R anchors reproduced
O1-global-stops PASS
group R anchors reproduced
group F1 anchors reproduced
STAGE A A-strengthened {'run-numeric': 'strong', 'run-range_signed': 'strong', 'run-range_negative': 'strong'}
OFFICIAL GLOBAL STOP (sentinel occurrence or scan failure)
group R anchors reproduced
group F1 anchors reproduced
STAGE A A-weakened {'run-numeric': 'weak', 'run-range_signed': 'weak', 'run-range_negative': 'weak'}
OFFICIAL GLOBAL STOP (sentinel occurrence or scan failure)
O1-sentinel-hit-or-scan-error-overrides-any-status PASS
V1-availability-content-validation PASS
V2-admission-binds-reviewed-bytes-libraries-and-current-host PASS
0183 controls: 15 / 15 pass
