PASS absent store and F2 actionable errors, no discovery mutation
PASS selected runtime notice and decline are read-only
PASS dirty provenance and multiple selections
PASS invalid overrides refuse despite valid default
PASS valid override takes precedence
PASS selection changed across consent refuses before scratch
PASS complete unselected entries are not discovered
PASS corrupt source revalidated before scratch
PASS deleted selected entry refuses
PASS missing Git actionable before scratch
PASS validated source selected in newly created scratch
PASS conflicting cwd ignored
PASS current document unknown field
PASS current document wrong version
PASS current document oversized
PASS managed symlink entry
PASS managed symlink source
PASS describe needs no Git
PASS pending survives selection change
PASS pending survives corrupt source
PASS pending survives deleted entry
PASS pending survives missing Git
PASS pending survives invalid override
PASS pending survives decline
PASS matrix complete
