       Fresh proc-macro2 v1.0.107
       Fresh quote v1.0.47
       Fresh syn v3.0.6
       Fresh version_check v0.9.5
       Fresh syn v2.0.119
       Fresh pin-project-internal v1.1.13
       Fresh musli-macros v0.1.7
       Fresh serde_derive v1.0.229
       Fresh rune-alloc-macros v0.15.0 (/home/me/work/rune-w-0173/crates/rune-alloc-macros)
       Fresh portable-atomic v1.15.0
       Fresh futures-sink v0.3.34
       Fresh futures-core v0.3.34
       Fresh critical-section v1.2.0
       Fresh zerocopy v0.8.59
       Fresh serde_core v1.0.229
       Fresh futures-channel v0.3.34
       Fresh once_cell v1.21.4
       Fresh futures-macro v0.3.34
       Fresh futures-io v0.3.34
       Fresh memchr v2.8.3
       Fresh pin-project-lite v0.2.17
       Fresh futures-task v0.3.34
       Fresh cfg-if v1.0.5
       Fresh slab v0.4.12
       Fresh serde v1.0.229
       Fresh ahash v0.8.12
       Fresh futures-util v0.3.34
       Fresh musli-core v0.1.7
       Fresh pin-project v1.1.13
       Fresh rune-tracing-macros v0.15.0 (/home/me/work/rune-w-0173/crates/rune-tracing-macros)
       Fresh twox-hash v2.1.5
       Fresh rune-alloc v0.15.0 (/home/me/work/rune-w-0173/crates/rune-alloc)
       Fresh rune-tracing v0.15.0 (/home/me/work/rune-w-0173/crates/rune-tracing)
       Fresh futures-executor v0.3.34
       Fresh itoa v1.0.18
       Fresh syntree v0.18.0
       Fresh unicode-ident v1.0.26
       Fresh rune-core v0.15.0 (/home/me/work/rune-w-0173/crates/rune-core)
       Fresh rune-macros v0.15.0 (/home/me/work/rune-w-0173/crates/rune-macros)
       Fresh anyhow v1.0.104
       Fresh ryu v1.0.23
       Fresh futures v0.3.34
       Fresh rune v0.15.0 (/home/me/work/rune-w-0173/crates/rune)
   Compiling rune-base-new v0.0.0 (/home/me/work/rnx-bench-w-0175d/probes/range-iteration-0175/harness)
     Running `/home/me/.rustup/toolchains/stable-x86_64-unknown-linux-gnu/bin/rustc --crate-name rune_base_new --edition=2024 src/main.rs --error-format=json --json=diagnostic-rendered-ansi,artifacts,future-incompat --crate-type bin --emit=dep-info,link -C opt-level=3 -C embed-bitcode=no --cfg 'feature="allocation"' --check-cfg 'cfg(docsrs,test)' --check-cfg 'cfg(feature, values("allocation", "counter"))' -C metadata=5bdfb8e826a6364f -C extra-filename=-e5465bd7121fede8 --out-dir /home/me/work/rnx-bench-w-0175d/probes/range-iteration-0175/tgt-cand/release/deps -C strip=debuginfo -L dependency=/home/me/work/rnx-bench-w-0175d/probes/range-iteration-0175/tgt-cand/release/deps --extern futures=/home/me/work/rnx-bench-w-0175d/probes/range-iteration-0175/tgt-cand/release/deps/libfutures-e8565caf21dc2174.rlib --extern rune=/home/me/work/rnx-bench-w-0175d/probes/range-iteration-0175/tgt-cand/release/deps/librune-94bb5f2f5c88633e.rlib`
    Finished `release` profile [optimized] target(s) in 0.78s
