
running 15 tests
test tests::range_iteration_boundaries::nested_memory_limits_restore_on_return_and_unwind ... ok
test tests::range_iteration_boundaries::memory_future_restores_after_pending_and_ready ... ok
test tests::range_iteration_boundaries::every_one_permit_boundary_matches_base ... ok
test tests::range_iteration_boundaries::a_borrowed_range_is_not_advanced_by_a_failed_next ... ok
test tests::range_iteration_boundaries::specialization_is_reached_in_both_dispatch_forms ... ok
test tests::range_iteration_boundaries::next_allocation_failure_keeps_the_base_boundary ... ok
test tests::range_iteration_boundaries::observers::owning_old_output_preserves_drop_and_slot_boundaries ... ok
test tests::range_iteration_boundaries::observers::diagnostics_preserve_every_observed_boundary ... ok
test tests::range_iteration_boundaries::unit_function_shadows_native_range_callable ... ok
test tests::range_iteration_boundaries::observers::other_receiver_and_user_iterator_keep_their_protocols ... ok
test tests::range_iteration_boundaries::observers::whole_execution_inside_explicit_memory_scopes ... ok
test tests::range_iteration_boundaries::both_dispatch_forms_finish_after_budget_resume ... ok
test tests::range_iteration_boundaries::range_control_flow_and_fallback_results ... ok
test tests::range_iteration_boundaries::unusual_next_units_preserve_errors_and_raw_slots ... ok
test tests::range_iteration_boundaries::every_budget_prefix_and_resume_matches_base_steps ... ok

test result: ok. 15 passed; 0 failed; 0 ignored; 0 measured; 595 filtered out; finished in 2.84s

   Compiling tracing v0.1.44
   Compiling rune-tracing v0.15.0 (/home/me/work/rune-w-0173/crates/rune-tracing)
   Compiling tracing-subscriber v0.3.23
   Compiling rune v0.15.0 (/home/me/work/rune-w-0173/crates/rune)
    Finished `test` profile [unoptimized + debuginfo] target(s) in 28.49s
     Running unittests src/lib.rs (/home/me/work/rnx-bench-w-0175d/probes/range-iteration-0175/test-cand/debug/deps/rune-3a1ae930aa940618)
