PASS profile repeat 0
PASS profile repeat 1
[
  {
    "repeat": 0,
    "count": 0,
    "launch_ms": {
      "ordinary": 17.775663,
      "profiled": 17.998325
    },
    "instrumentation_delta_ms": 0.2226619999999997,
    "inventory_ms": 9.261675499999999,
    "exclusive_phase_ms": {
      "independent": 9.240515,
      "other": 0.018112000000000003
    },
    "phase_calls": {
      "independent": [
        1
      ],
      "other": [
        0
      ]
    }
  },
  {
    "repeat": 0,
    "count": 1,
    "launch_ms": {
      "ordinary": 19.4824555,
      "profiled": 19.9317645
    },
    "instrumentation_delta_ms": 0.4493089999999995,
    "inventory_ms": 9.823844999999999,
    "exclusive_phase_ms": {
      "derivation_rechecks": 0.030656000000000003,
      "eligibility": 0.038972,
      "framing": 0.010979,
      "independent": 9.325866999999999,
      "observation": 0.252239,
      "other": 0.0584635,
      "shared_rechecks": 0.105253
    },
    "phase_calls": {
      "derivation_rechecks": [
        1
      ],
      "eligibility": [
        1
      ],
      "framing": [
        1
      ],
      "independent": [
        1
      ],
      "observation": [
        886
      ],
      "other": [
        0
      ],
      "shared_rechecks": [
        1
      ]
    }
  },
  {
    "repeat": 0,
    "count": 2,
    "launch_ms": {
      "ordinary": 19.855895500000003,
      "profiled": 20.2419955
    },
    "instrumentation_delta_ms": 0.386099999999999,
    "inventory_ms": 9.8759935,
    "exclusive_phase_ms": {
      "derivation_rechecks": 0.058747,
      "eligibility": 0.076904,
      "framing": 0.018885,
      "independent": 9.318016,
      "observation": 0.2444005,
      "other": 0.054677500000000004,
      "shared_rechecks": 0.10495299999999999
    },
    "phase_calls": {
      "derivation_rechecks": [
        2
      ],
      "eligibility": [
        2
      ],
      "framing": [
        2
      ],
      "independent": [
        1
      ],
      "observation": [
        886
      ],
      "other": [
        0
      ],
      "shared_rechecks": [
        1
      ]
    }
  },
  {
    "repeat": 0,
    "count": 3,
    "launch_ms": {
      "ordinary": 20.1504835,
      "profiled": 20.5755325
    },
    "instrumentation_delta_ms": 0.42504900000000134,
    "inventory_ms": 9.9889865,
    "exclusive_phase_ms": {
      "derivation_rechecks": 0.08490349999999999,
      "eligibility": 0.11221500000000001,
      "framing": 0.025217999999999997,
      "independent": 9.3375705,
      "observation": 0.248651,
      "other": 0.064782,
      "shared_rechecks": 0.1052955
    },
    "phase_calls": {
      "derivation_rechecks": [
        3
      ],
      "eligibility": [
        3
      ],
      "framing": [
        3
      ],
      "independent": [
        1
      ],
      "observation": [
        886
      ],
      "other": [
        0
      ],
      "shared_rechecks": [
        1
      ]
    }
  },
  {
    "repeat": 1,
    "count": 0,
    "launch_ms": {
      "ordinary": 17.6973725,
      "profiled": 17.98753
    },
    "instrumentation_delta_ms": 0.2901574999999994,
    "inventory_ms": 9.2652715,
    "exclusive_phase_ms": {
      "independent": 9.247275,
      "other": 0.018277
    },
    "phase_calls": {
      "independent": [
        1
      ],
      "other": [
        0
      ]
    }
  },
  {
    "repeat": 1,
    "count": 1,
    "launch_ms": {
      "ordinary": 19.492784999999998,
      "profiled": 19.911915
    },
    "instrumentation_delta_ms": 0.41913000000000267,
    "inventory_ms": 9.803256000000001,
    "exclusive_phase_ms": {
      "derivation_rechecks": 0.0307865,
      "eligibility": 0.039016999999999996,
      "framing": 0.0109665,
      "independent": 9.301373,
      "observation": 0.25279949999999995,
      "other": 0.058283,
      "shared_rechecks": 0.105243
    },
    "phase_calls": {
      "derivation_rechecks": [
        1
      ],
      "eligibility": [
        1
      ],
      "framing": [
        1
      ],
      "independent": [
        1
      ],
      "observation": [
        886
      ],
      "other": [
        0
      ],
      "shared_rechecks": [
        1
      ]
    }
  },
  {
    "repeat": 1,
    "count": 2,
    "launch_ms": {
      "ordinary": 19.8660645,
      "profiled": 20.303589000000002
    },
    "instrumentation_delta_ms": 0.4375245000000021,
    "inventory_ms": 9.8966305,
    "exclusive_phase_ms": {
      "derivation_rechecks": 0.05949,
      "eligibility": 0.077573,
      "framing": 0.018916,
      "independent": 9.3263,
      "observation": 0.249384,
      "other": 0.054889999999999994,
      "shared_rechecks": 0.1052665
    },
    "phase_calls": {
      "derivation_rechecks": [
        2
      ],
      "eligibility": [
        2
      ],
      "framing": [
        2
      ],
      "independent": [
        1
      ],
      "observation": [
        886
      ],
      "other": [
        0
      ],
      "shared_rechecks": [
        1
      ]
    }
  },
  {
    "repeat": 1,
    "count": 3,
    "launch_ms": {
      "ordinary": 20.137169999999998,
      "profiled": 20.605227499999998
    },
    "instrumentation_delta_ms": 0.46805750000000046,
    "inventory_ms": 9.996812,
    "exclusive_phase_ms": {
      "derivation_rechecks": 0.08632300000000001,
      "eligibility": 0.11218800000000001,
      "framing": 0.0252745,
      "independent": 9.3485265,
      "observation": 0.24982749999999998,
      "other": 0.0645805,
      "shared_rechecks": 0.105239
    },
    "phase_calls": {
      "derivation_rechecks": [
        3
      ],
      "eligibility": [
        3
      ],
      "framing": [
        3
      ],
      "independent": [
        1
      ],
      "observation": [
        886
      ],
      "other": [
        0
      ],
      "shared_rechecks": [
        1
      ]
    }
  }
]
