    Checking rnx v0.0.0 (/home/me/work/rnx)
error: using `clone` on type `Kind` which implements the `Copy` trait
   --> src/complete.rs:161:48
    |
161 |             let previous = first.checked_sub(1).map(|p| tokens[p].0.clone());
    |                                                         ^^^^^^^^^^^^^^^^^^^ help: try removing the `clone` call: `tokens[p].0`
    |
    = help: for further information visit https://rust-lang.github.io/rust-clippy/rust-1.98.0/index.html#clone_on_copy
    = note: `-D clippy::clone-on-copy` implied by `-D warnings`
    = help: to override `-D warnings` add `#[allow(clippy::clone_on_copy)]`

error: this `if` statement can be collapsed
   --> src/complete.rs:181:5
    |
181 | /                 if let Some(start) = open.pop() {
182 | |                     if start < cursor && cursor < range.end {
183 | |                         return true;
184 | |                     }
185 | |                 }
    | |_________________^
    |
    = help: for further information visit https://rust-lang.github.io/rust-clippy/rust-1.98.0/index.html#collapsible_if
    = note: `-D clippy::collapsible-if` implied by `-D warnings`
    = help: to override `-D warnings` add `#[allow(clippy::collapsible_if)]`
help: collapse nested if block
    |
181 ~                 if let Some(start) = open.pop()
182 ~                     && start < cursor && cursor < range.end {
183 |                         return true;
184 ~                     }
    |

error: call to `std::mem::drop` with a value that does not implement `Drop`. Dropping such a type only extends its contained lifetimes
    --> src/host.rs:1130:2
     |
1130 |     drop(put);
     |     ^^^^^^^^^
     |
note: argument has type `{closure@src/host.rs:1103:16: 1103:64}`
    --> src/host.rs:1130:7
     |
1130 |     drop(put);
     |          ^^^
     = help: for further information visit https://rust-lang.github.io/rust-clippy/rust-1.98.0/index.html#drop_non_drop
     = note: `-D clippy::drop-non-drop` implied by `-D warnings`
     = help: to override `-D warnings` add `#[allow(clippy::drop_non_drop)]`

error: unneeded late initialization
   --> src/presentation.rs:270:3
    |
270 |         let style;
    |         ^^^^^^^^^^
    |
    = help: for further information visit https://rust-lang.github.io/rust-clippy/rust-1.98.0/index.html#needless_late_init
    = note: `-D clippy::needless-late-init` implied by `-D warnings`
    = help: to override `-D warnings` add `#[allow(clippy::needless_late_init)]`
help: move the declaration `style` here and remove the assignments from the branches
    |
270 ~
271 ~         let style = if rest.starts_with("//") {
272 |             at += rest.find('\n').unwrap_or(rest.len());
273 ~             Some(Style::Comment)
274 |         } else if rest.starts_with("/*") {
...
287 |             }
288 ~             Some(Style::Comment)
289 |         } else if matches!(c, '"' | '\'' | '`') || rest.starts_with("b\"") || rest.starts_with("b'")
...
308 |             }
309 ~             Some(Style::Literal)
310 |         } else if c.is_ascii_digit() {
...
326 |             }
327 ~             Some(Style::Number)
328 |         } else if unicode_ident::is_xid_start(c) || c == '_' {
...
336 |             }
337 ~             match &text[start..at] {
338 |                 "true" | "false" | "None" | "Some" => Some(Style::Number),
...
346 |                 _ => None,
347 ~             }
348 |         } else {
349 |             at += c.len_utf8();
350 ~             None
351 ~         };
    |

error: this `if` has identical blocks
   --> src/presentation.rs:314:49
    |
314 |                   if ch.is_ascii_alphanumeric() || ch == b'_' {
    |  _____________________________________________________________^
315 | |                     at += 1;
316 | |                 } else if ch == b'.' && text.as_bytes().get(at + 1).is_some_and(u8::is_ascii_digit)
    | |_________________^
    |
note: same as this
   --> src/presentation.rs:317:5
    |
317 | /                 {
318 | |                     at += 1;
319 | |                 } else if matches!(ch, b'+' | b'-')
    | |_________________^
    = help: for further information visit https://rust-lang.github.io/rust-clippy/rust-1.98.0/index.html#if_same_then_else
    = note: `-D clippy::if-same-then-else` implied by `-D warnings`
    = help: to override `-D warnings` add `#[allow(clippy::if_same_then_else)]`

error: this `if` has identical blocks
   --> src/presentation.rs:317:5
    |
317 | /                 {
318 | |                     at += 1;
319 | |                 } else if matches!(ch, b'+' | b'-')
    | |_________________^
    |
note: same as this
   --> src/presentation.rs:321:5
    |
321 | /                 {
322 | |                     at += 1;
323 | |                 } else {
    | |_________________^
    = help: for further information visit https://rust-lang.github.io/rust-clippy/rust-1.98.0/index.html#if_same_then_else

error: doc list item without indentation
   --> src/session.rs:180:5
    |
180 | /// A real token at the end, such as the `;` of `let x = ;`, keeps its span
    |     ^
    |
    = help: if this is supposed to be its own paragraph, add a blank line
    = help: for further information visit https://rust-lang.github.io/rust-clippy/rust-1.98.0/index.html#doc_lazy_continuation
    = note: `-D clippy::doc-lazy-continuation` implied by `-D warnings`
    = help: to override `-D warnings` add `#[allow(clippy::doc_lazy_continuation)]`
help: indent this line
    |
180 | ///   A real token at the end, such as the `;` of `let x = ;`, keeps its span
    |     ++

error: doc list item without indentation
   --> src/session.rs:181:5
    |
181 | /// when the input grows, so it is a diagnostic.
    |     ^
    |
    = help: if this is supposed to be its own paragraph, add a blank line
    = help: for further information visit https://rust-lang.github.io/rust-clippy/rust-1.98.0/index.html#doc_lazy_continuation
help: indent this line
    |
181 | ///   when the input grows, so it is a diagnostic.
    |     ++

error: this `if` statement can be collapsed
   --> src/session.rs:631:6
    |
631 | /                     if let Some(old) = declarations.get(name) {
632 | |                         if (old.is_type || is_type) && old.source != source {
633 | |                             return Err(self.refused_at(
634 | |                                 &format!(
...   |
641 | |                     }
    | |_____________________^
    |
    = help: for further information visit https://rust-lang.github.io/rust-clippy/rust-1.98.0/index.html#collapsible_if
help: collapse nested if block
    |
631 ~                     if let Some(old) = declarations.get(name)
632 ~                         && (old.is_type || is_type) && old.source != source {
633 |                             return Err(self.refused_at(
...
639 |                             ));
640 ~                         }
    |

error: stripping a prefix manually
    --> src/session.rs:1554:11
     |
1554 |             rest = &after[1..];
     |                    ^^^^^^^^^^^
     |
note: the prefix was tested here
    --> src/session.rs:1553:3
     |
1553 |         if after.starts_with('{') {
     |         ^^^^^^^^^^^^^^^^^^^^^^^^^^
     = help: for further information visit https://rust-lang.github.io/rust-clippy/rust-1.98.0/index.html#manual_strip
     = note: `-D clippy::manual-strip` implied by `-D warnings`
     = help: to override `-D warnings` add `#[allow(clippy::manual_strip)]`
help: try using the `strip_prefix` method
     |
1553 ~         if let Some(<stripped>) = after.strip_prefix('{') {
1554 ~             rest = <stripped>;
     |

error: this manual char comparison can be written more succinctly
    --> src/session.rs:1557:24
     |
1557 |         let end = after.find(|c| c == '}' || c == ':').unwrap_or(after.len());
     |                              ^^^^^^^^^^^^^^^^^^^^^^^^ help: consider using an array of `char`: `['}', ':']`
     |
     = help: for further information visit https://rust-lang.github.io/rust-clippy/rust-1.98.0/index.html#manual_pattern_char_comparison
     = note: `-D clippy::manual-pattern-char-comparison` implied by `-D warnings`
     = help: to override `-D warnings` add `#[allow(clippy::manual_pattern_char_comparison)]`

error: manual implementation of `.is_multiple_of()`
  --> src/text.rs:72:19
   |
72 |         if index > 0 && (digits.len() - index) % 3 == 0 {
   |                         ^^^^^^^^^^^^^^^^^^^^^^^^^^^^^^^ help: replace with: `(digits.len() - index).is_multiple_of(3)`
   |
   = help: for further information visit https://rust-lang.github.io/rust-clippy/rust-1.98.0/index.html#manual_is_multiple_of
   = note: `-D clippy::manual-is-multiple-of` implied by `-D warnings`
   = help: to override `-D warnings` add `#[allow(clippy::manual_is_multiple_of)]`

error: this `if` statement can be collapsed
   --> src/time.rs:175:3
    |
175 | /         if let Some(offset) = numeric_offset {
176 | |             if offset != z.offset() {
177 | |                 return Err(refuse(format!(
178 | |                     "numeric offset {offset} disagrees with zone offset {}",
...   |
182 | |         }
    | |_________^
    |
    = help: for further information visit https://rust-lang.github.io/rust-clippy/rust-1.98.0/index.html#collapsible_if
help: collapse nested if block
    |
175 ~         if let Some(offset) = numeric_offset
176 ~             && offset != z.offset() {
177 |                 return Err(refuse(format!(
...
180 |                 )));
181 ~             }
    |

error: could not compile `rnx` (lib) due to 13 previous errors
warning: build failed, waiting for other jobs to finish...
error: manual creation of a dangling pointer
   --> src/memory.rs:137:17
    |
137 |         let pointer = 1usize as *mut u8;
    |                       ^^^^^^^^^^^^^^^^^ help: use: `std::ptr::dangling_mut::<u8>()`
    |
    = help: for further information visit https://rust-lang.github.io/rust-clippy/rust-1.98.0/index.html#manual_dangling_ptr
    = note: `-D clippy::manual-dangling-ptr` implied by `-D warnings`
    = help: to override `-D warnings` add `#[allow(clippy::manual_dangling_ptr)]`

error: items after a test module
   --> src/worker.rs:288:1
    |
288 | mod tests {
    | ^^^^^^^^^
...
328 | fn test_pause(_: &str) {}
    | ^^^^^^^^^^^^^^^^^^^^^^
    |
    = help: for further information visit https://rust-lang.github.io/rust-clippy/rust-1.98.0/index.html#items_after_test_module
    = note: `-D clippy::items-after-test-module` implied by `-D warnings`
    = help: to override `-D warnings` add `#[allow(clippy::items_after_test_module)]`
    = help: move the items to before the test module was defined

error: could not compile `rnx` (lib test) due to 15 previous errors
