   Compiling serde_core v1.0.229
   Compiling portable-atomic v1.15.0
   Compiling zerocopy v0.8.57
    Checking critical-section v1.2.0
    Checking typenum v1.20.1
    Checking cfg-if v1.0.5
    Checking windows-link v0.2.1
    Checking pin-project-lite v0.2.17
    Checking winnow v1.0.4
    Checking futures-core v0.3.34
    Checking twox-hash v2.1.4
    Checking itoa v1.0.18
    Checking futures-task v0.3.34
    Checking slab v0.4.12
   Compiling num-traits v0.2.19
   Compiling generic-array v0.14.7
   Compiling serde v1.0.229
   Compiling ahash v0.8.12
   Compiling anyhow v1.0.104
   Compiling zmij v1.0.23
    Checking memchr v2.8.3
    Checking winnow v0.7.15
error[E0463]: can't find crate for `core`
  |
  = note: the `x86_64-pc-windows-gnu` target may not be installed
  = help: consider downloading the target with `rustup target add x86_64-pc-windows-gnu`

   Compiling serde_json v1.0.151
    Checking bytes v1.12.1
    Checking toml_writer v1.1.2+spec-1.1.0
For more information about this error, try `rustc --explain E0463`.
error: could not compile `windows-link` (lib) due to 1 previous error
warning: build failed, waiting for other jobs to finish...
error: could not compile `cfg-if` (lib) due to 1 previous error
error: could not compile `futures-core` (lib) due to 1 previous error
error: could not compile `critical-section` (lib) due to 1 previous error
error: could not compile `pin-project-lite` (lib) due to 1 previous error
error: could not compile `itoa` (lib) due to 1 previous error
error: could not compile `twox-hash` (lib) due to 1 previous error
error: could not compile `futures-task` (lib) due to 1 previous error
error: could not compile `slab` (lib) due to 1 previous error
error: could not compile `winnow` (lib) due to 1 previous error
error[E0463]: can't find crate for `std`
  |
  = note: the `x86_64-pc-windows-gnu` target may not be installed
  = help: consider downloading the target with `rustup target add x86_64-pc-windows-gnu`

error: could not compile `toml_writer` (lib) due to 1 previous error
error: could not compile `memchr` (lib) due to 1 previous error
error: could not compile `bytes` (lib) due to 1 previous error
error: could not compile `zerocopy` (lib) due to 1 previous error
error: could not compile `winnow` (lib) due to 1 previous error
error: could not compile `typenum` (lib) due to 1 previous error
