rehearsal: 0 occurrences
correctness: 42 identical
allocation: context delta -5801 context calls [32304, 26503] budgets {'numeric-budget-zero': [36659, 30858, 1], 'numeric-budget-default': [1036660, 1030859, 0], 'numeric-budget-unlimited': [1036661, 1030860, 0], 'numeric-budget-tight': [36773, 30972, 1]}
reproduction: gated rows within 2%; descriptive {'0169 fifo floor None': -3, '0169 fifo empty-context None': 2}
pmu done
calibration: {'true': -0.01, 'floor': -0.002}
wall done
DECISION STOP regressions [('run-numeric', 'wall', 0.08320466078327438), ('run-fib', 'instructions', 0.022828528899455414), ('run-fib', 'wall', 0.027309953271206222), ('run-calls', 'wall', 0.03071044471368478), ('run-range_signed', 'wall', 0.1558466705693342), ('run-range_negative', 'wall', 0.1620541730977456)] disagreements []
win instr {'context': '-7.24%', 'run-answer': '-6.50%'} context allocation delta -5801
floor: instr -0.057% wall +0.10% (band 0.152 ms)
empty-context: instr -0.010% wall +0.47% (band 0.148 ms)
context: instr -7.242% wall -5.51% (band 0.414 ms)
runtime: instr -6.890% wall -3.65% (band 0.471 ms)
compile-answer: instr -6.508% wall -3.74% (band 0.529 ms)
run-answer: instr -6.504% wall -4.26% (band 0.553 ms)
run-empty: instr -6.854% wall -4.22% (band 0.489 ms)
run-numeric: instr -0.793% wall +8.32% (band 1.788 ms)
run-fib: instr +2.283% wall +2.73% (band 0.908 ms)
run-strings: instr -0.950% wall +1.96% (band 1.329 ms)
run-while: instr -0.783% wall -0.23% (band 0.954 ms)
run-compare: instr -0.863% wall +0.48% (band 1.455 ms)
run-calls: instr +0.452% wall +3.07% (band 1.290 ms)
run-vector: instr -0.665% wall -0.13% (band 1.250 ms)
run-overwrite_inline: instr -3.497% wall -1.33% (band 1.239 ms)
run-overwrite_mixed: instr -0.942% wall -0.97% (band 0.888 ms)
run-overwrite_deep: instr -0.489% wall -3.80% (band 2.151 ms)
run-overwrite_alias: instr -6.419% wall -4.05% (band 0.538 ms)
run-range_signed: instr -0.831% wall +15.58% (band 5.064 ms)
run-range_negative: instr -0.831% wall +16.21% (band 4.873 ms)
run-range_while: instr -0.741% wall -0.62% (band 1.131 ms)
first-use-true: instr -3.479% wall -2.03% (band 0.789 ms)
first-use-false: instr -3.492% wall -2.16% (band 0.791 ms)
lua {'lua54-numeric': 6.333, 'lua54-while': 9.589, 'luajit-numeric': 8.268, 'luajit-while': 8.274}
PAIR p0 cand STOP
