{
  "root-default": {
    "passed": 375,
    "failed": 0,
    "ignored": 0
  },
  "root-support": {
    "passed": 418,
    "failed": 0,
    "ignored": 0
  },
  "root-combined": {
    "passed": 437,
    "failed": 0,
    "ignored": 0
  },
  "tool-default": {
    "passed": 40,
    "failed": 0,
    "ignored": 2
  },
  "tool-support": {
    "passed": 40,
    "failed": 0,
    "ignored": 2
  },
  "tool-opt-in-integrations": {
    "passed": 2,
    "failed": 0,
    "ignored": 0
  }
}
PASS source provenance, retained results and final evidence checks
