{
  "costs": {
    "first_lock_ms": 1622.578745,
    "cold_build_ms": 128673.149278,
    "second_lock_ms": 1067.506893,
    "ready_attachment_ms": 514.683462
  },
  "size": {
    "assembly": {
      "files": 3,
      "logical_bytes": 99128,
      "allocated_bytes": 110592
    },
    "target": {
      "files": 3116,
      "logical_bytes": 1601809334,
      "allocated_bytes": 1610424320
    },
    "artifacts": {
      "files": 1,
      "logical_bytes": 107436336,
      "allocated_bytes": 107438080
    },
    "entry_du_bytes": 1570086912,
    "entry_apparent_bytes": 1558707067
  }
}
