repeat 0 complete
repeat 1 complete
{
  "first": {
    "pipeline": {
      "default": [
        31.1623595,
        31.1435255
      ],
      "verify": [
        97.28132400000001,
        97.4970165
      ],
      "direct": [
        10.804189000000001,
        10.8914885
      ]
    },
    "eval": {
      "default": [
        26.830147,
        26.8009485
      ],
      "verify": [
        92.89070050000001,
        92.90153649999999
      ],
      "direct": [
        6.5400434999999995,
        6.580798
      ]
    },
    "session": {
      "default": [
        25.620165,
        25.571108000000002
      ],
      "verify": [
        91.613216,
        91.7347995
      ],
      "direct": [
        5.351976,
        5.3752885
      ]
    }
  },
  "second": {
    "pipeline": {
      "default": [
        31.287608499999997,
        31.295446499999997
      ],
      "verify": [
        97.386894,
        97.40913850000001
      ],
      "direct": [
        10.795094,
        10.832132999999999
      ]
    },
    "eval": {
      "default": [
        26.779607499999997,
        26.780548500000002
      ],
      "verify": [
        92.9837965,
        92.799055
      ],
      "direct": [
        6.586091,
        6.610153
      ]
    },
    "session": {
      "default": [
        25.553798999999998,
        25.4804825
      ],
      "verify": [
        91.370413,
        91.656424
      ],
      "direct": [
        5.286999,
        5.3726795
      ]
    }
  }
}
