[
  {
    "case": "rollback",
    "before": 2205220,
    "next": 2205220,
    "backends_after": 0
  },
  {
    "case": "rollback-loss",
    "before": 2205297,
    "next": 2205328,
    "backends_after": 0
  },
  {
    "case": "commit-loss",
    "before": 2205383,
    "next": 2205421,
    "backends_after": 0
  },
  {
    "case": "commit-cancel",
    "before": 2205462,
    "next": 2205481,
    "backends_after": 0
  },
  {
    "case": "cancel",
    "before": 2205526,
    "next": 2205526,
    "backends_after": 0
  },
  {
    "case": "connection-loss",
    "before": 2205582,
    "next": 2205595,
    "backends_after": 0
  },
  {
    "case": "budget",
    "before": 2205619,
    "next": 2205619,
    "backends_after": 0
  },
  {
    "case": "contention",
    "before": null,
    "next": null,
    "backends_after": 0
  }
]
