2147378 execve("/home/me/work/rnx-bench/probes/git-source-workflow/target/rnx-project", ["/home/me/work/rnx-bench/probes/g"..., "eval", "--manifest", "/home/me/work/rnx-bench/probes/g"..., "--", "42"], 0x7fff7d5bc4b8 /* 41 vars */) = 0
2147378 openat(AT_FDCWD, "/etc/ld.so.cache", O_RDONLY|O_CLOEXEC) = 3
2147378 openat(AT_FDCWD, "/usr/lib/x86_64-linux-gnu/libgcc_s.so.1", O_RDONLY|O_CLOEXEC) = 3
2147378 openat(AT_FDCWD, "/usr/lib/x86_64-linux-gnu/libc.so.6", O_RDONLY|O_CLOEXEC) = 3
2147378 openat(AT_FDCWD, "/proc/self/maps", O_RDONLY|O_CLOEXEC) = 3
2147378 openat(AT_FDCWD, "/home/me/work/rnx-bench/probes/git-source-workflow/target/tiny-b-clean/.rnx/command.lock", O_RDWR|O_CREAT|O_NONBLOCK|O_NOFOLLOW|O_CLOEXEC, 0600) = 3
2147378 openat(AT_FDCWD, "/home/me/work/rnx-bench/probes/git-source-workflow/target/tiny-b-clean/.rnx/.gitignore", O_WRONLY|O_CREAT|O_TRUNC|O_CLOEXEC, 0666) = 4
2147378 openat(AT_FDCWD, "/home/me/work/rnx-bench/probes/git-source-workflow/target/tiny-b-clean/rnx.lock", O_RDONLY|O_NONBLOCK|O_CLOEXEC) = 4
2147378 openat(AT_FDCWD, "/home/me/work/rnx-bench/probes/git-source-workflow/target/tiny-b-clean/rnx.lock", O_RDONLY|O_NONBLOCK|O_CLOEXEC) = 4
2147378 openat(AT_FDCWD, "/home/me/work/rnx-bench/probes/git-source-workflow/target/tiny-b-clean/rnx.Cargo.lock", O_RDONLY|O_NONBLOCK|O_CLOEXEC) = 4
2147378 openat(AT_FDCWD, "/home/me/work/rnx-bench/probes/git-source-workflow/target/tiny-b-clean/rnx.toml", O_RDONLY|O_NONBLOCK|O_CLOEXEC) = 4
2147378 openat(AT_FDCWD, "/home/me/work/rnx-bench/probes/git-source-workflow/target/tiny-b-clean/rnx.toml", O_RDONLY|O_NONBLOCK|O_CLOEXEC) = 4
2147378 openat(AT_FDCWD, "/home/me/work/rnx-bench/probes/git-source-workflow/target/tiny-b-clean/rnx.toml", O_RDONLY|O_NONBLOCK|O_CLOEXEC) = 4
2147378 openat(AT_FDCWD, "/home/me/work/rnx-bench/probes/git-source-workflow/target/tiny-b-clean/", O_RDONLY|O_NONBLOCK|O_CLOEXEC|O_DIRECTORY) = 4
2147378 openat(AT_FDCWD, "/home/me/work/rnx-bench/probes/git-source-workflow/target/tiny-b-clean/main.rn", O_RDONLY|O_NONBLOCK|O_NOFOLLOW|O_CLOEXEC) = 4
2147378 openat(AT_FDCWD, "/home/me/work/rnx-bench/probes/git-source-workflow/target/tiny-b-clean/rnx.toml", O_RDONLY|O_NONBLOCK|O_NOFOLLOW|O_CLOEXEC) = 4
2147378 openat(AT_FDCWD, "/home/me/work/rnx-bench/probes/git-source-workflow/target/tiny-b-clean/.rnx/receipt.json", O_RDONLY|O_NONBLOCK|O_CLOEXEC) = 4
2147378 openat(AT_FDCWD, "/home/me/work/rnx-bench/probes/git-source-workflow/target/cache/entries/8cf5aca362f1cfdee8619cbedab2d7170003a1955fba3e07d193bccfafdd9230/ready.json", O_RDONLY|O_NONBLOCK|O_NOFOLLOW|O_CLOEXEC) = 4
2147378 openat(AT_FDCWD, "/home/me/work/rnx-bench/probes/git-source-workflow/target/cache/entries/8cf5aca362f1cfdee8619cbedab2d7170003a1955fba3e07d193bccfafdd9230/artifacts/f9bdaac0c344aa087f4c79b876c6eed4baea00f153d6ab77362c9e25b34096d7", O_RDONLY|O_NONBLOCK|O_NOFOLLOW|O_CLOEXEC) = 4
2147378 execve("/home/me/work/rnx-bench/probes/git-source-workflow/target/cache/entries/8cf5aca362f1cfdee8619cbedab2d7170003a1955fba3e07d193bccfafdd9230/artifacts/f9bdaac0c344aa087f4c79b876c6eed4baea00f153d6ab77362c9e25b34096d7", ["/home/me/work/rnx-bench/probes/g"..., "eval", "42"], 0x64b3a5363070 /* 41 vars */) = 0
2147378 openat(AT_FDCWD, "/etc/ld.so.cache", O_RDONLY|O_CLOEXEC) = 3
2147378 openat(AT_FDCWD, "/usr/lib/x86_64-linux-gnu/libgcc_s.so.1", O_RDONLY|O_CLOEXEC) = 3
2147378 openat(AT_FDCWD, "/usr/lib/x86_64-linux-gnu/libc.so.6", O_RDONLY|O_CLOEXEC) = 3
2147378 openat(AT_FDCWD, "/proc/self/maps", O_RDONLY|O_CLOEXEC) = 3
