rehearsal: 0 occurrences
correctness: 396 identical
pmu done
calibration: {'true': -0.0, 'floor': -0.005}
wall done
i-base-p0-vs-base-p1 floor:-5.406% empty-context:-5.286% context:-1.205% runtime:-1.185% compile-answer:-1.143% run-answer:-1.143% run-empty:-1.160% run-numeric:+3.221% run-fib:+11.015% run-strings:-0.947% run-while:+10.905% run-compare:+11.443% run-calls:+8.800% run-vector:+8.472% run-overwrite_inline:+3.647% run-overwrite_mixed:+3.362% run-overwrite_deep:+2.806% run-overwrite_alias:-1.148%
i-base-p0-vs-base-p2 floor:-6.142% empty-context:-6.166% context:-8.414% runtime:-8.531% compile-answer:-8.610% run-answer:-8.609% run-empty:-8.507% run-numeric:-2.705% run-fib:+9.335% run-strings:-8.375% run-while:+8.347% run-compare:+8.835% run-calls:+6.989% run-vector:+5.729% run-overwrite_inline:+0.999% run-overwrite_mixed:-2.191% run-overwrite_deep:-2.592% run-overwrite_alias:-8.575%
i-base-p0-vs-base-p3 floor:-4.024% empty-context:-4.128% context:-9.209% runtime:-9.138% compile-answer:-9.061% run-answer:-9.064% run-empty:-9.130% run-numeric:-2.031% run-fib:+10.043% run-strings:-9.553% run-while:+9.735% run-compare:+10.291% run-calls:+7.936% run-vector:+6.874% run-overwrite_inline:+2.475% run-overwrite_mixed:-1.568% run-overwrite_deep:-2.177% run-overwrite_alias:-9.032%
ii-p0-base-vs-s71 floor:+0.065% empty-context:+0.050% context:+2.086% runtime:+1.803% compile-answer:+1.537% run-answer:+1.537% run-empty:+1.796% run-numeric:-2.759% run-fib:-3.757% run-strings:-1.563% run-while:-5.121% run-compare:-4.604% run-calls:-3.401% run-vector:-2.369% run-overwrite_inline:-4.862% run-overwrite_mixed:-1.823% run-overwrite_deep:-0.016% run-overwrite_alias:+1.514%
ii-p0-base-vs-s72 floor:-0.005% empty-context:-0.047% context:-3.625% runtime:-3.448% compile-answer:-3.252% run-answer:-3.251% run-empty:-3.425% run-numeric:-0.169% run-fib:-0.422% run-strings:-0.479% run-while:-0.697% run-compare:-0.807% run-calls:-0.448% run-vector:-0.508% run-overwrite_inline:-0.523% run-overwrite_mixed:-0.371% run-overwrite_deep:-0.538% run-overwrite_alias:-3.204%
ii-p1-base-vs-s71 floor:-0.111% empty-context:-0.011% context:-0.001% runtime:+0.001% compile-answer:+0.000% run-answer:-0.000% run-empty:-0.001% run-numeric:-4.131% run-fib:-9.685% run-strings:-1.055% run-while:-12.463% run-compare:-12.482% run-calls:-7.693% run-vector:-7.477% run-overwrite_inline:-5.997% run-overwrite_mixed:-5.471% run-overwrite_deep:-2.633% run-overwrite_alias:-0.000%
ii-p1-base-vs-s72 floor:+0.591% empty-context:+0.511% context:-3.451% runtime:-3.280% compile-answer:-3.093% run-answer:-3.090% run-empty:-3.258% run-numeric:-0.050% run-fib:-0.099% run-strings:-0.404% run-while:-0.072% run-compare:-0.048% run-calls:-0.047% run-vector:-0.064% run-overwrite_inline:-0.077% run-overwrite_mixed:-0.118% run-overwrite_deep:-0.349% run-overwrite_alias:-3.047%
ii-p2-base-vs-s71 floor:-0.033% empty-context:+0.042% context:+0.001% runtime:-0.000% compile-answer:-0.001% run-answer:+0.001% run-empty:+0.000% run-numeric:-4.616% run-fib:-10.322% run-strings:-1.169% run-while:-13.484% run-compare:-13.471% run-calls:-8.191% run-vector:-8.081% run-overwrite_inline:-6.415% run-overwrite_mixed:-6.068% run-overwrite_deep:-2.860% run-overwrite_alias:-0.002%
ii-p2-base-vs-s72 floor:-0.008% empty-context:-0.125% context:-2.940% runtime:-2.801% compile-answer:-2.640% run-answer:-2.640% run-empty:-2.780% run-numeric:-0.042% run-fib:-0.079% run-strings:-0.345% run-while:-0.058% run-compare:-0.039% run-calls:-0.038% run-vector:-0.052% run-overwrite_inline:-0.063% run-overwrite_mixed:-0.099% run-overwrite_deep:-0.291% run-overwrite_alias:-2.602%
ii-p3-base-vs-s71 floor:+0.004% empty-context:-0.012% context:+0.001% runtime:-0.000% compile-answer:-0.001% run-answer:-0.000% run-empty:-0.000% run-numeric:-4.236% run-fib:-9.839% run-strings:-1.087% run-while:-12.516% run-compare:-12.507% run-calls:-7.755% run-vector:-7.510% run-overwrite_inline:-5.980% run-overwrite_mixed:-5.663% run-overwrite_deep:-2.687% run-overwrite_alias:-0.001%
ii-p3-base-vs-s72 floor:-0.094% empty-context:+0.033% context:-2.954% runtime:-2.809% compile-answer:-2.643% run-answer:-2.642% run-empty:-2.787% run-numeric:-0.042% run-fib:-0.078% run-strings:-0.348% run-while:-0.057% run-compare:-0.038% run-calls:-0.037% run-vector:-0.051% run-overwrite_inline:-0.061% run-overwrite_mixed:-0.098% run-overwrite_deep:-0.288% run-overwrite_alias:-2.604%
eval-rnx-p0-vs-rnx-p1 eval-42:-2.273%
eval-rnx-p0-vs-rnx-p2 eval-42:-9.777%
eval-rnx-p0-vs-rnx-p3 eval-42:-10.254%
wall i-base-p0-vs-base-p1 floor:+2.63% empty-context:-3.82% context:-4.24% runtime:-5.35% compile-answer:-5.59% run-answer:-6.12% run-empty:-6.12% run-numeric:-9.02% run-fib:+13.68% run-strings:-5.83% run-while:+4.75% run-compare:+4.04% run-calls:+13.98% run-vector:+1.80% run-overwrite_inline:+3.15% run-overwrite_mixed:-8.46% run-overwrite_deep:-4.63% run-overwrite_alias:-5.50%
wall i-base-p0-vs-base-p2 floor:-7.09% empty-context:-5.17% context:-9.04% runtime:-8.97% compile-answer:-10.25% run-answer:-9.90% run-empty:-10.09% run-numeric:-15.81% run-fib:+15.52% run-strings:-15.17% run-while:+3.13% run-compare:+4.63% run-calls:+14.41% run-vector:+0.88% run-overwrite_inline:+1.75% run-overwrite_mixed:-10.62% run-overwrite_deep:-7.91% run-overwrite_alias:-9.74%
wall i-base-p0-vs-base-p3 floor:-8.17% empty-context:-7.53% context:-9.27% runtime:-10.21% compile-answer:-9.82% run-answer:-10.99% run-empty:-10.65% run-numeric:-15.84% run-fib:+14.62% run-strings:-16.61% run-while:+5.95% run-compare:+4.69% run-calls:+16.16% run-vector:+0.07% run-overwrite_inline:+2.92% run-overwrite_mixed:-9.89% run-overwrite_deep:-7.73% run-overwrite_alias:-10.42%
wall eval-rnx-p0-vs-rnx-p1 eval-42:-2.48%
wall eval-rnx-p0-vs-rnx-p2 eval-42:-6.65%
wall eval-rnx-p0-vs-rnx-p3 eval-42:-7.61%
