   Compiling unicode-ident v1.0.26
   Compiling serde_core v1.0.229
   Compiling cfg-if v1.0.5
    Checking critical-section v1.2.0
   Compiling serde v1.0.229
   Compiling ahash v0.8.12
   Compiling twox-hash v2.1.5
    Checking slab v0.4.12
    Checking futures-core v0.3.34
    Checking pin-project-lite v0.2.17
    Checking futures-task v0.3.34
    Checking syntree v0.18.0
    Checking ryu v1.0.23
    Checking itoa v1.0.18
    Checking portable-atomic v1.15.0
   Compiling zerocopy v0.8.59
   Compiling proc-macro2 v1.0.107
    Checking futures-util v0.3.34
    Checking once_cell v1.21.4
   Compiling quote v1.0.47
   Compiling syn v3.0.6
   Compiling syn v2.0.119
   Compiling pin-project-internal v1.1.13
   Compiling musli-macros v0.1.7
   Compiling serde_derive v1.0.229
   Compiling rune-alloc-macros v0.15.0 (/home/me/work/rune-w-0173/crates/rune-alloc-macros)
   Compiling rune-tracing-macros v0.15.0 (/home/me/work/rune-w-0173/crates/rune-tracing-macros)
   Compiling pin-project v1.1.13
    Checking rune-tracing v0.15.0 (/home/me/work/rune-w-0173/crates/rune-tracing)
   Compiling musli-core v0.1.7
    Checking rune-alloc v0.15.0 (/home/me/work/rune-w-0173/crates/rune-alloc)
    Checking rune-core v0.15.0 (/home/me/work/rune-w-0173/crates/rune-core)
   Compiling rune-macros v0.15.0 (/home/me/work/rune-w-0173/crates/rune-macros)
    Checking rune v0.15.0 (/home/me/work/rune-w-0173/crates/rune)
    Finished `dev` profile [unoptimized + debuginfo] target(s) in 17.95s
