
running 7 tests
test compile::context::startup_tests::item_display_bytes_are_frozen_before_the_candidate ... ok
test compile::context::startup_tests::direct_alias_names_match_the_frozen_display_or_fall_back ... ok
test compile::context::startup_tests::registration_order_matches_the_base ... ok
test compile::context::startup_tests::every_module_first_use_completes_with_and_without_stdio ... ok
test compile::context::startup_tests::custom_associated_constant_values_and_errors_are_unchanged ... ok
test compile::context::inventory_tests::registered_inventory_matches_the_golden ... ok
test compile::context::inventory_tests::inventory_comparison_detects_changes ... ok

test result: ok. 7 passed; 0 failed; 0 ignored; 0 measured; 166 filtered out; finished in 0.04s

   Compiling proc-macro2 v1.0.107
   Compiling unicode-ident v1.0.26
   Compiling quote v1.0.47
   Compiling zerocopy v0.8.59
   Compiling serde_core v1.0.229
   Compiling version_check v0.9.5
   Compiling libc v0.2.190
   Compiling portable-atomic v1.15.0
   Compiling cfg-if v1.0.5
   Compiling serde v1.0.229
   Compiling once_cell v1.21.4
   Compiling parking_lot_core v0.9.12
   Compiling critical-section v1.2.0
   Compiling zmij v1.0.23
   Compiling serde_json v1.0.151
   Compiling winnow v1.0.4
   Compiling smallvec v1.16.2
   Compiling pin-project-lite v0.2.17
   Compiling target-tuple v1.0.2
   Compiling scopeguard v1.2.0
   Compiling anyhow v1.0.104
   Compiling twox-hash v2.1.5
   Compiling futures-core v0.3.34
   Compiling memchr v2.8.3
   Compiling futures-task v0.3.34
   Compiling toml_writer v1.1.2+spec-1.1.0
   Compiling slab v0.4.12
   Compiling itoa v1.0.18
   Compiling lock_api v0.4.14
   Compiling glob v0.3.4
   Compiling termcolor v1.4.1
   Compiling bytes v1.12.1
   Compiling static_assertions v1.1.0
   Compiling ryu v1.0.23
   Compiling syntree v0.18.0
   Compiling futures-util v0.3.34
   Compiling ahash v0.8.12
   Compiling toml_parser v1.1.3+spec-1.1.0
   Compiling syn v3.0.6
   Compiling syn v2.0.119
   Compiling errno v0.3.14
   Compiling socket2 v0.6.5
   Compiling mio v1.2.4
   Compiling signal-hook-registry v1.4.8
   Compiling parking_lot v0.12.5
   Compiling toml_datetime v1.1.1+spec-1.1.0
   Compiling serde_spanned v1.1.1
   Compiling toml v1.1.6+spec-1.1.0
   Compiling futures-executor v0.3.34
   Compiling pin-project-internal v1.1.13
   Compiling serde_derive v1.0.229
   Compiling musli-macros v0.1.7
   Compiling rune-alloc-macros v0.15.0 (/home/me/work/rune-w-0173/crates/rune-alloc-macros)
   Compiling tokio-macros v2.7.2
   Compiling rune-tracing-macros v0.15.0 (/home/me/work/rune-w-0173/crates/rune-tracing-macros)
   Compiling rune-tracing v0.15.0 (/home/me/work/rune-w-0173/crates/rune-tracing)
   Compiling tokio v1.53.2
   Compiling pin-project v1.1.13
   Compiling musli-core v0.1.7
   Compiling trybuild v1.0.121
   Compiling rune-alloc v0.15.0 (/home/me/work/rune-w-0173/crates/rune-alloc)
   Compiling rune-core v0.15.0 (/home/me/work/rune-w-0173/crates/rune-core)
   Compiling rune-macros v0.15.0 (/home/me/work/rune-w-0173/crates/rune-macros)
   Compiling rune v0.15.0 (/home/me/work/rune-w-0173/crates/rune)
warning: method `into_kind` is never used
  --> crates/rune/src/compile/error.rs:71:19
   |
38 | impl Error {
   | ---------- method in this implementation
...
71 |     pub(crate) fn into_kind(self) -> ErrorKind {
   |                   ^^^^^^^^^
   |
   = note: `#[warn(dead_code)]` (part of `#[warn(unused)]`) on by default

warning: method `into_kind` is never used
  --> crates/rune/src/diagnostics/fatal.rs:49:19
   |
19 | impl FatalDiagnostic {
   | -------------------- method in this implementation
...
49 |     pub(crate) fn into_kind(self) -> FatalDiagnosticKind {
   |                   ^^^^^^^^^

warning: method `into_kind` is never used
  --> crates/rune/src/diagnostics/warning.rs:31:19
   |
18 | impl WarningDiagnostic {
   | ---------------------- method in this implementation
...
31 |     pub(crate) fn into_kind(self) -> WarningDiagnosticKind {
   |                   ^^^^^^^^^

warning: method `to_value` is never used
   --> crates/rune/src/runtime/const_value.rs:669:19
    |
666 | impl ConstValue {
    | --------------- method in this implementation
...
669 |     pub(crate) fn to_value(&self) -> Result<Value, RuntimeError> {
    |                   ^^^^^^^^

warning: method `worklist_capacity` is never used
   --> crates/rune/src/runtime/vm.rs:169:19
    |
123 | impl Vm {
    | ------- method in this implementation
...
169 |     pub(crate) fn worklist_capacity(&self) -> usize {
    |                   ^^^^^^^^^^^^^^^^^

warning: `rune` (lib test) generated 5 warnings
    Finished `release` profile [optimized] target(s) in 27.04s
     Running unittests src/lib.rs (/home/me/work/rnx-bench-w-0179d/probes/startup-0179/test-cand/release/deps/rune-e0e7f6d68531445d)
