   Compiling proc-macro2 v1.0.107
   Compiling unicode-ident v1.0.24
   Compiling quote v1.0.47
   Compiling version_check v0.9.5
   Compiling zerocopy v0.8.57
   Compiling serde_core v1.0.229
   Compiling autocfg v1.5.1
   Compiling portable-atomic v1.15.0
   Compiling serde v1.0.229
   Compiling libc v0.2.189
    Checking cfg-if v1.0.5
    Checking typenum v1.20.1
    Checking critical-section v1.2.0
   Compiling once_cell v1.21.4
   Compiling find-msvc-tools v0.1.12
   Compiling shlex v2.0.1
   Compiling twox-hash v2.1.4
   Compiling zmij v1.0.23
   Compiling anyhow v1.0.104
    Checking pin-project-lite v0.2.17
    Checking winnow v1.0.4
   Compiling serde_json v1.0.151
    Checking itoa v1.0.18
    Checking futures-task v0.3.34
    Checking memchr v2.8.3
    Checking futures-core v0.3.34
    Checking slab v0.4.12
    Checking arrayvec v0.7.8
    Checking winnow v0.7.15
    Checking constant_time_eq v0.4.2
    Checking cpufeatures v0.3.1
    Checking cpufeatures v0.2.17
    Checking syntree v0.18.0
   Compiling cc v1.4.6
    Checking bytes v1.12.1
    Checking toml_writer v1.1.2+spec-1.1.0
    Checking ryu v1.0.23
    Checking futures-util v0.3.34
    Checking toml_parser v1.1.3+spec-1.1.0
   Compiling ahash v0.8.12
   Compiling generic-array v0.14.7
   Compiling num-traits v0.2.19
    Checking block-buffer v0.10.4
    Checking crypto-common v0.1.7
   Compiling syn v2.0.119
   Compiling syn v3.0.5
    Checking digest v0.10.7
    Checking errno v0.3.14
    Checking mio v1.2.3
    Checking sha2 v0.10.9
    Checking signal-hook-registry v1.4.8
    Checking num-integer v0.1.47
    Checking num-complex v0.4.6
    Checking num-bigint v0.4.8
    Checking num-iter v0.1.46
    Checking serde_spanned v1.1.1
    Checking toml_datetime v0.7.5+spec-1.1.0
    Checking toml v0.9.12+spec-1.1.0
    Checking num-rational v0.4.2
    Checking num v0.4.3
   Compiling blake3 v1.8.7
   Compiling serde_derive v1.0.229
   Compiling tokio-macros v2.7.2
   Compiling pin-project-internal v1.1.13
   Compiling rune-alloc-macros v0.14.2
   Compiling musli-macros v0.0.124
   Compiling rune-tracing-macros v0.14.2
    Checking tokio v1.53.1
    Checking rune-tracing v0.14.2
   Compiling pin-project v1.1.13
    Checking rune-alloc v0.14.2
    Checking musli-core v0.0.124
    Checking musli v0.0.124
    Checking rune-core v0.14.2
   Compiling rune-macros v0.14.2
    Checking rune v0.14.2
    Checking rnx-project v0.0.0 (/home/me/work/rnx-bench/probes/shared-build-lifetime/target/product/tools/project)
    Finished `dev` profile [unoptimized] target(s) in 30.60s
