
running 9 tests
test files::tests::failed_write_and_flush_leave_created_file ... ok
test files::tests::header_and_data_use_same_open_file ... ok
test preview::tests::a_presenter_sink_gets_the_same_bounded_text_as_the_explicit_preview ... ok
test preview::tests::dimensions_and_row_column_boundaries ... ok
test preview::tests::inspection_is_bounded_by_structure_not_frame_size ... ok
test preview::tests::null_strings_and_numeric_spelling ... ok
test preview::tests::rendering_is_deterministic_and_leaves_the_frame_unchanged ... ok
test preview::tests::scalar_boundaries_and_escaping ... ok
test preview::tests::total_byte_boundary_and_complete_tokens ... ok

test result: ok. 9 passed; 0 failed; 0 ignored; 0 measured; 0 filtered out; finished in 0.40s


running 0 tests

test result: ok. 0 passed; 0 failed; 0 ignored; 0 measured; 0 filtered out; finished in 0.00s


running 0 tests

test result: ok. 0 passed; 0 failed; 0 ignored; 0 measured; 0 filtered out; finished in 0.00s

   Compiling rnx-polars v0.0.0 (/home/me/work/rnx/adapters/polars)
    Finished `test` profile [unoptimized] target(s) in 0.91s
     Running unittests src/lib.rs (adapters/polars/target/debug/deps/rnx_polars-eb84dc1e6ea7a937)
     Running unittests src/main.rs (adapters/polars/target/debug/deps/rnx_polars-f5dc4948349e49d0)
   Doc-tests rnx_polars
