
running 10 tests
test engine::tests::panic_is_joined_before_resuming_on_the_caller ... ok
test files::tests::failed_write_and_flush_leave_created_file ... ok
test files::tests::header_and_data_use_same_open_file ... ok
test preview::tests::a_presenter_sink_gets_the_same_bounded_text_as_the_explicit_preview ... ok
test preview::tests::dimensions_and_row_column_boundaries ... ok
test preview::tests::inspection_is_bounded_by_structure_not_frame_size ... ok
test preview::tests::null_strings_and_numeric_spelling ... ok
test preview::tests::rendering_is_deterministic_and_leaves_the_frame_unchanged ... ok
test preview::tests::scalar_boundaries_and_escaping ... ok
test preview::tests::total_byte_boundary_and_complete_tokens ... ok

test result: ok. 10 passed; 0 failed; 0 ignored; 0 measured; 0 filtered out; finished in 0.40s


running 0 tests

test result: ok. 0 passed; 0 failed; 0 ignored; 0 measured; 0 filtered out; finished in 0.00s


running 0 tests

test result: ok. 0 passed; 0 failed; 0 ignored; 0 measured; 0 filtered out; finished in 0.00s


running 2 tests
test every_oracle_shape_presents_exactly_the_explicit_preview ... ok
test lazy_values_stay_opaque_and_unexecuted_and_presentation_runs_no_engine ... ok

test result: ok. 2 passed; 0 failed; 0 ignored; 0 measured; 0 filtered out; finished in 0.33s


running 0 tests

test result: ok. 0 passed; 0 failed; 0 ignored; 0 measured; 0 filtered out; finished in 0.00s

    Finished `test` profile [unoptimized] target(s) in 0.18s
     Running unittests src/lib.rs (adapters/polars/target/debug/deps/rnx_polars-af9cfd9ac8743b6c)
     Running unittests src/main.rs (adapters/polars/target/debug/deps/rnx_polars-2919ef3103642e7a)
     Running unittests src/bin/fixture.rs (adapters/polars/target/debug/deps/rnx_polars_fixture-c90d9d29fad36859)
     Running tests/presentation.rs (adapters/polars/target/debug/deps/presentation-4e81dac51ec25c3c)
   Doc-tests rnx_polars
