p0-base context 27355056
p0-base run-numeric 1759601771
p0-base run-fib 834108466
p0-base run-calls 1780681404
p0-s75 context 27913379
p0-s75 run-numeric 1222060374
p0-s75 run-fib 905438920
p0-s75 run-calls 1851140072
p0-s76 context 27913433
p0-s76 run-numeric 1196060387
p0-s76 run-fib 899082757
p0-s76 run-calls 1838140106
p1-base context 27027057
p1-base run-numeric 1816253449
p1-base run-fib 925924949
p1-base run-calls 1937333063
p1-s75 context 27027362
p1-s75 run-numeric 1278253786
p1-s75 run-fib 946900736
p1-s75 run-calls 1978333392
p1-s76 context 27027362
p1-s76 run-numeric 1308253821
p1-s76 run-fib 946900745
p1-s76 run-calls 1983333398
