   Compiling proc-macro2 v1.0.107
   Compiling quote v1.0.47
   Compiling unicode-ident v1.0.26
   Compiling zerocopy v0.8.59
   Compiling version_check v0.9.5
   Compiling serde_core v1.0.229
   Compiling portable-atomic v1.15.0
   Compiling serde v1.0.229
   Compiling cfg-if v1.0.5
   Compiling critical-section v1.2.0
   Compiling futures-sink v0.3.34
   Compiling once_cell v1.21.4
   Compiling futures-core v0.3.34
   Compiling slab v0.4.12
   Compiling futures-io v0.3.34
   Compiling pin-project-lite v0.2.17
   Compiling futures-task v0.3.34
   Compiling memchr v2.8.3
   Compiling anyhow v1.0.104
   Compiling twox-hash v2.1.5
   Compiling ryu v1.0.23
   Compiling itoa v1.0.18
   Compiling syntree v0.18.0
   Compiling futures-channel v0.3.34
   Compiling ahash v0.8.12
   Compiling syn v3.0.6
   Compiling syn v2.0.119
   Compiling pin-project-internal v1.1.13
   Compiling musli-macros v0.1.7
   Compiling serde_derive v1.0.229
   Compiling rune-alloc-macros v0.15.0 (/home/me/work/rune-w-0173/crates/rune-alloc-macros)
   Compiling futures-macro v0.3.34
   Compiling rune-tracing-macros v0.15.0 (/home/me/work/rune-w-0173/crates/rune-tracing-macros)
   Compiling pin-project v1.1.13
   Compiling rune-tracing v0.15.0 (/home/me/work/rune-w-0173/crates/rune-tracing)
   Compiling futures-util v0.3.34
   Compiling musli-core v0.1.7
   Compiling rune-alloc v0.15.0 (/home/me/work/rune-w-0173/crates/rune-alloc)
   Compiling futures-executor v0.3.34
   Compiling futures v0.3.34
   Compiling rune-core v0.15.0 (/home/me/work/rune-w-0173/crates/rune-core)
   Compiling rune-macros v0.15.0 (/home/me/work/rune-w-0173/crates/rune-macros)
   Compiling rune v0.15.0 (/home/me/work/rune-w-0173/crates/rune)
   Compiling rune-base-new v0.0.0 (/home/me/work/rnx-bench-w-0173/probes/build-perturbation-0173/harness)
    Finished `release` profile [optimized] target(s) in 34.85s
a0 3e7d4da9ce908eeb7e0e1ac119dec24f68d5449a 7a66b042e8656c4a0cbb4c4641b827c34c6f458bc1e442e87b556612d8d05014 text=3f829d83686e78bb17d10770c354b63be7cdd6d7c69f93f99a9a6120d886eef1
   Compiling proc-macro2 v1.0.107
   Compiling quote v1.0.47
   Compiling unicode-ident v1.0.26
   Compiling zerocopy v0.8.59
   Compiling version_check v0.9.5
   Compiling serde_core v1.0.229
   Compiling portable-atomic v1.15.0
   Compiling serde v1.0.229
   Compiling futures-core v0.3.34
   Compiling critical-section v1.2.0
   Compiling once_cell v1.21.4
   Compiling cfg-if v1.0.5
   Compiling futures-sink v0.3.34
   Compiling slab v0.4.12
   Compiling pin-project-lite v0.2.17
   Compiling memchr v2.8.3
   Compiling futures-io v0.3.34
   Compiling futures-task v0.3.34
   Compiling anyhow v1.0.104
   Compiling twox-hash v2.1.5
   Compiling syntree v0.18.0
   Compiling itoa v1.0.18
   Compiling ryu v1.0.23
   Compiling futures-channel v0.3.34
   Compiling ahash v0.8.12
   Compiling syn v3.0.6
   Compiling syn v2.0.119
   Compiling pin-project-internal v1.1.13
   Compiling serde_derive v1.0.229
   Compiling musli-macros v0.1.7
   Compiling rune-alloc-macros v0.15.0 (/home/me/work/rune-w-0173/crates/rune-alloc-macros)
   Compiling futures-macro v0.3.34
   Compiling rune-tracing-macros v0.15.0 (/home/me/work/rune-w-0173/crates/rune-tracing-macros)
   Compiling pin-project v1.1.13
   Compiling rune-tracing v0.15.0 (/home/me/work/rune-w-0173/crates/rune-tracing)
   Compiling futures-util v0.3.34
   Compiling musli-core v0.1.7
   Compiling rune-alloc v0.15.0 (/home/me/work/rune-w-0173/crates/rune-alloc)
   Compiling futures-executor v0.3.34
   Compiling futures v0.3.34
   Compiling rune-core v0.15.0 (/home/me/work/rune-w-0173/crates/rune-core)
   Compiling rune-macros v0.15.0 (/home/me/work/rune-w-0173/crates/rune-macros)
   Compiling rune v0.15.0 (/home/me/work/rune-w-0173/crates/rune)
   Compiling rune-base-new v0.0.0 (/home/me/work/rnx-bench-w-0173/probes/build-perturbation-0173/harness)
    Finished `release` profile [optimized] target(s) in 34.62s
a1 3e7d4da9ce908eeb7e0e1ac119dec24f68d5449a 7a66b042e8656c4a0cbb4c4641b827c34c6f458bc1e442e87b556612d8d05014 text=3f829d83686e78bb17d10770c354b63be7cdd6d7c69f93f99a9a6120d886eef1
   Compiling proc-macro2 v1.0.107
   Compiling quote v1.0.47
   Compiling unicode-ident v1.0.26
   Compiling zerocopy v0.8.59
   Compiling version_check v0.9.5
   Compiling portable-atomic v1.15.0
   Compiling serde_core v1.0.229
   Compiling serde v1.0.229
   Compiling futures-core v0.3.34
   Compiling critical-section v1.2.0
   Compiling cfg-if v1.0.5
   Compiling futures-sink v0.3.34
   Compiling once_cell v1.21.4
   Compiling futures-task v0.3.34
   Compiling futures-io v0.3.34
   Compiling slab v0.4.12
   Compiling pin-project-lite v0.2.17
   Compiling memchr v2.8.3
   Compiling twox-hash v2.1.5
   Compiling anyhow v1.0.104
   Compiling ryu v1.0.23
   Compiling syntree v0.18.0
   Compiling itoa v1.0.18
   Compiling futures-channel v0.3.34
   Compiling ahash v0.8.12
   Compiling syn v3.0.6
   Compiling syn v2.0.119
   Compiling pin-project-internal v1.1.13
   Compiling serde_derive v1.0.229
   Compiling musli-macros v0.1.7
   Compiling rune-alloc-macros v0.15.0 (/home/me/work/rune-w-0173/crates/rune-alloc-macros)
   Compiling futures-macro v0.3.34
   Compiling rune-tracing-macros v0.15.0 (/home/me/work/rune-w-0173/crates/rune-tracing-macros)
   Compiling pin-project v1.1.13
   Compiling rune-tracing v0.15.0 (/home/me/work/rune-w-0173/crates/rune-tracing)
   Compiling futures-util v0.3.34
   Compiling musli-core v0.1.7
   Compiling rune-alloc v0.15.0 (/home/me/work/rune-w-0173/crates/rune-alloc)
   Compiling futures-executor v0.3.34
   Compiling futures v0.3.34
   Compiling rune-core v0.15.0 (/home/me/work/rune-w-0173/crates/rune-core)
   Compiling rune-macros v0.15.0 (/home/me/work/rune-w-0173/crates/rune-macros)
   Compiling rune v0.15.0 (/home/me/work/rune-w-0173/crates/rune)
   Compiling rune-base-new v0.0.0 (/home/me/work/rnx-bench-w-0173/probes/build-perturbation-0173/harness)
    Finished `release` profile [optimized] target(s) in 34.75s
a2 3e7d4da9ce908eeb7e0e1ac119dec24f68d5449a 7a66b042e8656c4a0cbb4c4641b827c34c6f458bc1e442e87b556612d8d05014 text=3f829d83686e78bb17d10770c354b63be7cdd6d7c69f93f99a9a6120d886eef1
   Compiling proc-macro2 v1.0.107
   Compiling unicode-ident v1.0.26
   Compiling quote v1.0.47
   Compiling zerocopy v0.8.59
   Compiling version_check v0.9.5
   Compiling portable-atomic v1.15.0
   Compiling serde_core v1.0.229
   Compiling serde v1.0.229
   Compiling critical-section v1.2.0
   Compiling futures-sink v0.3.34
   Compiling cfg-if v1.0.5
   Compiling once_cell v1.21.4
   Compiling futures-core v0.3.34
   Compiling memchr v2.8.3
   Compiling slab v0.4.12
   Compiling futures-io v0.3.34
   Compiling futures-task v0.3.34
   Compiling pin-project-lite v0.2.17
   Compiling anyhow v1.0.104
   Compiling twox-hash v2.1.5
   Compiling ryu v1.0.23
   Compiling itoa v1.0.18
   Compiling syntree v0.18.0
   Compiling futures-channel v0.3.34
   Compiling ahash v0.8.12
   Compiling syn v3.0.6
   Compiling syn v2.0.119
   Compiling pin-project-internal v1.1.13
   Compiling musli-macros v0.1.7
   Compiling serde_derive v1.0.229
   Compiling rune-alloc-macros v0.15.0 (/home/me/work/rune-w-0173/crates/rune-alloc-macros)
   Compiling futures-macro v0.3.34
   Compiling rune-tracing-macros v0.15.0 (/home/me/work/rune-w-0173/crates/rune-tracing-macros)
   Compiling pin-project v1.1.13
   Compiling rune-tracing v0.15.0 (/home/me/work/rune-w-0173/crates/rune-tracing)
   Compiling futures-util v0.3.34
   Compiling musli-core v0.1.7
   Compiling rune-alloc v0.15.0 (/home/me/work/rune-w-0173/crates/rune-alloc)
   Compiling futures-executor v0.3.34
   Compiling futures v0.3.34
   Compiling rune-core v0.15.0 (/home/me/work/rune-w-0173/crates/rune-core)
   Compiling rune-macros v0.15.0 (/home/me/work/rune-w-0173/crates/rune-macros)
   Compiling rune v0.15.0 (/home/me/work/rune-w-0173/crates/rune)
   Compiling rune-base-new v0.0.0 (/home/me/work/rnx-bench-w-0173/probes/build-perturbation-0173/harness)
    Finished `release` profile [optimized] target(s) in 35.03s
c0 20aeb673ce7eee0831fcd7961b6729a252e4418a 1f61f947df7488f6418777edc2ba570d76c94167976357c2fe2c5ea039280c33 text=3f829d83686e78bb17d10770c354b63be7cdd6d7c69f93f99a9a6120d886eef1
   Compiling proc-macro2 v1.0.107
   Compiling quote v1.0.47
   Compiling unicode-ident v1.0.26
   Compiling zerocopy v0.8.59
   Compiling version_check v0.9.5
   Compiling serde_core v1.0.229
   Compiling portable-atomic v1.15.0
   Compiling serde v1.0.229
   Compiling critical-section v1.2.0
   Compiling once_cell v1.21.4
   Compiling futures-core v0.3.34
   Compiling futures-sink v0.3.34
   Compiling cfg-if v1.0.5
   Compiling futures-task v0.3.34
   Compiling slab v0.4.12
   Compiling memchr v2.8.3
   Compiling pin-project-lite v0.2.17
   Compiling futures-io v0.3.34
   Compiling anyhow v1.0.104
   Compiling twox-hash v2.1.5
   Compiling syntree v0.18.0
   Compiling itoa v1.0.18
   Compiling ryu v1.0.23
   Compiling futures-channel v0.3.34
   Compiling ahash v0.8.12
   Compiling syn v3.0.6
   Compiling syn v2.0.119
   Compiling pin-project-internal v1.1.13
   Compiling musli-macros v0.1.7
   Compiling serde_derive v1.0.229
   Compiling rune-alloc-macros v0.15.0 (/home/me/work/rune-w-0173/crates/rune-alloc-macros)
   Compiling futures-macro v0.3.34
   Compiling rune-tracing-macros v0.15.0 (/home/me/work/rune-w-0173/crates/rune-tracing-macros)
   Compiling pin-project v1.1.13
   Compiling rune-tracing v0.15.0 (/home/me/work/rune-w-0173/crates/rune-tracing)
   Compiling futures-util v0.3.34
   Compiling musli-core v0.1.7
   Compiling rune-alloc v0.15.0 (/home/me/work/rune-w-0173/crates/rune-alloc)
   Compiling futures-executor v0.3.34
   Compiling futures v0.3.34
   Compiling rune-core v0.15.0 (/home/me/work/rune-w-0173/crates/rune-core)
   Compiling rune-macros v0.15.0 (/home/me/work/rune-w-0173/crates/rune-macros)
   Compiling rune v0.15.0 (/home/me/work/rune-w-0173/crates/rune)
   Compiling rune-base-new v0.0.0 (/home/me/work/rnx-bench-w-0173/probes/build-perturbation-0173/harness)
    Finished `release` profile [optimized] target(s) in 34.84s
c1 420fdfcc5264a52ef4c5092ab94fba04553897e1 7a66b042e8656c4a0cbb4c4641b827c34c6f458bc1e442e87b556612d8d05014 text=3f829d83686e78bb17d10770c354b63be7cdd6d7c69f93f99a9a6120d886eef1
   Compiling proc-macro2 v1.0.107
   Compiling unicode-ident v1.0.26
   Compiling quote v1.0.47
   Compiling zerocopy v0.8.59
   Compiling version_check v0.9.5
   Compiling portable-atomic v1.15.0
   Compiling serde_core v1.0.229
   Compiling serde v1.0.229
   Compiling critical-section v1.2.0
   Compiling futures-sink v0.3.34
   Compiling once_cell v1.21.4
   Compiling cfg-if v1.0.5
   Compiling futures-core v0.3.34
   Compiling futures-io v0.3.34
   Compiling futures-task v0.3.34
   Compiling memchr v2.8.3
   Compiling pin-project-lite v0.2.17
   Compiling slab v0.4.12
   Compiling twox-hash v2.1.5
   Compiling anyhow v1.0.104
   Compiling itoa v1.0.18
   Compiling syntree v0.18.0
   Compiling ryu v1.0.23
   Compiling futures-channel v0.3.34
   Compiling ahash v0.8.12
   Compiling syn v3.0.6
   Compiling syn v2.0.119
   Compiling pin-project-internal v1.1.13
   Compiling serde_derive v1.0.229
   Compiling musli-macros v0.1.7
   Compiling rune-alloc-macros v0.15.0 (/home/me/work/rune-w-0173/crates/rune-alloc-macros)
   Compiling futures-macro v0.3.34
   Compiling rune-tracing-macros v0.15.0 (/home/me/work/rune-w-0173/crates/rune-tracing-macros)
   Compiling pin-project v1.1.13
   Compiling rune-tracing v0.15.0 (/home/me/work/rune-w-0173/crates/rune-tracing)
   Compiling futures-util v0.3.34
   Compiling musli-core v0.1.7
   Compiling rune-alloc v0.15.0 (/home/me/work/rune-w-0173/crates/rune-alloc)
   Compiling futures-executor v0.3.34
   Compiling futures v0.3.34
   Compiling rune-core v0.15.0 (/home/me/work/rune-w-0173/crates/rune-core)
   Compiling rune-macros v0.15.0 (/home/me/work/rune-w-0173/crates/rune-macros)
   Compiling rune v0.15.0 (/home/me/work/rune-w-0173/crates/rune)
   Compiling rune-base-new v0.0.0 (/home/me/work/rnx-bench-w-0173/probes/build-perturbation-0173/harness)
    Finished `release` profile [optimized] target(s) in 34.83s
c2 7f84fb769a7a42a25612b5350d0ced95e4b79e32 7a66b042e8656c4a0cbb4c4641b827c34c6f458bc1e442e87b556612d8d05014 text=3f829d83686e78bb17d10770c354b63be7cdd6d7c69f93f99a9a6120d886eef1
   Compiling proc-macro2 v1.0.107
   Compiling quote v1.0.47
   Compiling unicode-ident v1.0.26
   Compiling zerocopy v0.8.59
   Compiling version_check v0.9.5
   Compiling serde_core v1.0.229
   Compiling portable-atomic v1.15.0
   Compiling serde v1.0.229
   Compiling once_cell v1.21.4
   Compiling futures-core v0.3.34
   Compiling futures-sink v0.3.34
   Compiling critical-section v1.2.0
   Compiling cfg-if v1.0.5
   Compiling slab v0.4.12
   Compiling futures-task v0.3.34
   Compiling memchr v2.8.3
   Compiling pin-project-lite v0.2.17
   Compiling futures-io v0.3.34
   Compiling anyhow v1.0.104
   Compiling twox-hash v2.1.5
   Compiling syntree v0.18.0
   Compiling itoa v1.0.18
   Compiling ryu v1.0.23
   Compiling futures-channel v0.3.34
   Compiling ahash v0.8.12
   Compiling syn v3.0.6
   Compiling syn v2.0.119
   Compiling pin-project-internal v1.1.13
   Compiling serde_derive v1.0.229
   Compiling musli-macros v0.1.7
   Compiling rune-alloc-macros v0.15.0 (/home/me/work/rune-w-0173/crates/rune-alloc-macros)
   Compiling futures-macro v0.3.34
   Compiling rune-tracing-macros v0.15.0 (/home/me/work/rune-w-0173/crates/rune-tracing-macros)
   Compiling pin-project v1.1.13
   Compiling rune-tracing v0.15.0 (/home/me/work/rune-w-0173/crates/rune-tracing)
   Compiling futures-util v0.3.34
   Compiling musli-core v0.1.7
   Compiling rune-alloc v0.15.0 (/home/me/work/rune-w-0173/crates/rune-alloc)
   Compiling futures-executor v0.3.34
   Compiling futures v0.3.34
   Compiling rune-core v0.15.0 (/home/me/work/rune-w-0173/crates/rune-core)
   Compiling rune-macros v0.15.0 (/home/me/work/rune-w-0173/crates/rune-macros)
   Compiling rune v0.15.0 (/home/me/work/rune-w-0173/crates/rune)
   Compiling rune-base-new v0.0.0 (/home/me/work/rnx-bench-w-0173/probes/build-perturbation-0173/harness)
    Finished `release` profile [optimized] target(s) in 34.68s
c3 59aba32ea330c0efb521e685092550fcc24038a3 ebdadf383a4b895d25bb67ce44a92097216b179a1b60ec8777b813b47f8c5f49 text=66c3fe31082bae11838e64f03f6c791a5acd91fb89f09cfe9eb2443c9cf4c87b
   Compiling proc-macro2 v1.0.107
   Compiling unicode-ident v1.0.26
   Compiling quote v1.0.47
   Compiling zerocopy v0.8.59
   Compiling version_check v0.9.5
   Compiling serde_core v1.0.229
   Compiling portable-atomic v1.15.0
   Compiling serde v1.0.229
   Compiling cfg-if v1.0.5
   Compiling once_cell v1.21.4
   Compiling futures-core v0.3.34
   Compiling critical-section v1.2.0
   Compiling futures-sink v0.3.34
   Compiling futures-io v0.3.34
   Compiling memchr v2.8.3
   Compiling pin-project-lite v0.2.17
   Compiling slab v0.4.12
   Compiling futures-task v0.3.34
   Compiling twox-hash v2.1.5
   Compiling anyhow v1.0.104
   Compiling ryu v1.0.23
   Compiling syntree v0.18.0
   Compiling itoa v1.0.18
   Compiling futures-channel v0.3.34
   Compiling ahash v0.8.12
   Compiling syn v3.0.6
   Compiling syn v2.0.119
   Compiling pin-project-internal v1.1.13
   Compiling serde_derive v1.0.229
   Compiling musli-macros v0.1.7
   Compiling rune-alloc-macros v0.15.0 (/home/me/work/rune-w-0173/crates/rune-alloc-macros)
   Compiling futures-macro v0.3.34
   Compiling rune-tracing-macros v0.15.0 (/home/me/work/rune-w-0173/crates/rune-tracing-macros)
   Compiling rune-tracing v0.15.0 (/home/me/work/rune-w-0173/crates/rune-tracing)
   Compiling pin-project v1.1.13
   Compiling futures-util v0.3.34
   Compiling musli-core v0.1.7
   Compiling rune-alloc v0.15.0 (/home/me/work/rune-w-0173/crates/rune-alloc)
   Compiling futures-executor v0.3.34
   Compiling futures v0.3.34
   Compiling rune-core v0.15.0 (/home/me/work/rune-w-0173/crates/rune-core)
   Compiling rune-macros v0.15.0 (/home/me/work/rune-w-0173/crates/rune-macros)
   Compiling rune v0.15.0 (/home/me/work/rune-w-0173/crates/rune)
   Compiling rune-base-new v0.0.0 (/home/me/work/rnx-bench-w-0173/probes/build-perturbation-0173/harness)
    Finished `release` profile [optimized] target(s) in 34.44s
c4 1e2b9ac2e1460f48687580421f3bd0349e0be1af 7a66b042e8656c4a0cbb4c4641b827c34c6f458bc1e442e87b556612d8d05014 text=3f829d83686e78bb17d10770c354b63be7cdd6d7c69f93f99a9a6120d886eef1
