   Compiling cmov v0.5.4
   Compiling const-oid v0.10.2
   Compiling tinyvec_macros v0.1.1
   Compiling unicode-properties v0.1.4
   Compiling unicode-bidi v0.3.18
   Compiling fallible-iterator v0.2.0
   Compiling byteorder v1.5.0
   Compiling phf_shared v0.13.1
   Compiling whoami v2.1.3
   Compiling tinyvec v1.13.2
   Compiling phf v0.13.1
   Compiling ctutils v0.4.2
   Compiling digest v0.11.3
   Compiling unicode-normalization v0.1.25
   Compiling digest-io v0.1.0
   Compiling md-5 v0.11.0
   Compiling hmac v0.13.0
   Compiling sha2 v0.11.0
   Compiling polars-plan v0.55.2
   Compiling stringprep v0.1.5
   Compiling postgres-protocol v0.6.12
   Compiling postgres-types v0.2.14
   Compiling tokio-postgres v0.7.18
   Compiling rnx-postgres v0.0.0 (/home/me/work/rnx/adapters/postgres)
   Compiling polars-expr v0.55.2
   Compiling polars-mem-engine v0.55.2
   Compiling polars-stream v0.55.2
   Compiling polars-lazy v0.55.2
   Compiling polars v0.55.2
   Compiling rnx-polars v0.0.0 (/home/me/work/rnx/adapters/polars)
   Compiling rnx-app-852905028950b9d3 v0.0.0 (/home/me/work/rnx-bench/probes/shared-build/target/builds/s2-both-seeded-disc)
    Finished `release` profile [optimized] target(s) in 37.22s
