   Compiling unicode-ident v1.0.24
   Compiling cfg-if v1.0.4
   Compiling find-msvc-tools v0.1.12
   Compiling smallvec v1.16.0
   Compiling rustls v0.23.44
   Compiling bitflags v2.13.1
   Compiling zlib-rs v0.6.7
   Compiling zerocopy v0.8.56
   Compiling getrandom v0.2.17
   Compiling crc32fast v1.5.2
   Compiling getrandom v0.4.3
   Compiling chacha20 v0.10.2
   Compiling cmov v0.5.4
   Compiling const-oid v0.10.2
   Compiling tinyvec_macros v0.1.1
   Compiling thread_local v1.1.10
   Compiling proc-macro2 v1.0.107
   Compiling unicode-bidi v0.3.18
   Compiling unicode-properties v0.1.4
   Compiling sha2 v0.11.0
   Compiling tinyvec v1.13.2
   Compiling byteorder v1.5.0
   Compiling fallible-iterator v0.2.0
   Compiling phf_shared v0.13.1
   Compiling whoami v2.1.3
   Compiling cc v1.4.5
   Compiling raw-cpuid v11.6.0
   Compiling rustix v1.1.5
   Compiling nix v0.31.3
   Compiling uuid v1.26.1
   Compiling parking_lot_core v0.9.12
   Compiling nibble_vec v0.1.0
   Compiling rand v0.10.2
   Compiling ctutils v0.4.2
   Compiling radix_trie v0.3.0
   Compiling parking_lot v0.12.5
   Compiling digest v0.11.3
   Compiling phf v0.13.1
   Compiling unicode-normalization v0.1.25
   Compiling quote v1.0.47
   Compiling digest-io v0.1.0
   Compiling md-5 v0.11.0
   Compiling hmac v0.13.0
   Compiling syn v3.0.5
   Compiling syn v2.0.119
   Compiling stringprep v0.1.5
   Compiling rand_distr v0.6.0
   Compiling polars-plan v0.55.2
   Compiling ring v0.17.14
   Compiling psm v0.1.32
   Compiling stacker v0.1.25
   Compiling zstd-sys v2.1.0+zstd.1.5.7
   Compiling lz4-sys v1.11.1+lz4-1.10.0
   Compiling blake3 v1.8.7
   Compiling serde_stacker v0.1.14
   Compiling flate2 v1.1.10
   Compiling fs4 v1.1.0
   Compiling compression-codecs v0.4.41
   Compiling synstructure v0.13.2
   Compiling ahash v0.8.12
   Compiling zerofrom-derive v0.1.7
   Compiling yoke-derive v0.8.2
   Compiling tracing-attributes v0.1.31
   Compiling zerocopy-derive v0.8.56
   Compiling num-derive v0.4.2
   Compiling strum_macros v0.28.0
   Compiling pin-project-internal v1.1.13
   Compiling async-stream-impl v0.3.6
   Compiling rune-alloc-macros v0.14.2
   Compiling serde_derive v1.0.229
   Compiling zerovec-derive v0.11.6
   Compiling tokio-macros v2.7.2
   Compiling displaydoc v0.2.7
   Compiling futures-macro v0.3.34
   Compiling zerofrom v0.1.8
   Compiling async-trait v0.1.92
   Compiling thiserror-impl v2.0.20
   Compiling yoke v0.8.3
   Compiling tracing v0.1.44
   Compiling bytemuck_derive v1.12.1
   Compiling async-stream v0.3.6
   Compiling recursive-proc-macro-impl v0.1.1
   Compiling pin-project v1.1.13
   Compiling musli-macros v0.0.124
   Compiling zerotrie v0.2.5
   Compiling futures-util v0.3.34
   Compiling rune-tracing-macros v0.14.2
   Compiling recursive v0.1.1
   Compiling rustyline-derive v0.12.0
   Compiling rune-tracing v0.14.2
   Compiling zerovec v0.11.8
   Compiling thiserror v2.0.20
   Compiling rustyline v18.0.1
   Compiling bytemuck v1.25.2
   Compiling tinystr v0.8.4
   Compiling potential_utf v0.1.6
   Compiling icu_collections v2.3.0
   Compiling icu_locale_core v2.3.0
   Compiling rustls-webpki v0.103.15
   Compiling serde v1.0.229
   Compiling musli-core v0.0.124
   Compiling lz4 v1.28.1
   Compiling rune-alloc v0.14.2
   Compiling bytes v1.12.1
   Compiling serde_urlencoded v0.7.1
   Compiling chrono v0.4.45
   Compiling quick-xml v0.39.4
   Compiling polars-arrow-format v0.2.1
   Compiling rmp-serde v1.3.1
   Compiling bincode v2.0.1
   Compiling compact_str v0.9.1
   Compiling icu_provider v2.3.1
   Compiling futures-executor v0.3.34
   Compiling tokio v1.53.1
   Compiling http v1.5.0
   Compiling postgres-protocol v0.6.12
   Compiling futures v0.3.34
   Compiling icu_normalizer v2.3.0
   Compiling icu_properties v2.3.0
   Compiling polars-parquet-format v0.1.0
   Compiling postgres-types v0.2.14
   Compiling http-body v1.1.0
   Compiling musli v0.0.124
   Compiling http-body-util v0.1.5
   Compiling chrono-tz v0.10.4
   Compiling now v0.1.3
   Compiling half v2.7.1
   Compiling idna_adapter v1.2.2
   Compiling idna v1.1.0
   Compiling url v2.5.8
   Compiling argminmax v0.6.3
   Compiling rune-core v0.14.2
   Compiling rune-macros v0.14.2
   Compiling rune v0.14.2
   Compiling zstd-safe v7.3.0
   Compiling zstd v0.13.3
   Compiling tokio-util v0.7.19
   Compiling async-compression v0.4.46
   Compiling tower v0.5.3
   Compiling tokio-rustls v0.26.5
   Compiling h2 v0.4.19
   Compiling tower-http v0.6.11
   Compiling tokio-postgres v0.7.18
   Compiling hyper v1.11.1
   Compiling hyper-util v0.1.20
   Compiling hyper-rustls v0.27.9
   Compiling reqwest v0.12.28
   Compiling object_store v0.13.2
   Compiling polars-error v0.55.2
   Compiling polars-config v0.55.2
   Compiling polars-utils v0.55.2
   Compiling polars-schema v0.55.2
   Compiling polars-buffer v0.55.2
   Compiling polars-async v0.55.2
   Compiling polars-arrow v0.55.2
   Compiling polars-compute v0.55.2
   Compiling polars-dtype v0.55.2
   Compiling polars-row v0.55.2
   Compiling polars-parquet v0.55.2
   Compiling polars-core v0.55.2
   Compiling rnx v0.0.0 (/home/me/work/rnx)
   Compiling rnx-postgres v0.0.0 (/home/me/work/rnx/adapters/postgres)
   Compiling polars-io v0.55.2
   Compiling polars-ops v0.55.2
   Compiling polars-time v0.55.2
   Compiling polars-ooc v0.55.2
   Compiling polars-expr v0.55.2
   Compiling polars-mem-engine v0.55.2
   Compiling polars-stream v0.55.2
   Compiling polars-lazy v0.55.2
   Compiling polars v0.55.2
   Compiling rnx-polars v0.0.0 (/home/me/work/rnx/adapters/polars)
   Compiling rnx-app-852905028950b9d3 v0.0.0 (/home/me/work/rnx-bench/probes/shared-build/target/builds/w6-both-seeded-disc-mixed)
    Finished `release` profile [optimized] target(s) in 1m 46s
