base all-features {'rev': 'eaa59fc208c136ead86f8c4fa565431ea18de88b', 'status': 0, 'passed': 611, 'failed': 0, 'seconds': 136.8566899949219}
base no-std {'rev': 'eaa59fc208c136ead86f8c4fa565431ea18de88b', 'status': 0, 'passed': 0, 'failed': 0, 'seconds': 18.040459553012624}
s75 all-features {'rev': '863370da279031b369ebb0ac1c0d80cd9ca159f6', 'status': 0, 'passed': 612, 'failed': 0, 'seconds': 135.3756243949756}
s75 non-tracing {'rev': '863370da279031b369ebb0ac1c0d80cd9ca159f6', 'status': 0, 'passed': 15, 'failed': 0, 'seconds': 31.52509752009064}
s75 no-std {'rev': '863370da279031b369ebb0ac1c0d80cd9ca159f6', 'status': 0, 'passed': 0, 'failed': 0, 'seconds': 18.288840824039653}
s76 all-features {'rev': '6f54bd32ee1038e3927ef384d1a914d8d5b36c4f', 'status': 0, 'passed': 612, 'failed': 0, 'seconds': 136.601073354017}
s76 non-tracing {'rev': '6f54bd32ee1038e3927ef384d1a914d8d5b36c4f', 'status': 0, 'passed': 15, 'failed': 0, 'seconds': 31.28968859394081}
s76 no-std {'rev': '6f54bd32ee1038e3927ef384d1a914d8d5b36c4f', 'status': 0, 'passed': 0, 'failed': 0, 'seconds': 18.041637699119747}
p0-base-primary 7a66b042e865 37.0 s
p0-base-counter 09f50d367129 37.3 s
p0-base-allocation f714a18a841d 37.2 s
p1-base-primary d66a5ea5657d 78.1 s
p1-base-counter 31671080a2df 77.9 s
p1-base-allocation 07a3102d5ce4 78.0 s
p1-s75-primary e099c5527aea 78.0 s
p1-s75-counter f79bc957d29a 78.0 s
p1-s75-allocation 105724886a86 78.2 s
p0-s75-primary ec6962fb7f91 36.0 s
p0-s75-counter a2bef1cb4d8b 36.3 s
p0-s75-allocation b1e0126e01bd 36.1 s
p0-s76-primary 3461f9539eda 36.5 s
p0-s76-counter 9df7b1eb77e2 36.6 s
p0-s76-allocation 60e81b25aa43 36.7 s
p1-s76-primary 98a7cea72653 78.1 s
p1-s76-counter 875b4d7ccc86 78.1 s
p1-s76-allocation 87ee053df3bd 77.9 s
