   Compiling proc-macro2 v1.0.107
   Compiling quote v1.0.47
   Compiling unicode-ident v1.0.26
   Compiling zerocopy v0.8.59
   Compiling version_check v0.9.5
   Compiling serde_core v1.0.229
   Compiling portable-atomic v1.15.0
   Compiling serde v1.0.229
   Compiling once_cell v1.21.4
   Compiling critical-section v1.2.0
   Compiling futures-sink v0.3.34
   Compiling cfg-if v1.0.5
   Compiling futures-core v0.3.34
   Compiling slab v0.4.12
   Compiling futures-task v0.3.34
   Compiling pin-project-lite v0.2.17
   Compiling futures-io v0.3.34
   Compiling memchr v2.8.3
   Compiling twox-hash v2.1.5
   Compiling anyhow v1.0.104
   Compiling itoa v1.0.18
   Compiling ryu v1.0.23
   Compiling syntree v0.18.0
   Compiling futures-channel v0.3.34
   Compiling ahash v0.8.12
   Compiling syn v3.0.6
   Compiling syn v2.0.119
   Compiling pin-project-internal v1.1.13
   Compiling serde_derive v1.0.229
   Compiling musli-macros v0.1.7
   Compiling rune-alloc-macros v0.15.0 (/home/me/work/rune/crates/rune-alloc-macros)
   Compiling futures-macro v0.3.34
   Compiling rune-tracing-macros v0.15.0 (/home/me/work/rune/crates/rune-tracing-macros)
   Compiling pin-project v1.1.13
   Compiling rune-tracing v0.15.0 (/home/me/work/rune/crates/rune-tracing)
   Compiling futures-util v0.3.34
   Compiling musli-core v0.1.7
   Compiling rune-alloc v0.15.0 (/home/me/work/rune/crates/rune-alloc)
   Compiling futures-executor v0.3.34
   Compiling futures v0.3.34
   Compiling rune-core v0.15.0 (/home/me/work/rune/crates/rune-core)
   Compiling rune-macros v0.15.0 (/home/me/work/rune/crates/rune-macros)
   Compiling rune v0.15.0 (/home/me/work/rune/crates/rune)
   Compiling sfp-base v0.0.0 (/home/me/work/rnx-bench-w3-0171/probes/store-fast-path-0171/base)
    Finished `release` profile [optimized] target(s) in 35.00s
   Compiling proc-macro2 v1.0.107
   Compiling quote v1.0.47
   Compiling unicode-ident v1.0.26
   Compiling zerocopy v0.8.59
   Compiling version_check v0.9.5
   Compiling portable-atomic v1.15.0
   Compiling serde_core v1.0.229
   Compiling serde v1.0.229
   Compiling cfg-if v1.0.5
   Compiling futures-sink v0.3.34
   Compiling futures-core v0.3.34
   Compiling once_cell v1.21.4
   Compiling critical-section v1.2.0
   Compiling futures-io v0.3.34
   Compiling slab v0.4.12
   Compiling memchr v2.8.3
   Compiling pin-project-lite v0.2.17
   Compiling futures-task v0.3.34
   Compiling anyhow v1.0.104
   Compiling twox-hash v2.1.5
   Compiling itoa v1.0.18
   Compiling ryu v1.0.23
   Compiling syntree v0.18.0
   Compiling futures-channel v0.3.34
   Compiling ahash v0.8.12
   Compiling syn v3.0.6
   Compiling syn v2.0.119
   Compiling pin-project-internal v1.1.13
   Compiling serde_derive v1.0.229
   Compiling musli-macros v0.1.7
   Compiling rune-alloc-macros v0.15.0 (/home/me/work/rune-w3-0171/crates/rune-alloc-macros)
   Compiling futures-macro v0.3.34
   Compiling rune-tracing-macros v0.15.0 (/home/me/work/rune-w3-0171/crates/rune-tracing-macros)
   Compiling pin-project v1.1.13
   Compiling rune-tracing v0.15.0 (/home/me/work/rune-w3-0171/crates/rune-tracing)
   Compiling futures-util v0.3.34
   Compiling musli-core v0.1.7
   Compiling rune-alloc v0.15.0 (/home/me/work/rune-w3-0171/crates/rune-alloc)
   Compiling futures-executor v0.3.34
   Compiling futures v0.3.34
   Compiling rune-core v0.15.0 (/home/me/work/rune-w3-0171/crates/rune-core)
   Compiling rune-macros v0.15.0 (/home/me/work/rune-w3-0171/crates/rune-macros)
   Compiling rune v0.15.0 (/home/me/work/rune-w3-0171/crates/rune)
   Compiling sfp-cand v0.0.0 (/home/me/work/rnx-bench-w3-0171/probes/store-fast-path-0171/cand)
    Finished `release` profile [optimized] target(s) in 34.45s
