0171-build acquire-wait 2026-10-05T13:23:19-05:00
0171-build acquired 2026-10-05T13:23:19-05:00
build rc=0
0171-build released 2026-10-05T13:24:29-05:00
0171-measure acquire-wait 2026-10-05T13:25:11-05:00
0171-measure acquired 2026-10-05T13:25:11-05:00 load 1.92
measure rc=0
0171-measure released 2026-10-05T13:26:06-05:00
0171-diag acquire-wait 2026-10-05T13:26:29-05:00
0171-diag acquired 2026-10-05T13:26:29-05:00
base floor 460567
base floor 460641
base floor 460190
base empty-context 461730
base empty-context 461249
base empty-context 460885
base context 26876723
base context 26876016
base context 26875742
base runtime 28251635
base runtime 28251141
base runtime 28250685
base compile-answer 29907771
base compile-answer 29906926
base compile-answer 29906626
cand floor 460957
cand floor 460307
cand floor 460493
cand empty-context 461349
cand empty-context 461133
cand empty-context 461020
cand context 27436987
cand context 27436257
cand context 27436203
cand runtime 28760447
cand runtime 28761841
cand runtime 28760692
cand compile-answer 30366896
cand compile-answer 30366232
cand compile-answer 30366556
0171-diag released 2026-10-05T13:26:30-05:00
0171B acquire-wait 2026-10-05T13:34:50-05:00
0171B acquired 2026-10-05T13:34:50-05:00 load 0.07
candB-suite rc=0
build-B rc=0
measure-B rc=0
0171B released 2026-10-05T13:38:09-05:00
0171-diag-s2 acquire-wait 2026-10-05T13:38:31-05:00
0171-diag-s2 acquired 2026-10-05T13:38:31-05:00
cand/target/profiling2/sfp-base: line 1: cand/target/profiling2/sfp-base: No such file or directory
cand/target/profiling2/sfp-base: line 1: cand/target/profiling2/sfp-base: No such file or directory
cand/target/profiling2/sfp-base: line 1: cand/target/profiling2/sfp-base: No such file or directory
cand/target/profiling2/sfp-base: line 1: cand/target/profiling2/sfp-base: No such file or directory
cand/target/profiling2/sfp-base: line 1: cand/target/profiling2/sfp-base: No such file or directory
cand/target/profiling2/sfp-base: line 1: cand/target/profiling2/sfp-base: No such file or directory
cand/target/profiling2/sfp-base: line 1: cand/target/profiling2/sfp-base: No such file or directory
cand/target/profiling2/sfp-base: line 1: cand/target/profiling2/sfp-base: No such file or directory
cand/target/profiling2/sfp-base: line 1: cand/target/profiling2/sfp-base: No such file or directory
cand/target/profiling2/sfp-base: line 1: cand/target/profiling2/sfp-base: No such file or directory
cand/target/profiling2/sfp-base: line 1: cand/target/profiling2/sfp-base: No such file or directory
cand/target/profiling2/sfp-base: line 1: cand/target/profiling2/sfp-base: No such file or directory
cand/target/profiling2/sfp-base: line 1: cand/target/profiling2/sfp-base: No such file or directory
cand/target/profiling2/sfp-base: line 1: cand/target/profiling2/sfp-base: No such file or directory
cand/target/profiling2/sfp-base: line 1: cand/target/profiling2/sfp-base: No such file or directory
cand/target/profiling2/sfp-base: line 1: cand/target/profiling2/sfp-base: No such file or directory
cand/target/profiling2/sfp-base: line 1: cand/target/profiling2/sfp-base: No such file or directory
cand/target/profiling2/sfp-base: line 1: cand/target/profiling2/sfp-base: No such file or directory
cand/target/profiling2/sfp-base: line 1: cand/target/profiling2/sfp-base: No such file or directory
cand/target/profiling2/sfp-base: line 1: cand/target/profiling2/sfp-base: No such file or directory
cand/target/profiling2/sfp-base: line 1: cand/target/profiling2/sfp-base: No such file or directory
cand/target/profiling2/sfp-base: line 1: cand/target/profiling2/sfp-base: No such file or directory
cand/target/profiling2/sfp-base: line 1: cand/target/profiling2/sfp-base: No such file or directory
cand/target/profiling2/sfp-base: line 1: cand/target/profiling2/sfp-base: No such file or directory
cand/target/profiling2/sfp-base: line 1: cand/target/profiling2/sfp-base: No such file or directory
cand/target/profiling2/sfp-base: line 1: cand/target/profiling2/sfp-base: No such file or directory
cand/target/profiling2/sfp-base: line 1: cand/target/profiling2/sfp-base: No such file or directory
cand/target/profiling2/sfp-base: line 1: cand/target/profiling2/sfp-base: No such file or directory
cand/target/profiling2/sfp-base: line 1: cand/target/profiling2/sfp-base: No such file or directory
cand/target/profiling2/sfp-base: line 1: cand/target/profiling2/sfp-base: No such file or directory
cand/target/profiling2/sfp-base: line 1: cand/target/profiling2/sfp-base: No such file or directory
cand/target/profiling2/sfp-base: line 1: cand/target/profiling2/sfp-base: No such file or directory
cand/target/profiling2/sfp-base: line 1: cand/target/profiling2/sfp-base: No such file or directory
cand/target/profiling2/sfp-base: line 1: cand/target/profiling2/sfp-base: No such file or directory
cand/target/profiling2/sfp-base: line 1: cand/target/profiling2/sfp-base: No such file or directory
cand/target/profiling2/sfp-base: line 1: cand/target/profiling2/sfp-base: No such file or directory
cand/target/profiling2/sfp-base: line 1: cand/target/profiling2/sfp-base: No such file or directory
cand/target/profiling2/sfp-base: line 1: cand/target/profiling2/sfp-base: No such file or directory
cand/target/profiling2/sfp-base: line 1: cand/target/profiling2/sfp-base: No such file or directory
cand/target/profiling2/sfp-base: line 1: cand/target/profiling2/sfp-base: No such file or directory
cand/target/profiling2/sfp-base: line 1: cand/target/profiling2/sfp-base: No such file or directory
cand/target/profiling2/sfp-base: line 1: cand/target/profiling2/sfp-base: No such file or directory
cand/target/profiling2/sfp-base: line 1: cand/target/profiling2/sfp-base: No such file or directory
cand/target/profiling2/sfp-base: line 1: cand/target/profiling2/sfp-base: No such file or directory
cand/target/profiling2/sfp-base: line 1: cand/target/profiling2/sfp-base: No such file or directory
cand/target/profiling2/sfp-base: line 1: cand/target/profiling2/sfp-base: No such file or directory
cand/target/profiling2/sfp-base: line 1: cand/target/profiling2/sfp-base: No such file or directory
cand/target/profiling2/sfp-base: line 1: cand/target/profiling2/sfp-base: No such file or directory
cand/target/profiling2/sfp-base: line 1: cand/target/profiling2/sfp-base: No such file or directory
cand/target/profiling2/sfp-base: line 1: cand/target/profiling2/sfp-base: No such file or directory
cand/target/profiling2/sfp-base: line 1: cand/target/profiling2/sfp-base: No such file or directory
cand/target/profiling2/sfp-base: line 1: cand/target/profiling2/sfp-base: No such file or directory
cand/target/profiling2/sfp-base: line 1: cand/target/profiling2/sfp-base: No such file or directory
cand/target/profiling2/sfp-base: line 1: cand/target/profiling2/sfp-base: No such file or directory
cand/target/profiling2/sfp-base: line 1: cand/target/profiling2/sfp-base: No such file or directory
cand/target/profiling2/sfp-base: line 1: cand/target/profiling2/sfp-base: No such file or directory
cand/target/profiling2/sfp-base: line 1: cand/target/profiling2/sfp-base: No such file or directory
cand/target/profiling2/sfp-base: line 1: cand/target/profiling2/sfp-base: No such file or directory
cand/target/profiling2/sfp-base: line 1: cand/target/profiling2/sfp-base: No such file or directory
cand/target/profiling2/sfp-base: line 1: cand/target/profiling2/sfp-base: No such file or directory
cand/target/profiling2/sfp-base: line 1: cand/target/profiling2/sfp-base: No such file or directory
cand/target/profiling2/sfp-base: line 1: cand/target/profiling2/sfp-base: No such file or directory
cand/target/profiling2/sfp-base: line 1: cand/target/profiling2/sfp-base: No such file or directory
cand/target/profiling2/sfp-base: line 1: cand/target/profiling2/sfp-base: No such file or directory
cand/target/profiling2/sfp-base: line 1: cand/target/profiling2/sfp-base: No such file or directory
cand/target/profiling2/sfp-base: line 1: cand/target/profiling2/sfp-base: No such file or directory
cand/target/profiling2/sfp-base: line 1: cand/target/profiling2/sfp-base: No such file or directory
cand/target/profiling2/sfp-base: line 1: cand/target/profiling2/sfp-base: No such file or directory
cand/target/profiling2/sfp-base: line 1: cand/target/profiling2/sfp-base: No such file or directory
cand/target/profiling2/sfp-base: line 1: cand/target/profiling2/sfp-base: No such file or directory
cand/target/profiling2/sfp-base: line 1: cand/target/profiling2/sfp-base: No such file or directory
cand/target/profiling2/sfp-base: line 1: cand/target/profiling2/sfp-base: No such file or directory
cand/target/profiling2/sfp-base: line 1: cand/target/profiling2/sfp-base: No such file or directory
cand/target/profiling2/sfp-base: line 1: cand/target/profiling2/sfp-base: No such file or directory
cand/target/profiling2/sfp-base: line 1: cand/target/profiling2/sfp-base: No such file or directory
cand/target/profiling2/sfp-base: line 1: cand/target/profiling2/sfp-base: No such file or directory
cand/target/profiling2/sfp-base: line 1: cand/target/profiling2/sfp-base: No such file or directory
cand/target/profiling2/sfp-base: line 1: cand/target/profiling2/sfp-base: No such file or directory
cand/target/profiling2/sfp-base: line 1: cand/target/profiling2/sfp-base: No such file or directory
cand/target/profiling2/sfp-base: line 1: cand/target/profiling2/sfp-base: No such file or directory
cand/target/profiling2/sfp-base: line 1: cand/target/profiling2/sfp-base: No such file or directory
cand/target/profiling2/sfp-base: line 1: cand/target/profiling2/sfp-base: No such file or directory
cand/target/profiling2/sfp-base: line 1: cand/target/profiling2/sfp-base: No such file or directory
cand/target/profiling2/sfp-base: line 1: cand/target/profiling2/sfp-base: No such file or directory
cand/target/profiling2/sfp-base: line 1: cand/target/profiling2/sfp-base: No such file or directory
cand/target/profiling2/sfp-base: line 1: cand/target/profiling2/sfp-base: No such file or directory
cand/target/profiling2/sfp-base: line 1: cand/target/profiling2/sfp-base: No such file or directory
cand/target/profiling2/sfp-base: line 1: cand/target/profiling2/sfp-base: No such file or directory
cand/target/profiling2/sfp-base: line 1: cand/target/profiling2/sfp-base: No such file or directory
cand/target/profiling2/sfp-base: line 1: cand/target/profiling2/sfp-base: No such file or directory
cand/target/profiling2/sfp-base: line 1: cand/target/profiling2/sfp-base: No such file or directory
cand/target/profiling2/sfp-base: line 1: cand/target/profiling2/sfp-base: No such file or directory
cand/target/profiling2/sfp-base: line 1: cand/target/profiling2/sfp-base: No such file or directory
cand/target/profiling2/sfp-base: line 1: cand/target/profiling2/sfp-base: No such file or directory
cand/target/profiling2/sfp-base: line 1: cand/target/profiling2/sfp-base: No such file or directory
cand/target/profiling2/sfp-base: line 1: cand/target/profiling2/sfp-base: No such file or directory
cand/target/profiling2/sfp-base: line 1: cand/target/profiling2/sfp-base: No such file or directory
cand/target/profiling2/sfp-base: line 1: cand/target/profiling2/sfp-base: No such file or directory
cand/target/profiling2/sfp-base: line 1: cand/target/profiling2/sfp-base: No such file or directory
cand/target/profiling2/sfp-base: line 1: cand/target/profiling2/sfp-base: No such file or directory
cand/target/profiling2/sfp-base: line 1: cand/target/profiling2/sfp-base: No such file or directory
cand/target/profiling2/sfp-base: line 1: cand/target/profiling2/sfp-base: No such file or directory
cand/target/profiling2/sfp-base: line 1: cand/target/profiling2/sfp-base: No such file or directory
cand/target/profiling2/sfp-base: line 1: cand/target/profiling2/sfp-base: No such file or directory
cand/target/profiling2/sfp-base: line 1: cand/target/profiling2/sfp-base: No such file or directory
cand/target/profiling2/sfp-base: line 1: cand/target/profiling2/sfp-base: No such file or directory
cand/target/profiling2/sfp-base: line 1: cand/target/profiling2/sfp-base: No such file or directory
cand/target/profiling2/sfp-base: line 1: cand/target/profiling2/sfp-base: No such file or directory
cand/target/profiling2/sfp-base: line 1: cand/target/profiling2/sfp-base: No such file or directory
cand/target/profiling2/sfp-base: line 1: cand/target/profiling2/sfp-base: No such file or directory
cand/target/profiling2/sfp-base: line 1: cand/target/profiling2/sfp-base: No such file or directory
cand/target/profiling2/sfp-base: line 1: cand/target/profiling2/sfp-base: No such file or directory
cand/target/profiling2/sfp-base: line 1: cand/target/profiling2/sfp-base: No such file or directory
cand/target/profiling2/sfp-base: line 1: cand/target/profiling2/sfp-base: No such file or directory
cand/target/profiling2/sfp-base: line 1: cand/target/profiling2/sfp-base: No such file or directory
cand/target/profiling2/sfp-base: line 1: cand/target/profiling2/sfp-base: No such file or directory
cand/target/profiling2/sfp-base: line 1: cand/target/profiling2/sfp-base: No such file or directory
cand/target/profiling2/sfp-base: line 1: cand/target/profiling2/sfp-base: No such file or directory
cand/target/profiling2/sfp-base: line 1: cand/target/profiling2/sfp-base: No such file or directory
cand/target/profiling2/sfp-base: line 1: cand/target/profiling2/sfp-base: No such file or directory
cand/target/profiling2/sfp-base: line 1: cand/target/profiling2/sfp-base: No such file or directory
cand/target/profiling2/sfp-base: line 1: cand/target/profiling2/sfp-base: No such file or directory
cand/target/profiling2/sfp-base: line 1: cand/target/profiling2/sfp-base: No such file or directory
cand/target/profiling2/sfp-base: line 1: cand/target/profiling2/sfp-base: No such file or directory
cand/target/profiling2/sfp-base: line 1: cand/target/profiling2/sfp-base: No such file or directory
cand/target/profiling2/sfp-base: line 1: cand/target/profiling2/sfp-base: No such file or directory
cand/target/profiling2/sfp-base: line 1: cand/target/profiling2/sfp-base: No such file or directory
cand/target/profiling2/sfp-base: line 1: cand/target/profiling2/sfp-base: No such file or directory
cand/target/profiling2/sfp-base: line 1: cand/target/profiling2/sfp-base: No such file or directory
cand/target/profiling2/sfp-base: line 1: cand/target/profiling2/sfp-base: No such file or directory
cand/target/profiling2/sfp-base: line 1: cand/target/profiling2/sfp-base: No such file or directory
cand/target/profiling2/sfp-base: line 1: cand/target/profiling2/sfp-base: No such file or directory
cand/target/profiling2/sfp-base: line 1: cand/target/profiling2/sfp-base: No such file or directory
cand/target/profiling2/sfp-base: line 1: cand/target/profiling2/sfp-base: No such file or directory
cand/target/profiling2/sfp-base: line 1: cand/target/profiling2/sfp-base: No such file or directory
cand/target/profiling2/sfp-base: line 1: cand/target/profiling2/sfp-base: No such file or directory
cand/target/profiling2/sfp-base: line 1: cand/target/profiling2/sfp-base: No such file or directory
cand/target/profiling2/sfp-base: line 1: cand/target/profiling2/sfp-base: No such file or directory
cand/target/profiling2/sfp-base: line 1: cand/target/profiling2/sfp-base: No such file or directory
cand/target/profiling2/sfp-base: line 1: cand/target/profiling2/sfp-base: No such file or directory
cand/target/profiling2/sfp-base: line 1: cand/target/profiling2/sfp-base: No such file or directory
cand/target/profiling2/sfp-base: line 1: cand/target/profiling2/sfp-base: No such file or directory
cand/target/profiling2/sfp-base: line 1: cand/target/profiling2/sfp-base: No such file or directory
cand/target/profiling2/sfp-base: line 1: cand/target/profiling2/sfp-base: No such file or directory
cand/target/profiling2/sfp-base: line 1: cand/target/profiling2/sfp-base: No such file or directory
cand/target/profiling2/sfp-base: line 1: cand/target/profiling2/sfp-base: No such file or directory
cand/target/profiling2/sfp-base: line 1: cand/target/profiling2/sfp-base: No such file or directory
cand/target/profiling2/sfp-base: line 1: cand/target/profiling2/sfp-base: No such file or directory
cand/target/profiling2/sfp-base: line 1: cand/target/profiling2/sfp-base: No such file or directory
cand/target/profiling2/sfp-base: line 1: cand/target/profiling2/sfp-base: No such file or directory
cand/target/profiling2/sfp-base: line 1: cand/target/profiling2/sfp-base: No such file or directory
cand/target/profiling2/sfp-base: line 1: cand/target/profiling2/sfp-base: No such file or directory
cand/target/profiling2/sfp-base: line 1: cand/target/profiling2/sfp-base: No such file or directory
cand/target/profiling2/sfp-base: line 1: cand/target/profiling2/sfp-base: No such file or directory
cand/target/profiling2/sfp-base: line 1: cand/target/profiling2/sfp-base: No such file or directory
cand/target/profiling2/sfp-base: line 1: cand/target/profiling2/sfp-base: No such file or directory
cand/target/profiling2/sfp-base: line 1: cand/target/profiling2/sfp-base: No such file or directory
cand/target/profiling2/sfp-base: line 1: cand/target/profiling2/sfp-base: No such file or directory
cand/target/profiling2/sfp-base: line 1: cand/target/profiling2/sfp-base: No such file or directory
cand/target/profiling2/sfp-base: line 1: cand/target/profiling2/sfp-base: No such file or directory
cand/target/profiling2/sfp-base: line 1: cand/target/profiling2/sfp-base: No such file or directory
cand/target/profiling2/sfp-base: line 1: cand/target/profiling2/sfp-base: No such file or directory
cand/target/profiling2/sfp-base: line 1: cand/target/profiling2/sfp-base: No such file or directory
cand/target/profiling2/sfp-base: line 1: cand/target/profiling2/sfp-base: No such file or directory
cand/target/profiling2/sfp-base: line 1: cand/target/profiling2/sfp-base: No such file or directory
cand/target/profiling2/sfp-base: line 1: cand/target/profiling2/sfp-base: No such file or directory
cand/target/profiling2/sfp-base: line 1: cand/target/profiling2/sfp-base: No such file or directory
cand/target/profiling2/sfp-base: line 1: cand/target/profiling2/sfp-base: No such file or directory
cand/target/profiling2/sfp-base: line 1: cand/target/profiling2/sfp-base: No such file or directory
cand/target/profiling2/sfp-base: line 1: cand/target/profiling2/sfp-base: No such file or directory
cand/target/profiling2/sfp-base: line 1: cand/target/profiling2/sfp-base: No such file or directory
cand/target/profiling2/sfp-base: line 1: cand/target/profiling2/sfp-base: No such file or directory
cand/target/profiling2/sfp-base: line 1: cand/target/profiling2/sfp-base: No such file or directory
cand/target/profiling2/sfp-base: line 1: cand/target/profiling2/sfp-base: No such file or directory
cand/target/profiling2/sfp-base: line 1: cand/target/profiling2/sfp-base: No such file or directory
cand/target/profiling2/sfp-base: line 1: cand/target/profiling2/sfp-base: No such file or directory
cand/target/profiling2/sfp-base: line 1: cand/target/profiling2/sfp-base: No such file or directory
cand/target/profiling2/sfp-base: line 1: cand/target/profiling2/sfp-base: No such file or directory
cand/target/profiling2/sfp-base: line 1: cand/target/profiling2/sfp-base: No such file or directory
cand/target/profiling2/sfp-base: line 1: cand/target/profiling2/sfp-base: No such file or directory
cand/target/profiling2/sfp-base: line 1: cand/target/profiling2/sfp-base: No such file or directory
cand/target/profiling2/sfp-base: line 1: cand/target/profiling2/sfp-base: No such file or directory
cand/target/profiling2/sfp-base: line 1: cand/target/profiling2/sfp-base: No such file or directory
cand/target/profiling2/sfp-base: line 1: cand/target/profiling2/sfp-base: No such file or directory
cand/target/profiling2/sfp-base: line 1: cand/target/profiling2/sfp-base: No such file or directory
cand/target/profiling2/sfp-base: line 1: cand/target/profiling2/sfp-base: No such file or directory
cand/target/profiling2/sfp-base: line 1: cand/target/profiling2/sfp-base: No such file or directory
cand/target/profiling2/sfp-base: line 1: cand/target/profiling2/sfp-base: No such file or directory
cand/target/profiling2/sfp-base: line 1: cand/target/profiling2/sfp-base: No such file or directory
cand/target/profiling2/sfp-base: line 1: cand/target/profiling2/sfp-base: No such file or directory
cand/target/profiling2/sfp-base: line 1: cand/target/profiling2/sfp-base: No such file or directory
cand/target/profiling2/sfp-base: line 1: cand/target/profiling2/sfp-base: No such file or directory
cand/target/profiling2/sfp-base: line 1: cand/target/profiling2/sfp-base: No such file or directory
cand/target/profiling2/sfp-base: line 1: cand/target/profiling2/sfp-base: No such file or directory
cand/target/profiling2/sfp-base: line 1: cand/target/profiling2/sfp-base: No such file or directory
cand/target/profiling2/sfp-base: line 1: cand/target/profiling2/sfp-base: No such file or directory
cand/target/profiling2/sfp-base: line 1: cand/target/profiling2/sfp-base: No such file or directory
cand/target/profiling2/sfp-base: line 1: cand/target/profiling2/sfp-base: No such file or directory
cand/target/profiling2/sfp-base: line 1: cand/target/profiling2/sfp-base: No such file or directory
cand/target/profiling2/sfp-base: line 1: cand/target/profiling2/sfp-base: No such file or directory
cand/target/profiling2/sfp-base: line 1: cand/target/profiling2/sfp-base: No such file or directory
cand/target/profiling2/sfp-base: line 1: cand/target/profiling2/sfp-base: No such file or directory
cand/target/profiling2/sfp-base: line 1: cand/target/profiling2/sfp-base: No such file or directory
cand/target/profiling2/sfp-base: line 1: cand/target/profiling2/sfp-base: No such file or directory
cand/target/profiling2/sfp-base: line 1: cand/target/profiling2/sfp-base: No such file or directory
cand/target/profiling2/sfp-base: line 1: cand/target/profiling2/sfp-base: No such file or directory
cand/target/profiling2/sfp-base: line 1: cand/target/profiling2/sfp-base: No such file or directory
cand/target/profiling2/sfp-base: line 1: cand/target/profiling2/sfp-base: No such file or directory
cand/target/profiling2/sfp-base: line 1: cand/target/profiling2/sfp-base: No such file or directory
cand/target/profiling2/sfp-base: line 1: cand/target/profiling2/sfp-base: No such file or directory
cand/target/profiling2/sfp-base: line 1: cand/target/profiling2/sfp-base: No such file or directory
cand/target/profiling2/sfp-base: line 1: cand/target/profiling2/sfp-base: No such file or directory
cand/target/profiling2/sfp-base: line 1: cand/target/profiling2/sfp-base: No such file or directory
cand/target/profiling2/sfp-base: line 1: cand/target/profiling2/sfp-base: No such file or directory
cand/target/profiling2/sfp-base: line 1: cand/target/profiling2/sfp-base: No such file or directory
cand/target/profiling2/sfp-base: line 1: cand/target/profiling2/sfp-base: No such file or directory
cand/target/profiling2/sfp-base: line 1: cand/target/profiling2/sfp-base: No such file or directory
cand/target/profiling2/sfp-base: line 1: cand/target/profiling2/sfp-base: No such file or directory
cand/target/profiling2/sfp-base: line 1: cand/target/profiling2/sfp-base: No such file or directory
cand/target/profiling2/sfp-base: line 1: cand/target/profiling2/sfp-base: No such file or directory
cand/target/profiling2/sfp-base: line 1: cand/target/profiling2/sfp-base: No such file or directory
cand/target/profiling2/sfp-base: line 1: cand/target/profiling2/sfp-base: No such file or directory
cand/target/profiling2/sfp-base: line 1: cand/target/profiling2/sfp-base: No such file or directory
cand/target/profiling2/sfp-base: line 1: cand/target/profiling2/sfp-base: No such file or directory
cand/target/profiling2/sfp-base: line 1: cand/target/profiling2/sfp-base: No such file or directory
cand/target/profiling2/sfp-base: line 1: cand/target/profiling2/sfp-base: No such file or directory
cand/target/profiling2/sfp-base: line 1: cand/target/profiling2/sfp-base: No such file or directory
cand/target/profiling2/sfp-base: line 1: cand/target/profiling2/sfp-base: No such file or directory
cand/target/profiling2/sfp-base: line 1: cand/target/profiling2/sfp-base: No such file or directory
cand/target/profiling2/sfp-base: line 1: cand/target/profiling2/sfp-base: No such file or directory
cand/target/profiling2/sfp-base: line 1: cand/target/profiling2/sfp-base: No such file or directory
cand/target/profiling2/sfp-base: line 1: cand/target/profiling2/sfp-base: No such file or directory
cand/target/profiling2/sfp-base: line 1: cand/target/profiling2/sfp-base: No such file or directory
cand/target/profiling2/sfp-base: line 1: cand/target/profiling2/sfp-base: No such file or directory
cand/target/profiling2/sfp-base: line 1: cand/target/profiling2/sfp-base: No such file or directory
cand/target/profiling2/sfp-base: line 1: cand/target/profiling2/sfp-base: No such file or directory
cand/target/profiling2/sfp-base: line 1: cand/target/profiling2/sfp-base: No such file or directory
cand/target/profiling2/sfp-base: line 1: cand/target/profiling2/sfp-base: No such file or directory
cand/target/profiling2/sfp-base: line 1: cand/target/profiling2/sfp-base: No such file or directory
cand/target/profiling2/sfp-base: line 1: cand/target/profiling2/sfp-base: No such file or directory
cand/target/profiling2/sfp-base: line 1: cand/target/profiling2/sfp-base: No such file or directory
cand/target/profiling2/sfp-base: line 1: cand/target/profiling2/sfp-base: No such file or directory
cand/target/profiling2/sfp-base: line 1: cand/target/profiling2/sfp-base: No such file or directory
cand/target/profiling2/sfp-base: line 1: cand/target/profiling2/sfp-base: No such file or directory
cand/target/profiling2/sfp-base: line 1: cand/target/profiling2/sfp-base: No such file or directory
cand/target/profiling2/sfp-base: line 1: cand/target/profiling2/sfp-base: No such file or directory
cand/target/profiling2/sfp-base: line 1: cand/target/profiling2/sfp-base: No such file or directory
cand/target/profiling2/sfp-base: line 1: cand/target/profiling2/sfp-base: No such file or directory
cand/target/profiling2/sfp-base: line 1: cand/target/profiling2/sfp-base: No such file or directory
cand/target/profiling2/sfp-base: line 1: cand/target/profiling2/sfp-base: No such file or directory
cand/target/profiling2/sfp-base: line 1: cand/target/profiling2/sfp-base: No such file or directory
cand/target/profiling2/sfp-base: line 1: cand/target/profiling2/sfp-base: No such file or directory
cand/target/profiling2/sfp-base: line 1: cand/target/profiling2/sfp-base: No such file or directory
cand/target/profiling2/sfp-base: line 1: cand/target/profiling2/sfp-base: No such file or directory
cand/target/profiling2/sfp-base: line 1: cand/target/profiling2/sfp-base: No such file or directory
cand/target/profiling2/sfp-base: line 1: cand/target/profiling2/sfp-base: No such file or directory
cand/target/profiling2/sfp-base: line 1: cand/target/profiling2/sfp-base: No such file or directory
cand/target/profiling2/sfp-base: line 1: cand/target/profiling2/sfp-base: No such file or directory
cand/target/profiling2/sfp-base: line 1: cand/target/profiling2/sfp-base: No such file or directory
cand/target/profiling2/sfp-base: line 1: cand/target/profiling2/sfp-base: No such file or directory
cand/target/profiling2/sfp-base: line 1: cand/target/profiling2/sfp-base: No such file or directory
cand/target/profiling2/sfp-base: line 1: cand/target/profiling2/sfp-base: No such file or directory
cand/target/profiling2/sfp-base: line 1: cand/target/profiling2/sfp-base: No such file or directory
cand/target/profiling2/sfp-base: line 1: cand/target/profiling2/sfp-base: No such file or directory
cand/target/profiling2/sfp-base: line 1: cand/target/profiling2/sfp-base: No such file or directory
cand/target/profiling2/sfp-base: line 1: cand/target/profiling2/sfp-base: No such file or directory
cand/target/profiling2/sfp-base: line 1: cand/target/profiling2/sfp-base: No such file or directory
cand/target/profiling2/sfp-base: line 1: cand/target/profiling2/sfp-base: No such file or directory
cand/target/profiling2/sfp-base: line 1: cand/target/profiling2/sfp-base: No such file or directory
cand/target/profiling2/sfp-base: line 1: cand/target/profiling2/sfp-base: No such file or directory
cand/target/profiling2/sfp-base: line 1: cand/target/profiling2/sfp-base: No such file or directory
cand/target/profiling2/sfp-base: line 1: cand/target/profiling2/sfp-base: No such file or directory
cand/target/profiling2/sfp-base: line 1: cand/target/profiling2/sfp-base: No such file or directory
cand/target/profiling2/sfp-base: line 1: cand/target/profiling2/sfp-base: No such file or directory
cand/target/profiling2/sfp-base: line 1: cand/target/profiling2/sfp-base: No such file or directory
cand/target/profiling2/sfp-base: line 1: cand/target/profiling2/sfp-base: No such file or directory
cand/target/profiling2/sfp-base: line 1: cand/target/profiling2/sfp-base: No such file or directory
cand/target/profiling2/sfp-base: line 1: cand/target/profiling2/sfp-base: No such file or directory
cand/target/profiling2/sfp-base: line 1: cand/target/profiling2/sfp-base: No such file or directory
cand/target/profiling2/sfp-base: line 1: cand/target/profiling2/sfp-base: No such file or directory
cand/target/profiling2/sfp-base: line 1: cand/target/profiling2/sfp-base: No such file or directory
cand/target/profiling2/sfp-base: line 1: cand/target/profiling2/sfp-base: No such file or directory
cand/target/profiling2/sfp-base: line 1: cand/target/profiling2/sfp-base: No such file or directory
cand/target/profiling2/sfp-base: line 1: cand/target/profiling2/sfp-base: No such file or directory
cand/target/profiling2/sfp-base: line 1: cand/target/profiling2/sfp-base: No such file or directory
cand/target/profiling2/sfp-base: line 1: cand/target/profiling2/sfp-base: No such file or directory
cand/target/profiling2/sfp-base: line 1: cand/target/profiling2/sfp-base: No such file or directory
cand/target/profiling2/sfp-base: line 1: cand/target/profiling2/sfp-base: No such file or directory
cand/target/profiling2/sfp-base: line 1: cand/target/profiling2/sfp-base: No such file or directory
cand/target/profiling2/sfp-base: line 1: cand/target/profiling2/sfp-base: No such file or directory
cand/target/profiling2/sfp-base: line 1: cand/target/profiling2/sfp-base: No such file or directory
cand/target/profiling2/sfp-base: line 1: cand/target/profiling2/sfp-base: No such file or directory
cand/target/profiling2/sfp-base: line 1: cand/target/profiling2/sfp-base: No such file or directory
cand/target/profiling2/sfp-base: line 1: cand/target/profiling2/sfp-base: No such file or directory
cand/target/profiling2/sfp-base: line 1: cand/target/profiling2/sfp-base: No such file or directory
cand/target/profiling2/sfp-base: line 1: cand/target/profiling2/sfp-base: No such file or directory
cand/target/profiling2/sfp-base: line 1: cand/target/profiling2/sfp-base: No such file or directory
cand/target/profiling2/sfp-base: line 1: cand/target/profiling2/sfp-base: No such file or directory
cand/target/profiling2/sfp-base: line 1: cand/target/profiling2/sfp-base: No such file or directory
cand/target/profiling2/sfp-base: line 1: cand/target/profiling2/sfp-base: No such file or directory
cand/target/profiling2/sfp-base: line 1: cand/target/profiling2/sfp-base: No such file or directory
cand/target/profiling2/sfp-base: line 1: cand/target/profiling2/sfp-base: No such file or directory
cand/target/profiling2/sfp-base: line 1: cand/target/profiling2/sfp-base: No such file or directory
cand/target/profiling2/sfp-base: line 1: cand/target/profiling2/sfp-base: No such file or directory
cand/target/profiling2/sfp-base: line 1: cand/target/profiling2/sfp-base: No such file or directory
cand/target/profiling2/sfp-base: line 1: cand/target/profiling2/sfp-base: No such file or directory
cand/target/profiling2/sfp-base: line 1: cand/target/profiling2/sfp-base: No such file or directory
cand/target/profiling2/sfp-base: line 1: cand/target/profiling2/sfp-base: No such file or directory
cand/target/profiling2/sfp-base: line 1: cand/target/profiling2/sfp-base: No such file or directory
cand/target/profiling2/sfp-base: line 1: cand/target/profiling2/sfp-base: No such file or directory
cand/target/profiling2/sfp-base: line 1: cand/target/profiling2/sfp-base: No such file or directory
cand/target/profiling2/sfp-base: line 1: cand/target/profiling2/sfp-base: No such file or directory
cand/target/profiling2/sfp-base: line 1: cand/target/profiling2/sfp-base: No such file or directory
cand/target/profiling2/sfp-base: line 1: cand/target/profiling2/sfp-base: No such file or directory
cand/target/profiling2/sfp-base: line 1: cand/target/profiling2/sfp-base: No such file or directory
cand/target/profiling2/sfp-base: line 1: cand/target/profiling2/sfp-base: No such file or directory
cand/target/profiling2/sfp-base: line 1: cand/target/profiling2/sfp-base: No such file or directory
cand/target/profiling2/sfp-base: line 1: cand/target/profiling2/sfp-base: No such file or directory
cand/target/profiling2/sfp-base: line 1: cand/target/profiling2/sfp-base: No such file or directory
cand/target/profiling2/sfp-base: line 1: cand/target/profiling2/sfp-base: No such file or directory
cand/target/profiling2/sfp-base: line 1: cand/target/profiling2/sfp-base: No such file or directory
cand/target/profiling2/sfp-base: line 1: cand/target/profiling2/sfp-base: No such file or directory
cand/target/profiling2/sfp-base: line 1: cand/target/profiling2/sfp-base: No such file or directory
cand/target/profiling2/sfp-base: line 1: cand/target/profiling2/sfp-base: No such file or directory
cand/target/profiling2/sfp-base: line 1: cand/target/profiling2/sfp-base: No such file or directory
cand/target/profiling2/sfp-base: line 1: cand/target/profiling2/sfp-base: No such file or directory
cand/target/profiling2/sfp-base: line 1: cand/target/profiling2/sfp-base: No such file or directory
cand/target/profiling2/sfp-base: line 1: cand/target/profiling2/sfp-base: No such file or directory
cand/target/profiling2/sfp-base: line 1: cand/target/profiling2/sfp-base: No such file or directory
cand/target/profiling2/sfp-base: line 1: cand/target/profiling2/sfp-base: No such file or directory
cand/target/profiling2/sfp-base: line 1: cand/target/profiling2/sfp-base: No such file or directory
cand/target/profiling2/sfp-base: line 1: cand/target/profiling2/sfp-base: No such file or directory
cand/target/profiling2/sfp-base: line 1: cand/target/profiling2/sfp-base: No such file or directory
cand/target/profiling2/sfp-base: line 1: cand/target/profiling2/sfp-base: No such file or directory
cand/target/profiling2/sfp-base: line 1: cand/target/profiling2/sfp-base: No such file or directory
cand/target/profiling2/sfp-base: line 1: cand/target/profiling2/sfp-base: No such file or directory
cand/target/profiling2/sfp-base: line 1: cand/target/profiling2/sfp-base: No such file or directory
cand/target/profiling2/sfp-base: line 1: cand/target/profiling2/sfp-base: No such file or directory
cand/target/profiling2/sfp-base: line 1: cand/target/profiling2/sfp-base: No such file or directory
cand/target/profiling2/sfp-base: line 1: cand/target/profiling2/sfp-base: No such file or directory
cand/target/profiling2/sfp-base: line 1: cand/target/profiling2/sfp-base: No such file or directory
cand/target/profiling2/sfp-base: line 1: cand/target/profiling2/sfp-base: No such file or directory
cand/target/profiling2/sfp-base: line 1: cand/target/profiling2/sfp-base: No such file or directory
cand/target/profiling2/sfp-base: line 1: cand/target/profiling2/sfp-base: No such file or directory
cand/target/profiling2/sfp-base: line 1: cand/target/profiling2/sfp-base: No such file or directory
cand/target/profiling2/sfp-base: line 1: cand/target/profiling2/sfp-base: No such file or directory
cand/target/profiling2/sfp-base: line 1: cand/target/profiling2/sfp-base: No such file or directory
cand/target/profiling2/sfp-base: line 1: cand/target/profiling2/sfp-base: No such file or directory
cand/target/profiling2/sfp-base: line 1: cand/target/profiling2/sfp-base: No such file or directory
cand/target/profiling2/sfp-base: line 1: cand/target/profiling2/sfp-base: No such file or directory
cand/target/profiling2/sfp-base: line 1: cand/target/profiling2/sfp-base: No such file or directory
cand/target/profiling2/sfp-base: line 1: cand/target/profiling2/sfp-base: No such file or directory
cand/target/profiling2/sfp-base: line 1: cand/target/profiling2/sfp-base: No such file or directory
cand/target/profiling2/sfp-base: line 1: cand/target/profiling2/sfp-base: No such file or directory
cand/target/profiling2/sfp-base: line 1: cand/target/profiling2/sfp-base: No such file or directory
cand/target/profiling2/sfp-base: line 1: cand/target/profiling2/sfp-base: No such file or directory
cand/target/profiling2/sfp-base: line 1: cand/target/profiling2/sfp-base: No such file or directory
cand/target/profiling2/sfp-base: line 1: cand/target/profiling2/sfp-base: No such file or directory
cand/target/profiling2/sfp-base: line 1: cand/target/profiling2/sfp-base: No such file or directory
cand/target/profiling2/sfp-base: line 1: cand/target/profiling2/sfp-base: No such file or directory
cand/target/profiling2/sfp-base: line 1: cand/target/profiling2/sfp-base: No such file or directory
cand/target/profiling2/sfp-base: line 1: cand/target/profiling2/sfp-base: No such file or directory
cand/target/profiling2/sfp-base: line 1: cand/target/profiling2/sfp-base: No such file or directory
cand/target/profiling2/sfp-base: line 1: cand/target/profiling2/sfp-base: No such file or directory
cand/target/profiling2/sfp-base: line 1: cand/target/profiling2/sfp-base: No such file or directory
cand/target/profiling2/sfp-base: line 1: cand/target/profiling2/sfp-base: No such file or directory
cand/target/profiling2/sfp-base: line 1: cand/target/profiling2/sfp-base: No such file or directory
cand/target/profiling2/sfp-base: line 1: cand/target/profiling2/sfp-base: No such file or directory
cand/target/profiling2/sfp-base: line 1: cand/target/profiling2/sfp-base: No such file or directory
cand/target/profiling2/sfp-base: line 1: cand/target/profiling2/sfp-base: No such file or directory
cand/target/profiling2/sfp-base: line 1: cand/target/profiling2/sfp-base: No such file or directory
cand/target/profiling2/sfp-base: line 1: cand/target/profiling2/sfp-base: No such file or directory
cand/target/profiling2/sfp-base: line 1: cand/target/profiling2/sfp-base: No such file or directory
cand/target/profiling2/sfp-base: line 1: cand/target/profiling2/sfp-base: No such file or directory
cand/target/profiling2/sfp-base: line 1: cand/target/profiling2/sfp-base: No such file or directory
cand/target/profiling2/sfp-base: line 1: cand/target/profiling2/sfp-base: No such file or directory
cand/target/profiling2/sfp-base: line 1: cand/target/profiling2/sfp-base: No such file or directory
cand/target/profiling2/sfp-base: line 1: cand/target/profiling2/sfp-base: No such file or directory
cand/target/profiling2/sfp-base: line 1: cand/target/profiling2/sfp-base: No such file or directory
cand/target/profiling2/sfp-base: line 1: cand/target/profiling2/sfp-base: No such file or directory
cand/target/profiling2/sfp-base: line 1: cand/target/profiling2/sfp-base: No such file or directory
cand/target/profiling2/sfp-base: line 1: cand/target/profiling2/sfp-base: No such file or directory
cand/target/profiling2/sfp-base: line 1: cand/target/profiling2/sfp-base: No such file or directory
cand/target/profiling2/sfp-base: line 1: cand/target/profiling2/sfp-base: No such file or directory
cand/target/profiling2/sfp-base: line 1: cand/target/profiling2/sfp-base: No such file or directory
cand/target/profiling2/sfp-base: line 1: cand/target/profiling2/sfp-base: No such file or directory
cand/target/profiling2/sfp-base: line 1: cand/target/profiling2/sfp-base: No such file or directory
cand/target/profiling2/sfp-base: line 1: cand/target/profiling2/sfp-base: No such file or directory
cand/target/profiling2/sfp-base: line 1: cand/target/profiling2/sfp-base: No such file or directory
cand/target/profiling2/sfp-base: line 1: cand/target/profiling2/sfp-base: No such file or directory
s2-cand context 27436150
s2-cand context 27436195
s2-cand context 27436532
0171-diag-s2 released 2026-10-05T13:39:11-05:00
0171-diag-s2b acquire-wait 2026-10-05T13:41:28-05:00
0171-diag-s2b acquired 2026-10-05T13:41:28-05:00
0171-diag-s2b released 2026-10-05T13:41:28-05:00
0171-diag-s2c acquire-wait 2026-10-05T13:41:47-05:00
0171-diag-s2c acquired 2026-10-05T13:41:47-05:00
s2-base context 26876052
s2-base context 26876697
s2-base context 26876951
s2-cand context 27436450
s2-cand context 27435624
s2-cand context 27436660
rc=0
0171-diag-s2c released 2026-10-05T13:42:28-05:00
0171-diag-alloc acquire-wait 2026-10-05T13:42:47-05:00
0171-diag-alloc acquired 2026-10-05T13:42:47-05:00
base context ALLOC [32304, 3562308, 548, 1767837]
base runtime ALLOC [34213, 3993326, 548, 2161357]
base compile-answer ALLOC [36512, 4483110, 548, 2614829]
cand context ALLOC [32304, 3562308, 548, 1767837]
cand runtime ALLOC [34213, 3993326, 548, 2161357]
cand compile-answer ALLOC [36512, 4483110, 548, 2614829]
0171-diag-alloc released 2026-10-05T13:43:56-05:00
