   Compiling proc-macro2 v1.0.107
   Compiling quote v1.0.47
   Compiling unicode-ident v1.0.26
   Compiling serde_core v1.0.229
   Compiling libc v0.2.189
   Compiling version_check v0.9.5
    Checking cfg-if v1.0.5
   Compiling find-msvc-tools v0.1.12
   Compiling shlex v2.0.1
   Compiling serde v1.0.229
    Checking pin-project-lite v0.2.17
    Checking memchr v2.8.3
    Checking futures-core v0.3.34
   Compiling libm v0.2.16
   Compiling autocfg v1.5.1
   Compiling crossbeam-utils v0.8.23
   Compiling portable-atomic v1.15.0
    Checking stable_deref_trait v1.2.1
    Checking smallvec v1.16.1
    Checking futures-sink v0.3.34
    Checking critical-section v1.2.0
    Checking itoa v1.0.18
    Checking slab v0.4.12
   Compiling crossbeam-epoch v0.9.21
   Compiling crossbeam-deque v0.8.8
    Checking allocator-api2 v0.2.21
   Compiling rayon-core v1.13.0
    Checking futures-task v0.3.34
    Checking futures-io v0.3.34
    Checking equivalent v1.0.2
    Checking writeable v0.6.4
    Checking litemap v0.8.3
    Checking futures-channel v0.3.34
    Checking either v1.18.0
   Compiling icu_normalizer_data v2.3.0
   Compiling icu_properties_data v2.3.0
    Checking utf8_iter v1.0.4
    Checking zeroize v1.9.0
    Checking foldhash v0.2.0
    Checking percent-encoding v2.3.2
   Compiling crc32fast v1.5.2
    Checking simd-adler32 v0.3.10
    Checking adler2 v2.0.1
    Checking untrusted v0.9.0
   Compiling httparse v1.10.1
   Compiling zerocopy v0.8.57
    Checking zlib-rs v0.6.8
   Compiling object v0.39.1
    Checking fnv v1.0.7
    Checking atomic-waker v1.1.2
   Compiling rustls v0.23.45
    Checking try-lock v0.2.5
    Checking tower-service v0.3.3
   Compiling getrandom v0.4.3
    Checking subtle v2.6.1
    Checking compression-core v0.4.33
    Checking rustls-pki-types v1.15.1
    Checking form_urlencoded v1.2.2
    Checking rand_core v0.10.1
    Checking ryu v1.0.23
    Checking miniz_oxide v0.9.1
    Checking want v0.3.1
   Compiling zmij v1.0.23
    Checking sync_wrapper v1.0.2
    Checking openssl-probe v0.2.1
   Compiling serde_json v1.0.151
   Compiling num-traits v0.2.19
    Checking cpufeatures v0.3.1
    Checking base64 v0.22.1
    Checking tower-layer v0.3.3
    Checking ipnet v2.12.2
    Checking log v0.4.34
    Checking iana-time-zone v0.1.65
   Compiling parking_lot_core v0.9.12
    Checking chacha20 v0.10.2
   Compiling thiserror v2.0.20
    Checking scopeguard v1.2.0
    Checking foldhash v0.1.5
   Compiling rustversion v1.0.23
    Checking aho-corasick v1.1.5
    Checking lock_api v0.4.14
    Checking same-file v1.0.6
   Compiling signal-hook v0.4.4
    Checking array-init-cursor v0.2.1
    Checking regex-syntax v0.8.11
    Checking itertools v0.14.0
    Checking hashbrown v0.15.5
    Checking humantime v2.4.0
    Checking walkdir v2.5.0
   Compiling slotmap v1.1.1
   Compiling virtue v0.0.18
    Checking rustls-native-certs v0.8.4
    Checking webpki-roots v1.0.9
   Compiling pkg-config v0.3.34
    Checking simdutf8 v0.1.5
   Compiling polars-utils v0.55.2
    Checking unty v0.0.4
    Checking static_assertions v1.1.0
    Checking siphasher v1.0.3
   Compiling zstd-safe v7.3.0
   Compiling polars-buffer v0.55.2
   Compiling polars-schema v0.55.2
   Compiling chrono-tz v0.10.4
   Compiling polars-arrow v0.55.2
   Compiling heck v0.5.0
    Checking ethnum v1.5.3
    Checking streaming-iterator v0.1.9
    Checking once_cell v1.21.4
    Checking dyn-clone v1.0.20
    Checking phf_shared v0.12.1
   Compiling polars-compute v0.55.2
   Compiling syn v3.0.6
   Compiling syn v2.0.119
    Checking debug_unsafe v0.1.4
    Checking strength_reduce v0.2.4
    Checking fast-float2 v0.2.4
    Checking tracing-core v0.1.36
    Checking phf v0.12.1
   Compiling typenum v1.20.1
    Checking boxcar v0.2.14
    Checking crossbeam-channel v0.5.17
   Compiling polars-core v0.55.2
    Checking alloc-no-stdlib v2.0.4
   Compiling rustix v1.1.5
    Checking xxhash-rust v0.8.18
    Checking alloc-stdlib v0.2.4
   Compiling snap v1.1.2
   Compiling ahash v0.8.12
    Checking home v0.5.12
    Checking brotli-decompressor v5.0.3
    Checking linux-raw-sys v0.12.1
    Checking planus v1.1.1
   Compiling const-oid v0.10.2
    Checking fallible-streaming-iterator v0.1.9
   Compiling polars-ops v0.55.2
   Compiling bincode_derive v2.0.1
    Checking castaway v0.2.4
    Checking atoi_simd v0.18.1
    Checking arrayvec v0.7.8
    Checking constant_time_eq v0.4.2
    Checking streaming-decompression v0.1.2
    Checking rayon v1.12.0
    Checking crossbeam-queue v0.3.14
    Checking glob v0.3.4
   Compiling hex v0.4.3
    Checking fastrand v2.5.0
   Compiling polars-expr v0.55.2
    Checking flate2 v1.1.10
    Checking parking v2.2.1
   Compiling cfg_aliases v0.2.2
    Checking concurrent-queue v2.5.0
    Checking event-listener v5.4.2
   Compiling polars-stream v0.55.2
    Checking thread_local v1.1.10
   Compiling nix v0.31.3
   Compiling twox-hash v2.1.4
   Compiling anyhow v1.0.104
   Compiling polars-lazy v0.55.2
   Compiling jobserver v0.1.35
    Checking nibble_vec v0.1.0
    Checking endian-type v0.2.0
   Compiling polars v0.55.2
    Checking unicode-width v0.2.2
    Checking syntree v0.18.0
    Checking unicode-segmentation v1.13.3
    Checking utf8parse v0.2.2
    Checking jiff v0.2.24
    Checking event-listener-strategy v0.5.4
    Checking compression-codecs v0.4.43
    Checking radix_trie v0.3.0
    Checking mio v1.2.3
    Checking socket2 v0.6.5
    Checking getrandom v0.2.17
    Checking errno v0.3.14
    Checking sysinfo v0.39.6
    Checking memmap2 v0.9.11
   Compiling hybrid-array v0.4.15
   Compiling cc v1.4.6
    Checking async-channel v2.5.0
    Checking signal-hook-registry v1.4.8
    Checking rand v0.10.2
    Checking parking_lot v0.12.5
    Checking rmp v0.8.15
    Checking num-integer v0.1.47
    Checking num-complex v0.4.6
    Checking regex-automata v0.4.18
    Checking brotli v8.0.4
    Checking num-bigint v0.4.8
    Checking num-iter v0.1.46
   Compiling block-buffer v0.12.1
   Compiling crypto-common v0.2.2
    Checking rand_distr v0.6.0
    Checking bitflags v2.13.2
    Checking uuid v1.26.1
   Compiling digest v0.11.3
    Checking raw-cpuid v11.6.0
    Checking num-rational v0.4.2
   Compiling sha2 v0.11.0
    Checking num v0.4.3
   Compiling ring v0.17.14
   Compiling stacker v0.1.25
   Compiling zstd-sys v2.1.0+zstd.1.5.7
   Compiling lz4-sys v1.11.1+lz4-1.10.0
   Compiling blake3 v1.8.7
    Checking digest-io v0.1.0
    Checking hashbrown v0.17.1
    Checking regex v1.13.1
   Compiling polars-plan v0.55.2
    Checking indexmap v2.14.2
    Checking fs4 v1.1.0
   Compiling ar_archive_writer v0.5.3
   Compiling psm v0.1.32
   Compiling tracing-attributes v0.1.31
   Compiling zerocopy-derive v0.8.57
   Compiling num-derive v0.4.2
   Compiling strum_macros v0.28.0
   Compiling async-stream-impl v0.3.6
   Compiling pin-project-internal v1.1.13
   Compiling rune-alloc-macros v0.14.2
   Compiling recursive-proc-macro-impl v0.1.1
   Compiling musli-macros v0.0.124
   Compiling rune-tracing-macros v0.14.2
   Compiling rustyline-derive v0.12.0
    Checking serde_stacker v0.1.14
    Checking recursive v0.1.1
    Checking rune-tracing v0.14.2
    Checking rustyline v18.0.1
    Checking async-stream v0.3.6
   Compiling synstructure v0.14.0
   Compiling pin-project v1.1.13
    Checking rustls-webpki v0.103.15
    Checking tracing v0.1.44
   Compiling serde_derive v1.0.229
   Compiling zerofrom-derive v0.1.8
   Compiling yoke-derive v0.8.3
   Compiling zerovec-derive v0.11.6
   Compiling displaydoc v0.2.7
   Compiling tokio-macros v2.7.2
   Compiling futures-macro v0.3.34
   Compiling async-trait v0.1.92
   Compiling thiserror-impl v2.0.20
   Compiling bytemuck_derive v1.12.1
    Checking musli-core v0.0.124
    Checking zstd v0.13.3
    Checking futures-util v0.3.34
    Checking zerofrom v0.1.8
    Checking yoke v0.8.3
    Checking zerovec v0.11.8
    Checking zerotrie v0.2.5
    Checking bytemuck v1.25.2
    Checking musli v0.0.124
    Checking tinystr v0.8.4
    Checking potential_utf v0.1.6
    Checking icu_collections v2.3.0
    Checking icu_locale_core v2.3.0
    Checking icu_provider v2.3.1
    Checking bytes v1.12.1
    Checking serde_urlencoded v0.7.1
    Checking chrono v0.4.45
    Checking quick-xml v0.39.4
    Checking polars-arrow-format v0.2.1
    Checking rmp-serde v1.3.1
    Checking bincode v2.0.1
    Checking compact_str v0.9.1
   Compiling rune-alloc v0.14.2
    Checking icu_properties v2.3.0
    Checking icu_normalizer v2.3.0
    Checking futures-executor v0.3.34
    Checking futures v0.3.34
    Checking polars-parquet-format v0.1.0
    Checking tokio v1.53.1
    Checking http v1.5.0
    Checking lz4 v1.28.1
    Checking http-body v1.1.0
    Checking now v0.1.3
    Checking http-body-util v0.1.5
    Checking half v2.7.1
    Checking idna_adapter v1.2.2
    Checking idna v1.1.0
    Checking url v2.5.8
    Checking argminmax v0.6.3
   Compiling rune-core v0.14.2
   Compiling rune-macros v0.14.2
    Checking tokio-util v0.7.19
    Checking tokio-rustls v0.26.5
    Checking async-compression v0.4.48
    Checking tower v0.5.3
    Checking rune v0.14.2
    Checking h2 v0.4.19
    Checking tower-http v0.6.11
    Checking hyper v1.11.1
    Checking hyper-util v0.1.20
    Checking hyper-rustls v0.27.9
    Checking reqwest v0.12.28
    Checking object_store v0.13.2
    Checking polars-error v0.55.2
    Checking polars-config v0.55.2
    Checking polars-async v0.55.2
    Checking polars-dtype v0.55.2
    Checking polars-row v0.55.2
    Checking polars-parquet v0.55.2
    Checking polars-io v0.55.2
    Checking polars-time v0.55.2
    Checking polars-ooc v0.55.2
    Checking polars-mem-engine v0.55.2
    Checking rnx v0.0.0 (/home/me/work/rnx)
    Checking rnx-polars-boundary v0.0.0 (/home/me/work/rnx-bench/probes/polars-boundary)
    Finished `dev` profile [unoptimized] target(s) in 27.03s
