   Compiling proc-macro2 v1.0.107
   Compiling quote v1.0.47
   Compiling unicode-ident v1.0.24
   Compiling version_check v0.9.5
   Compiling zerocopy v0.8.57
   Compiling serde_core v1.0.229
   Compiling ahash v0.8.12
   Compiling autocfg v1.5.1
   Compiling portable-atomic v1.15.0
   Compiling num-traits v0.2.19
   Compiling syn v2.0.119
   Compiling syn v3.0.5
   Compiling generic-array v0.14.7
   Compiling cfg-if v1.0.5
   Compiling libc v0.2.189
   Compiling serde v1.0.229
   Compiling serde_derive v1.0.229
   Compiling num-integer v0.1.47
   Compiling pin-project-internal v1.1.13
   Compiling rune-alloc-macros v0.14.2
   Compiling typenum v1.20.1
   Compiling once_cell v1.21.4
   Compiling critical-section v1.2.0
   Compiling pin-project v1.1.13
   Compiling musli-macros v0.0.124
   Compiling shlex v2.0.1
   Compiling find-msvc-tools v0.1.12
   Compiling musli-core v0.0.124
   Compiling cc v1.4.6
   Compiling rune-alloc v0.14.2
   Compiling num-bigint v0.4.8
   Compiling pin-project-lite v0.2.17
   Compiling anyhow v1.0.104
   Compiling zmij v1.0.23
   Compiling twox-hash v2.1.4
   Compiling rune-core v0.14.2
   Compiling blake3 v1.8.7
   Compiling musli v0.0.124
   Compiling errno v0.3.14
   Compiling block-buffer v0.10.4
   Compiling num-rational v0.4.2
   Compiling crypto-common v0.1.7
   Compiling num-iter v0.1.46
   Compiling rune-tracing-macros v0.14.2
   Compiling num-complex v0.4.6
   Compiling futures-task v0.3.34
   Compiling slab v0.4.12
   Compiling futures-core v0.3.34
   Compiling winnow v1.0.4
   Compiling serde_json v1.0.151
   Compiling memchr v2.8.3
   Compiling itoa v1.0.18
   Compiling toml_parser v1.1.3+spec-1.1.0
   Compiling futures-util v0.3.34
   Compiling num v0.4.3
   Compiling rune-tracing v0.14.2
   Compiling digest v0.10.7
   Compiling signal-hook-registry v1.4.8
   Compiling rune-macros v0.14.2
   Compiling mio v1.2.3
   Compiling tokio-macros v2.7.2
   Compiling serde_spanned v1.1.1
   Compiling toml_datetime v0.7.5+spec-1.1.0
   Compiling ryu v1.0.23
   Compiling cpufeatures v0.3.1
   Compiling arrayvec v0.7.8
   Compiling toml_writer v1.1.2+spec-1.1.0
   Compiling cpufeatures v0.2.17
   Compiling constant_time_eq v0.4.2
   Compiling winnow v0.7.15
   Compiling bytes v1.12.1
   Compiling syntree v0.18.0
   Compiling rune v0.14.2
   Compiling tokio v1.53.1
   Compiling sha2 v0.10.9
   Compiling toml v0.9.12+spec-1.1.0
   Compiling rnx-project v0.0.0 (/home/me/work/rnx-bench/probes/one-install-final/target/profile-source/tools/project)
    Finished `release` profile [optimized] target(s) in 1m 33s
