COMMAND ['cargo', 'fmt', '--check', '--manifest-path', '/home/me/work/rnx-bench/probes/runtime-install/target/data/rnx/runtimes/entries/397e64c34785e3c2fda3576ce4f1e94718ee96d635eae0f330b8a55bb7bde511/source/tools/project/Cargo.toml']
COMMAND ['cargo', 'clippy', '--locked', '--offline', '--all-targets', '--target-dir', '/home/me/work/rnx-bench/probes/runtime-install/target/tool-check', '--manifest-path', '/home/me/work/rnx-bench/probes/runtime-install/target/data/rnx/runtimes/entries/397e64c34785e3c2fda3576ce4f1e94718ee96d635eae0f330b8a55bb7bde511/source/tools/project/Cargo.toml', '--', '-D', 'warnings']
   Compiling proc-macro2 v1.0.107
   Compiling unicode-ident v1.0.24
   Compiling quote v1.0.47
   Compiling version_check v0.9.5
   Compiling zerocopy v0.8.57
   Compiling serde_core v1.0.229
   Compiling autocfg v1.5.1
   Compiling portable-atomic v1.15.0
   Compiling libc v0.2.189
   Compiling serde v1.0.229
    Checking cfg-if v1.0.5
    Checking critical-section v1.2.0
   Compiling once_cell v1.21.4
    Checking typenum v1.20.1
   Compiling twox-hash v2.1.4
    Checking pin-project-lite v0.2.17
   Compiling anyhow v1.0.104
   Compiling zmij v1.0.23
    Checking memchr v2.8.3
    Checking futures-task v0.3.34
    Checking slab v0.4.12
    Checking futures-core v0.3.34
    Checking winnow v1.0.4
   Compiling serde_json v1.0.151
    Checking itoa v1.0.18
    Checking syntree v0.18.0
    Checking toml_writer v1.1.2+spec-1.1.0
    Checking bytes v1.12.1
    Checking ryu v1.0.23
    Checking winnow v0.7.15
    Checking cpufeatures v0.2.17
    Checking futures-util v0.3.34
    Checking toml_parser v1.1.3+spec-1.1.0
   Compiling ahash v0.8.12
   Compiling generic-array v0.14.7
   Compiling num-traits v0.2.19
    Checking block-buffer v0.10.4
    Checking crypto-common v0.1.7
    Checking digest v0.10.7
    Checking errno v0.3.14
    Checking mio v1.2.3
   Compiling syn v2.0.119
   Compiling syn v3.0.5
    Checking sha2 v0.10.9
    Checking signal-hook-registry v1.4.8
    Checking num-integer v0.1.47
    Checking num-complex v0.4.6
    Checking num-bigint v0.4.8
    Checking num-iter v0.1.46
    Checking toml_datetime v0.7.5+spec-1.1.0
    Checking serde_spanned v1.1.1
    Checking toml v0.9.12+spec-1.1.0
    Checking num-rational v0.4.2
    Checking num v0.4.3
   Compiling serde_derive v1.0.229
   Compiling tokio-macros v2.7.2
   Compiling pin-project-internal v1.1.13
   Compiling rune-alloc-macros v0.14.2
   Compiling musli-macros v0.0.124
   Compiling rune-tracing-macros v0.14.2
    Checking tokio v1.53.1
    Checking rune-tracing v0.14.2
   Compiling pin-project v1.1.13
    Checking rune-alloc v0.14.2
    Checking musli-core v0.0.124
    Checking musli v0.0.124
    Checking rune-core v0.14.2
   Compiling rune-macros v0.14.2
    Checking rune v0.14.2
    Checking rnx-project v0.0.0 (/home/me/work/rnx-bench/probes/runtime-install/target/data/rnx/runtimes/entries/397e64c34785e3c2fda3576ce4f1e94718ee96d635eae0f330b8a55bb7bde511/source/tools/project)
    Finished `dev` profile [unoptimized] target(s) in 54.40s
COMMAND ['cargo', 'test', '--locked', '--offline', '--target-dir', '/home/me/work/rnx-bench/probes/runtime-install/target/tool-check', '--manifest-path', '/home/me/work/rnx-bench/probes/runtime-install/target/data/rnx/runtimes/entries/397e64c34785e3c2fda3576ce4f1e94718ee96d635eae0f330b8a55bb7bde511/source/tools/project/Cargo.toml']
   Compiling typenum v1.20.1
   Compiling critical-section v1.2.0
   Compiling pin-project-lite v0.2.17
   Compiling futures-task v0.3.34
   Compiling futures-core v0.3.34
   Compiling winnow v1.0.4
   Compiling memchr v2.8.3
   Compiling itoa v1.0.18
   Compiling slab v0.4.12
   Compiling bytes v1.12.1
   Compiling serde_core v1.0.229
   Compiling cpufeatures v0.2.17
   Compiling syntree v0.18.0
   Compiling toml_writer v1.1.2+spec-1.1.0
   Compiling ryu v1.0.23
   Compiling portable-atomic v1.15.0
   Compiling libc v0.2.189
   Compiling zmij v1.0.23
   Compiling anyhow v1.0.104
   Compiling winnow v0.7.15
   Compiling num-traits v0.2.19
   Compiling musli-core v0.0.124
   Compiling rune-tracing v0.14.2
   Compiling futures-util v0.3.34
   Compiling once_cell v1.21.4
   Compiling ahash v0.8.12
   Compiling toml_parser v1.1.3+spec-1.1.0
   Compiling generic-array v0.14.7
   Compiling num-integer v0.1.47
   Compiling num-complex v0.4.6
   Compiling errno v0.3.14
   Compiling mio v1.2.3
   Compiling signal-hook-registry v1.4.8
   Compiling num-bigint v0.4.8
   Compiling num-iter v0.1.46
   Compiling crypto-common v0.1.7
   Compiling block-buffer v0.10.4
   Compiling digest v0.10.7
   Compiling tokio v1.53.1
   Compiling sha2 v0.10.9
   Compiling musli v0.0.124
   Compiling serde v1.0.229
   Compiling toml_datetime v0.7.5+spec-1.1.0
   Compiling serde_spanned v1.1.1
   Compiling serde_json v1.0.151
   Compiling num-rational v0.4.2
   Compiling toml v0.9.12+spec-1.1.0
   Compiling rune-alloc v0.14.2
   Compiling num v0.4.3
   Compiling rune-core v0.14.2
   Compiling rune v0.14.2
   Compiling rnx-project v0.0.0 (/home/me/work/rnx-bench/probes/runtime-install/target/data/rnx/runtimes/entries/397e64c34785e3c2fda3576ce4f1e94718ee96d635eae0f330b8a55bb7bde511/source/tools/project)
    Finished `test` profile [unoptimized] target(s) in 1m 01s
     Running unittests src/lib.rs (probes/runtime-install/target/tool-check/debug/deps/rnx_project-23bc18a1541946bf)

running 42 tests
test fingerprint::tests::shared_reader_refuses_early_eof_and_growth_for_single_and_tree ... ok
test artifact::tests::metadata_default_and_explicit_hash_have_the_documented_difference ... ok
test inventory::tests::repository_audit ... ignored, requires the explicitly named, staged rnx repository and an external evidence path
test graph::tests::diamond_expands_twice_but_reads_each_manifest_once ... ok
test graph::tests::lexical_back_edge_is_detected_by_canonical_identity ... ok
test maps::tests::identical_reuses_missing_and_different_publish_and_failure_survives ... ok
test inventory::tests::source_diamond_hashes_once_and_outside_manifest_is_an_input ... ok
test fingerprint::tests::allowances_span_roots_and_bound_empty_entries ... ok
test artifact::tests::receipt_versions_and_fields_are_validated ... ok
test cache_identity::tests::persisted_identity_is_strict_and_canonical ... ok
test artifact::tests::replacement_mode_and_pre_epoch_time_are_observed ... ok
test fingerprint::tests::single_file_preserves_modes_and_refusals ... ok
test maps::tests::unreadable_map_refuses_without_publication ... ok
test graph::tests::cycle_names_edge_and_does_not_reread_ancestor ... ok
test graph::tests::exactly_64_manifests_then_refuse_before_the_next_read ... ok
test graph::tests::mounts_256_can_share_one_manifest_and_257_refuses ... ok
test inventory::tests::declared_source_root_symlink_is_not_hidden_by_canonicalization ... ok
test fingerprint::tests::versioned_encoding_and_changes ... ok
test tests::manifest_to_runner_handoff ... ignored, requires an explicitly built project-sources rnx binary
test tests::assembly_stages_without_overwriting_and_verifies_before_launch ... ok
test fingerprint::tests::source_exclusions_are_exact_and_scoped ... ok
test cache_identity::tests::build_context_changes_cannot_reuse_a_key ... ok
test tests::declared_table_limits_and_duplicate_json_aliases ... ok
test tests::real_manifests_expand_transitives_diamond_and_cycle ... ok
test fingerprint::tests::single_file_matches_tree_record_and_shared_allowance ... ok
test graph::tests::depth_16_passes_17_refuses_before_read ... ok
test tests::native_generation_is_ordered_and_cannot_inject_rust ... ok
test maps::tests::symlink_and_fifo_never_publish_or_block ... ok
test tests::manifests_round_trip_and_reject_conflicts_and_unknowns ... ok
test inventory::tests::external_workspace_redirect_is_recorded ... ok
test fingerprint::tests::submodules_and_unmerged_entries_refuse ... ok
test tests::manifest_read_bound_utf8_and_regular_files ... ok
test maps::tests::oversized_and_non_regular_maps_never_publish ... ok
test fingerprint::tests::modes_symlinks_special_and_non_unicode_refuse ... ok
test fingerprint::tests::native_working_tree_not_index_and_ignored_qualification ... ok
test tests::locks_are_strict_documents_not_verified_content ... ok
test inventory::tests::shared_roots_keep_associations_but_hash_once ... ok
test inventory::tests::external_configuration_creation_and_include_stop ... ok
test cache_identity::tests::inventory_associations_and_bounds_are_not_optional ... ok
test inventory::tests::real_cargo_transitive_mutation_preserves_lock_but_changes_identity ... ok
test tests::inventory_limits_paths_and_hashes ... ok
test tests::capability_refuses_bad_replies_and_retires_timed_out_child ... ok

test result: ok. 40 passed; 0 failed; 2 ignored; 0 measured; 0 filtered out; finished in 1.19s

   Doc-tests rnx_project

running 0 tests

test result: ok. 0 passed; 0 failed; 0 ignored; 0 measured; 0 filtered out; finished in 0.00s

COMMAND ['cargo', 'clippy', '--manifest-path', '/home/me/work/rnx-bench/probes/runtime-install/target/data/rnx/runtimes/entries/397e64c34785e3c2fda3576ce4f1e94718ee96d635eae0f330b8a55bb7bde511/source/tools/project/Cargo.toml', '--locked', '--offline', '--all-targets', '--target-dir', '/home/me/work/rnx-bench/probes/runtime-install/target/tool-check', '--features', 'test-support', '--', '-D', 'warnings']
    Checking rnx-project v0.0.0 (/home/me/work/rnx-bench/probes/runtime-install/target/data/rnx/runtimes/entries/397e64c34785e3c2fda3576ce4f1e94718ee96d635eae0f330b8a55bb7bde511/source/tools/project)
    Finished `dev` profile [unoptimized] target(s) in 2.83s
COMMAND ['cargo', 'test', '--manifest-path', '/home/me/work/rnx-bench/probes/runtime-install/target/data/rnx/runtimes/entries/397e64c34785e3c2fda3576ce4f1e94718ee96d635eae0f330b8a55bb7bde511/source/tools/project/Cargo.toml', '--locked', '--offline', '--all-targets', '--target-dir', '/home/me/work/rnx-bench/probes/runtime-install/target/tool-check', '--features', 'test-support']
   Compiling rnx-project v0.0.0 (/home/me/work/rnx-bench/probes/runtime-install/target/data/rnx/runtimes/entries/397e64c34785e3c2fda3576ce4f1e94718ee96d635eae0f330b8a55bb7bde511/source/tools/project)
    Finished `test` profile [unoptimized] target(s) in 5.19s
     Running unittests src/lib.rs (probes/runtime-install/target/tool-check/debug/deps/rnx_project-41454f05a05af319)

running 42 tests
test fingerprint::tests::allowances_span_roots_and_bound_empty_entries ... ok
test artifact::tests::receipt_versions_and_fields_are_validated ... ok
test artifact::tests::metadata_default_and_explicit_hash_have_the_documented_difference ... ok
test artifact::tests::replacement_mode_and_pre_epoch_time_are_observed ... ok
test fingerprint::tests::shared_reader_refuses_early_eof_and_growth_for_single_and_tree ... ok
test cache_identity::tests::persisted_identity_is_strict_and_canonical ... ok
test graph::tests::cycle_names_edge_and_does_not_reread_ancestor ... ok
test fingerprint::tests::versioned_encoding_and_changes ... ok
test graph::tests::lexical_back_edge_is_detected_by_canonical_identity ... ok
test graph::tests::diamond_expands_twice_but_reads_each_manifest_once ... ok
test fingerprint::tests::source_exclusions_are_exact_and_scoped ... ok
test inventory::tests::repository_audit ... ignored, requires the explicitly named, staged rnx repository and an external evidence path
test inventory::tests::declared_source_root_symlink_is_not_hidden_by_canonicalization ... ok
test cache_identity::tests::build_context_changes_cannot_reuse_a_key ... ok
test maps::tests::identical_reuses_missing_and_different_publish_and_failure_survives ... ok
test maps::tests::unreadable_map_refuses_without_publication ... ok
test fingerprint::tests::single_file_matches_tree_record_and_shared_allowance ... ok
test tests::manifest_to_runner_handoff ... ignored, requires an explicitly built project-sources rnx binary
test graph::tests::depth_16_passes_17_refuses_before_read ... ok
test inventory::tests::source_diamond_hashes_once_and_outside_manifest_is_an_input ... ok
test tests::manifests_round_trip_and_reject_conflicts_and_unknowns ... ok
test tests::native_generation_is_ordered_and_cannot_inject_rust ... ok
test tests::assembly_stages_without_overwriting_and_verifies_before_launch ... ok
test graph::tests::exactly_64_manifests_then_refuse_before_the_next_read ... ok
test tests::real_manifests_expand_transitives_diamond_and_cycle ... ok
test graph::tests::mounts_256_can_share_one_manifest_and_257_refuses ... ok
test fingerprint::tests::single_file_preserves_modes_and_refusals ... ok
test maps::tests::symlink_and_fifo_never_publish_or_block ... ok
test tests::declared_table_limits_and_duplicate_json_aliases ... ok
test tests::manifest_read_bound_utf8_and_regular_files ... ok
test fingerprint::tests::submodules_and_unmerged_entries_refuse ... ok
test inventory::tests::external_workspace_redirect_is_recorded ... ok
test maps::tests::oversized_and_non_regular_maps_never_publish ... ok
test fingerprint::tests::modes_symlinks_special_and_non_unicode_refuse ... ok
test fingerprint::tests::native_working_tree_not_index_and_ignored_qualification ... ok
test inventory::tests::shared_roots_keep_associations_but_hash_once ... ok
test tests::locks_are_strict_documents_not_verified_content ... ok
test inventory::tests::external_configuration_creation_and_include_stop ... ok
test cache_identity::tests::inventory_associations_and_bounds_are_not_optional ... ok
test inventory::tests::real_cargo_transitive_mutation_preserves_lock_but_changes_identity ... ok
test tests::inventory_limits_paths_and_hashes ... ok
test tests::capability_refuses_bad_replies_and_retires_timed_out_child ... ok

test result: ok. 40 passed; 0 failed; 2 ignored; 0 measured; 0 filtered out; finished in 1.03s

     Running unittests src/main.rs (probes/runtime-install/target/tool-check/debug/deps/rnx_project-ecb8ff29fd12200e)

running 33 tests
test artifact::tests::metadata_default_and_explicit_hash_have_the_documented_difference ... ok
test artifact::tests::replacement_mode_and_pre_epoch_time_are_observed ... ok
test fingerprint::tests::allowances_span_roots_and_bound_empty_entries ... ok
test artifact::tests::receipt_versions_and_fields_are_validated ... ok
test cache_identity::tests::persisted_identity_is_strict_and_canonical ... ok
test cache_identity::tests::build_context_changes_cannot_reuse_a_key ... ok
test graph::tests::cycle_names_edge_and_does_not_reread_ancestor ... ok
test fingerprint::tests::versioned_encoding_and_changes ... ok
test inventory::tests::repository_audit ... ignored, requires the explicitly named, staged rnx repository and an external evidence path
test inventory::tests::declared_source_root_symlink_is_not_hidden_by_canonicalization ... ok
test fingerprint::tests::single_file_matches_tree_record_and_shared_allowance ... ok
test maps::tests::identical_reuses_missing_and_different_publish_and_failure_survives ... ok
test fingerprint::tests::shared_reader_refuses_early_eof_and_growth_for_single_and_tree ... ok
test fingerprint::tests::source_exclusions_are_exact_and_scoped ... ok
test dep_wire::tests::framing ... ok
test graph::tests::diamond_expands_twice_but_reads_each_manifest_once ... ok
test graph::tests::lexical_back_edge_is_detected_by_canonical_identity ... ok
test graph::tests::mounts_256_can_share_one_manifest_and_257_refuses ... ok
test maps::tests::unreadable_map_refuses_without_publication ... ok
test graph::tests::depth_16_passes_17_refuses_before_read ... ok
test inventory::tests::source_diamond_hashes_once_and_outside_manifest_is_an_input ... ok
test graph::tests::exactly_64_manifests_then_refuse_before_the_next_read ... ok
test fingerprint::tests::single_file_preserves_modes_and_refusals ... ok
test maps::tests::symlink_and_fifo_never_publish_or_block ... ok
test maps::tests::oversized_and_non_regular_maps_never_publish ... ok
test inventory::tests::external_workspace_redirect_is_recorded ... ok
test fingerprint::tests::submodules_and_unmerged_entries_refuse ... ok
test fingerprint::tests::modes_symlinks_special_and_non_unicode_refuse ... ok
test fingerprint::tests::native_working_tree_not_index_and_ignored_qualification ... ok
test inventory::tests::shared_roots_keep_associations_but_hash_once ... ok
test inventory::tests::external_configuration_creation_and_include_stop ... ok
test cache_identity::tests::inventory_associations_and_bounds_are_not_optional ... ok
test inventory::tests::real_cargo_transitive_mutation_preserves_lock_but_changes_identity ... ok

test result: ok. 32 passed; 0 failed; 1 ignored; 0 measured; 0 filtered out; finished in 0.37s

     Running unittests src/assembly_probe.rs (probes/runtime-install/target/tool-check/debug/deps/rnx_project_assembly_probe-e976faaad4b08d26)

running 28 tests
test artifact::tests::metadata_default_and_explicit_hash_have_the_documented_difference ... ok
test artifact::tests::receipt_versions_and_fields_are_validated ... ok
test fingerprint::tests::shared_reader_refuses_early_eof_and_growth_for_single_and_tree ... ok
test fingerprint::tests::versioned_encoding_and_changes ... ok
test fingerprint::tests::source_exclusions_are_exact_and_scoped ... ok
test graph::tests::cycle_names_edge_and_does_not_reread_ancestor ... ok
test graph::tests::lexical_back_edge_is_detected_by_canonical_identity ... ok
test artifact::tests::replacement_mode_and_pre_epoch_time_are_observed ... ok
test graph::tests::diamond_expands_twice_but_reads_each_manifest_once ... ok
test inventory::tests::repository_audit ... ignored, requires the explicitly named, staged rnx repository and an external evidence path
test fingerprint::tests::allowances_span_roots_and_bound_empty_entries ... ok
test inventory::tests::declared_source_root_symlink_is_not_hidden_by_canonicalization ... ok
test cache_identity::tests::persisted_identity_is_strict_and_canonical ... ok
test fingerprint::tests::single_file_matches_tree_record_and_shared_allowance ... ok
test cache_identity::tests::build_context_changes_cannot_reuse_a_key ... ok
test graph::tests::depth_16_passes_17_refuses_before_read ... ok
test graph::tests::exactly_64_manifests_then_refuse_before_the_next_read ... ok
test inventory::tests::source_diamond_hashes_once_and_outside_manifest_is_an_input ... ok
test graph::tests::mounts_256_can_share_one_manifest_and_257_refuses ... ok
test fingerprint::tests::single_file_preserves_modes_and_refusals ... ok
test inventory::tests::external_workspace_redirect_is_recorded ... ok
test fingerprint::tests::submodules_and_unmerged_entries_refuse ... ok
test fingerprint::tests::modes_symlinks_special_and_non_unicode_refuse ... ok
test fingerprint::tests::native_working_tree_not_index_and_ignored_qualification ... ok
test inventory::tests::shared_roots_keep_associations_but_hash_once ... ok
test inventory::tests::external_configuration_creation_and_include_stop ... ok
test cache_identity::tests::inventory_associations_and_bounds_are_not_optional ... ok
test inventory::tests::real_cargo_transitive_mutation_preserves_lock_but_changes_identity ... ok

test result: ok. 27 passed; 0 failed; 1 ignored; 0 measured; 0 filtered out; finished in 0.37s

