     Locking 1 package to latest Rust 1.98.1 compatible version
    Updating rayon v1.11.0 -> v1.12.0
   Compiling version_check v0.9.5
   Compiling crossbeam-utils v0.8.23
   Compiling crossbeam-epoch v0.9.21
   Compiling proc-macro2 v1.0.107
   Compiling typenum v1.20.1
   Compiling rayon-core v1.13.0
   Compiling crossbeam-deque v0.8.8
   Compiling unicode-ident v1.0.26
   Compiling quote v1.0.47
   Compiling serde_core v1.0.229
   Compiling find-msvc-tools v0.1.12
   Compiling shlex v2.0.1
   Compiling zmij v1.0.23
   Compiling serde v1.0.229
   Compiling cfg-if v1.0.5
   Compiling libc v0.2.189
   Compiling serde_json v1.0.151
   Compiling constant_time_eq v0.4.2
   Compiling memchr v2.8.3
   Compiling itoa v1.0.18
   Compiling cpufeatures v0.2.17
   Compiling cpufeatures v0.3.1
   Compiling either v1.18.0
   Compiling arrayvec v0.7.8
   Compiling cc v1.4.6
   Compiling generic-array v0.14.7
   Compiling syn v3.0.6
   Compiling blake3 v1.8.7
   Compiling crypto-common v0.1.7
   Compiling block-buffer v0.10.4
   Compiling digest v0.10.7
   Compiling rayon v1.12.0
   Compiling sha2 v0.10.9
   Compiling serde_derive v1.0.229
   Compiling rnx-hash-choice-probe v0.0.0 (/home/me/work/rnx-bench/probes/hash-choice)
error[E0283]: type annotations needed
   --> src/single.rs:205:28
    |
205 |         tree.update(digest.as_ref());
    |                            ^^^^^^
    |
    = note: multiple `impl`s satisfying `GenericArray<u8, UInt<UInt<UInt<UInt<UInt<UInt<UTerm, B1>, B0>, B0>, B0>, B0>, B0>>: AsRef<_>` found in the `generic_array` crate:
            - impl<T, N> AsRef<[T]> for GenericArray<T, N>
              where N: ArrayLength<T>;
            - impl<T> AsRef<[T; 32]> for GenericArray<T, UInt<UInt<UInt<UInt<UInt<UInt<UTerm, B1>, B0>, B0>, B0>, B0>, B0>>;
help: try using a fully qualified path to specify the expected types
    |
205 -         tree.update(digest.as_ref());
205 +         tree.update(<GenericArray<u8, UInt<UInt<UInt<UInt<UInt<UInt<UTerm, B1>, B0>, B0>, B0>, B0>, B0>> as AsRef<T>>::as_ref(&digest));
    |

error[E0283]: type annotations needed
   --> src/single.rs:205:28
    |
205 |         tree.update(digest.as_ref());
    |              ------        ^^^^^^
    |              |
    |              type must be known at this point
    |
note: multiple `impl`s satisfying `_: AsRef<[u8]>` found
   --> src/main.rs:18:1
    |
 18 | impl AsRef<[u8]> for Hex {
    | ^^^^^^^^^^^^^^^^^^^^^^^^
    = note: and more `impl`s found in the following crates: `alloc`, `core`:
            - impl AsRef<[u8]> for ByteStr;
            - impl AsRef<[u8]> for ByteString;
            - impl AsRef<[u8]> for core::wtf8::Wtf8;
            - impl AsRef<[u8]> for std::string::String;
            - impl AsRef<[u8]> for str;
    = note: required for `&_` to implement `AsRef<[u8]>`
note: required by a bound in `sha2::Digest::update`
   --> /home/me/.cargo/registry/src/index.crates.io-1949cf8c6b5b557f/digest-0.10.7/src/digest.rs:23:37
    |
 23 |     fn update(&mut self, data: impl AsRef<[u8]>);
    |                                     ^^^^^^^^^^^ required by this bound in `Digest::update`
help: try using a fully qualified path to specify the expected types
    |
205 -         tree.update(digest.as_ref());
205 +         tree.update(<GenericArray<u8, UInt<UInt<UInt<UInt<UInt<UInt<UTerm, B1>, B0>, B0>, B0>, B0>, B0>> as AsRef<T>>::as_ref(&digest));
    |

For more information about this error, try `rustc --explain E0283`.
error: could not compile `rnx-hash-choice-probe` (bin "rnx-hash-choice-probe") due to 2 previous errors
