   Compiling version_check v0.9.5
   Compiling crossbeam-utils v0.8.23
   Compiling proc-macro2 v1.0.107
   Compiling crossbeam-epoch v0.9.21
   Compiling unicode-ident v1.0.26
   Compiling crossbeam-deque v0.8.8
   Compiling quote v1.0.47
   Compiling rayon-core v1.13.0
    Checking typenum v1.20.1
   Compiling shlex v2.0.1
   Compiling serde_core v1.0.229
   Compiling find-msvc-tools v0.1.12
   Compiling zmij v1.0.23
   Compiling libc v0.2.189
   Compiling serde_json v1.0.151
    Checking cfg-if v1.0.5
   Compiling serde v1.0.229
    Checking constant_time_eq v0.4.2
    Checking cpufeatures v0.3.1
    Checking cpufeatures v0.2.17
    Checking itoa v1.0.18
    Checking memchr v2.8.3
    Checking arrayvec v0.7.8
    Checking either v1.18.0
   Compiling cc v1.4.6
   Compiling generic-array v0.14.7
   Compiling syn v3.0.6
    Checking crypto-common v0.1.7
    Checking block-buffer v0.10.4
    Checking digest v0.10.7
    Checking rayon v1.12.0
   Compiling blake3 v1.8.7
    Checking sha2 v0.10.9
   Compiling serde_derive v1.0.229
    Checking rnx-hash-choice-probe v0.0.0 (/home/me/work/rnx-bench/probes/hash-choice)
    Finished `dev` profile [unoptimized + debuginfo] target(s) in 2.66s
