    Checking cfg-if v1.0.5
    Checking pin-project-lite v0.2.17
    Checking memchr v2.8.3
    Checking futures-core v0.3.34
    Checking stable_deref_trait v1.2.1
    Checking smallvec v1.16.1
    Checking futures-sink v0.3.34
    Checking critical-section v1.2.0
    Checking itoa v1.0.18
    Checking slab v0.4.12
    Checking futures-io v0.3.34
    Checking allocator-api2 v0.2.21
    Checking equivalent v1.0.2
    Checking futures-task v0.3.34
    Checking litemap v0.8.3
    Checking serde_core v1.0.229
    Checking libc v0.2.189
    Checking libm v0.2.16
    Checking crossbeam-utils v0.8.23
    Checking portable-atomic v1.15.0
    Checking writeable v0.6.4
    Checking either v1.18.0
    Checking utf8_iter v1.0.4
    Checking zeroize v1.9.0
    Checking percent-encoding v2.3.2
    Checking futures-channel v0.3.34
    Checking foldhash v0.2.0
    Checking icu_properties_data v2.3.0
    Checking icu_normalizer_data v2.3.0
    Checking adler2 v2.0.1
    Checking untrusted v0.9.0
    Checking zerofrom v0.1.8
    Checking simd-adler32 v0.3.10
    Checking crc32fast v1.5.2
    Checking fnv v1.0.7
    Checking try-lock v0.2.5
    Checking zlib-rs v0.6.8
    Checking tower-service v0.3.3
    Checking atomic-waker v1.1.2
    Checking httparse v1.10.1
    Checking compression-core v0.4.33
    Checking subtle v2.6.1
    Checking ryu v1.0.23
    Checking rand_core v0.10.1
    Checking form_urlencoded v1.2.2
    Checking zerocopy v0.8.57
    Checking sync_wrapper v1.0.2
    Checking rustls-pki-types v1.15.1
    Checking ipnet v2.12.2
    Checking want v0.3.1
    Checking cpufeatures v0.3.1
    Checking base64 v0.22.1
    Checking openssl-probe v0.2.1
    Checking yoke v0.8.3
    Checking miniz_oxide v0.9.1
    Checking tower-layer v0.3.3
    Checking zmij v1.0.23
    Checking log v0.4.34
    Checking iana-time-zone v0.1.65
    Checking foldhash v0.1.5
    Checking scopeguard v1.2.0
    Checking regex-syntax v0.8.11
    Checking same-file v1.0.6
    Checking array-init-cursor v0.2.1
    Checking thiserror v2.0.20
    Checking psm v0.1.32
    Checking itertools v0.14.0
    Checking chacha20 v0.10.2
    Checking humantime v2.4.0
    Checking lock_api v0.4.14
    Checking bytemuck v1.25.2
    Checking walkdir v2.5.0
    Checking simdutf8 v0.1.5
    Checking zerovec v0.11.8
    Checking zerotrie v0.2.5
    Checking hashbrown v0.15.5
    Checking castaway v0.2.4
    Checking unty v0.0.4
    Checking static_assertions v1.1.0
    Checking slotmap v1.1.1
    Checking once_cell v1.21.4
    Checking siphasher v1.0.3
    Checking crossbeam-epoch v0.9.21
    Checking zstd-sys v2.1.0+zstd.1.5.7
    Checking ethnum v1.5.3
    Checking streaming-iterator v0.1.9
    Checking dyn-clone v1.0.20
    Checking debug_unsafe v0.1.4
    Checking strength_reduce v0.2.4
    Checking webpki-roots v1.0.9
    Checking rustls-native-certs v0.8.4
    Checking fast-float2 v0.2.4
    Checking zstd-safe v7.3.0
    Checking atoi_simd v0.18.1
    Checking boxcar v0.2.14
    Checking crossbeam-channel v0.5.17
    Checking futures-util v0.3.34
    Checking aho-corasick v1.1.5
    Checking phf_shared v0.12.1
    Checking alloc-no-stdlib v2.0.4
    Checking typenum v1.20.1
    Checking tracing-core v0.1.36
    Checking xxhash-rust v0.8.18
    Checking linux-raw-sys v0.12.1
    Checking fallible-streaming-iterator v0.1.9
    Checking home v0.5.12
    Checking alloc-stdlib v0.2.4
    Checking crossbeam-deque v0.8.8
    Checking async-stream v0.3.6
    Checking phf v0.12.1
    Checking zstd v0.13.3
    Checking snap v1.1.2
    Checking streaming-decompression v0.1.2
    Checking arrayvec v0.7.8
    Checking constant_time_eq v0.4.2
    Checking brotli-decompressor v5.0.3
    Checking crossbeam-queue v0.3.14
    Checking fastrand v2.5.0
    Checking glob v0.3.4
    Checking hex v0.4.3
    Checking rayon-core v1.13.0
    Checking parking v2.2.1
    Checking musli-core v0.0.124
    Checking pin-project v1.1.13
    Checking concurrent-queue v2.5.0
    Checking thread_local v1.1.10
    Checking blake3 v1.8.7
    Checking event-listener v5.4.2
    Checking nibble_vec v0.1.0
    Checking tracing v0.1.44
    Checking twox-hash v2.1.4
    Checking endian-type v0.2.0
    Checking rune-tracing v0.14.2
    Checking anyhow v1.0.104
    Checking utf8parse v0.2.2
    Checking unicode-width v0.2.2
    Checking unicode-ident v1.0.26
    Checking unicode-segmentation v1.13.3
    Checking syntree v0.18.0
    Checking jiff v0.2.24
    Checking tinystr v0.8.4
    Checking potential_utf v0.1.6
    Checking radix_trie v0.3.0
    Checking planus v1.1.1
    Checking event-listener-strategy v0.5.4
    Checking icu_collections v2.3.0
    Checking icu_locale_core v2.3.0
    Checking num-traits v0.2.19
    Checking rayon v1.12.0
    Checking async-channel v2.5.0
    Checking flate2 v1.1.10
    Checking hybrid-array v0.4.15
    Checking rmp v0.8.15
    Checking num-integer v0.1.47
    Checking num-complex v0.4.6
    Checking regex-automata v0.4.18
    Checking compression-codecs v0.4.43
    Checking brotli v8.0.4
    Checking icu_provider v2.3.1
    Checking num-bigint v0.4.8
    Checking num-iter v0.1.46
    Checking serde v1.0.229
    Checking bitflags v2.13.2
    Checking serde_json v1.0.151
    Checking raw-cpuid v11.6.0
    Checking rustix v1.1.5
    Checking socket2 v0.6.5
    Checking mio v1.2.3
    Checking getrandom v0.2.17
    Checking getrandom v0.4.3
    Checking errno v0.3.14
    Checking parking_lot_core v0.9.12
    Checking stacker v0.1.25
    Checking sysinfo v0.39.6
    Checking memmap2 v0.9.11
    Checking lz4-sys v1.11.1+lz4-1.10.0
    Checking nix v0.31.3
    Checking icu_normalizer v2.3.0
    Checking icu_properties v2.3.0
    Checking lz4 v1.28.1
    Checking signal-hook-registry v1.4.8
    Checking ring v0.17.14
    Checking serde_stacker v0.1.14
    Checking recursive v0.1.1
    Checking rand v0.10.2
    Checking uuid v1.26.1
    Checking parking_lot v0.12.5
    Checking musli v0.0.124
    Checking crypto-common v0.2.2
    Checking block-buffer v0.12.1
    Checking signal-hook v0.4.4
    Checking bytes v1.12.1
    Checking serde_urlencoded v0.7.1
    Checking chrono v0.4.45
    Checking quick-xml v0.39.4
    Checking polars-arrow-format v0.2.1
    Checking compact_str v0.9.1
    Checking bincode v2.0.1
    Checking rmp-serde v1.3.1
    Checking rand_distr v0.6.0
    Checking num-rational v0.4.2
    Checking hashbrown v0.17.1
    Checking digest v0.11.3
    Checking tokio v1.53.1
    Checking http v1.5.0
    Checking digest-io v0.1.0
    Checking num v0.4.3
    Checking chrono-tz v0.10.4
    Checking now v0.1.3
    Checking idna_adapter v1.2.2
    Checking regex v1.13.1
    Checking http-body v1.1.0
    Checking fs4 v1.1.0
    Checking idna v1.1.0
    Checking indexmap v2.14.2
    Checking http-body-util v0.1.5
    Checking rustyline v18.0.1
    Checking url v2.5.8
    Checking rustls-webpki v0.103.15
    Checking futures-executor v0.3.34
    Checking futures v0.3.34
    Checking polars-parquet-format v0.1.0
    Checking rustls v0.23.45
    Checking half v2.7.1
    Checking ahash v0.8.12
    Checking rune-alloc v0.14.2
    Checking argminmax v0.6.3
    Checking tokio-util v0.7.19
    Checking async-compression v0.4.48
    Checking tower v0.5.3
    Checking rune-core v0.14.2
    Checking h2 v0.4.19
    Checking tower-http v0.6.11
    Checking tokio-rustls v0.26.5
    Checking rune v0.14.2
    Checking hyper v1.11.1
    Checking hyper-util v0.1.20
    Checking hyper-rustls v0.27.9
    Checking reqwest v0.12.28
    Checking object_store v0.13.2
    Checking polars-error v0.55.2
    Checking polars-config v0.55.2
    Checking polars-utils v0.55.2
    Checking polars-buffer v0.55.2
    Checking polars-schema v0.55.2
    Checking polars-async v0.55.2
    Checking polars-arrow v0.55.2
    Checking polars-compute v0.55.2
    Checking polars-dtype v0.55.2
    Checking polars-row v0.55.2
    Checking polars-parquet v0.55.2
    Checking polars-core v0.55.2
    Checking polars-ops v0.55.2
    Checking polars-io v0.55.2
    Checking polars-time v0.55.2
    Checking polars-plan v0.55.2
    Checking polars-ooc v0.55.2
    Checking polars-expr v0.55.2
    Checking polars-mem-engine v0.55.2
    Checking polars-stream v0.55.2
    Checking rnx v0.0.0 (/home/me/work/rnx)
    Checking polars-lazy v0.55.2
    Checking polars v0.55.2
    Checking rnx-polars v0.0.0 (/home/me/work/rnx/adapters/polars)
    Finished `dev` profile [unoptimized] target(s) in 23.45s
