    Checking cfg-if v1.0.4
    Checking pin-project-lite v0.2.17
    Checking stable_deref_trait v1.2.1
    Checking bytes v1.12.1
    Checking futures-core v0.3.34
    Checking critical-section v1.2.0
    Checking smallvec v1.16.0
    Checking itoa v1.0.18
    Checking litemap v0.8.3
    Checking writeable v0.6.4
    Checking slab v0.4.12
    Checking futures-task v0.3.34
    Checking memchr v2.8.3
    Checking utf8_iter v1.0.4
    Checking libc v0.2.189
    Checking portable-atomic v1.15.0
    Checking serde_core v1.0.229
    Checking percent-encoding v2.3.2
    Checking zerofrom v0.1.8
    Checking num-traits v0.2.19
    Checking zeroize v1.9.0
    Checking icu_normalizer_data v2.3.0
    Checking icu_properties_data v2.3.0
    Checking simd-adler32 v0.3.10
    Checking typenum v1.20.1
    Checking untrusted v0.9.0
    Checking adler2 v2.0.1
    Checking crc32fast v1.5.2
    Checking zerocopy v0.8.56
    Checking tower-service v0.3.3
    Checking try-lock v0.2.5
    Checking musli-core v0.0.124
    Checking httparse v1.10.1
    Checking pin-project v1.1.13
    Checking futures-channel v0.3.34
    Checking futures-util v0.3.34
    Checking bitflags v2.13.1
    Checking atomic-waker v1.1.2
    Checking yoke v0.8.3
    Checking compression-core v0.4.33
    Checking ryu v1.0.23
    Checking form_urlencoded v1.2.2
    Checking want v0.3.1
    Checking subtle v2.6.1
    Checking sync_wrapper v1.0.2
    Checking twox-hash v2.1.4
    Checking futures-sink v0.3.34
    Checking rustls-pki-types v1.15.1
    Checking ipnet v2.12.2
    Checking winnow v1.0.4
    Checking tower-layer v0.3.3
    Checking miniz_oxide v0.9.1
    Checking base64 v0.22.1
    Checking nibble_vec v0.1.0
    Checking rune-tracing v0.14.2
    Checking zmij v1.0.23
    Checking anyhow v1.0.104
    Checking syntree v0.18.0
    Checking log v0.4.34
    Checking toml_writer v1.1.2+spec-1.1.0
    Checking winnow v0.7.15
    Checking cpufeatures v0.2.17
    Checking unicode-ident v1.0.24
    Checking cpufeatures v0.3.1
    Checking zerovec v0.11.8
    Checking zerotrie v0.2.5
    Checking arrayvec v0.7.8
    Checking constant_time_eq v0.4.2
    Checking once_cell v1.21.4
    Checking endian-type v0.2.0
    Checking utf8parse v0.2.2
    Checking unicode-segmentation v1.13.3
    Checking home v0.5.12
    Checking unicode-width v0.2.2
   Compiling rnx v0.0.0 (/home/me/work/rnx)
    Checking jiff v0.2.24
    Checking radix_trie v0.3.0
    Checking tracing-core v0.1.36
    Checking blake3 v1.8.7
    Checking toml_parser v1.1.3+spec-1.1.0
    Checking http v1.5.0
    Checking webpki-roots v1.0.9
    Checking num-integer v0.1.47
    Checking num-complex v0.4.6
    Checking flate2 v1.1.10
    Checking tracing v0.1.44
    Checking num-bigint v0.4.8
    Checking num-iter v0.1.46
    Checking tinystr v0.8.4
    Checking potential_utf v0.1.6
    Checking icu_collections v2.3.0
    Checking icu_locale_core v2.3.0
    Checking compression-codecs v0.4.41
    Checking generic-array v0.14.7
    Checking http-body v1.1.0
    Checking http-body-util v0.1.5
    Checking musli v0.0.124
    Checking block-buffer v0.10.4
    Checking crypto-common v0.1.7
    Checking errno v0.3.14
    Checking socket2 v0.6.5
    Checking mio v1.2.3
    Checking getrandom v0.2.17
    Checking nix v0.31.3
    Checking digest v0.10.7
    Checking signal-hook-registry v1.4.8
    Checking ring v0.17.14
    Checking sha2 v0.10.9
    Checking num-rational v0.4.2
    Checking icu_provider v2.3.1
    Checking serde v1.0.229
    Checking serde_spanned v1.1.1
    Checking toml_datetime v0.7.5+spec-1.1.0
    Checking serde_json v1.0.151
    Checking tokio v1.53.1
    Checking icu_normalizer v2.3.0
    Checking icu_properties v2.3.0
    Checking num v0.4.3
    Checking toml v0.9.12+spec-1.1.0
    Checking serde_urlencoded v0.7.1
    Checking rustls-webpki v0.103.15
    Checking idna_adapter v1.2.2
    Checking idna v1.1.0
    Checking rustyline v18.0.1
    Checking url v2.5.8
    Checking rustls v0.23.44
    Checking ahash v0.8.12
    Checking rune-alloc v0.14.2
    Checking rune-core v0.14.2
    Checking hyper v1.11.1
    Checking tokio-util v0.7.19
    Checking async-compression v0.4.46
    Checking tower v0.5.3
    Checking rune v0.14.2
    Checking tower-http v0.6.11
    Checking hyper-util v0.1.20
    Checking tokio-rustls v0.26.5
    Checking hyper-rustls v0.27.9
    Checking reqwest v0.12.28
    Checking rnx-project v0.0.0 (/home/me/work/rnx/tools/project)
error: using `clone` on type `Kind` which implements the `Copy` trait
   --> src/complete.rs:161:48
    |
161 |             let previous = first.checked_sub(1).map(|p| tokens[p].0.clone());
    |                                                         ^^^^^^^^^^^^^^^^^^^ help: try removing the `clone` call: `tokens[p].0`
    |
    = help: for further information visit https://rust-lang.github.io/rust-clippy/rust-1.98.0/index.html#clone_on_copy
    = note: `-D clippy::clone-on-copy` implied by `-D warnings`
    = help: to override `-D warnings` add `#[allow(clippy::clone_on_copy)]`

error: this `if` statement can be collapsed
   --> src/complete.rs:181:5
    |
181 | /                 if let Some(start) = open.pop() {
182 | |                     if start < cursor && cursor < range.end {
183 | |                         return true;
184 | |                     }
185 | |                 }
    | |_________________^
    |
    = help: for further information visit https://rust-lang.github.io/rust-clippy/rust-1.98.0/index.html#collapsible_if
    = note: `-D clippy::collapsible-if` implied by `-D warnings`
    = help: to override `-D warnings` add `#[allow(clippy::collapsible_if)]`
help: collapse nested if block
    |
181 ~                 if let Some(start) = open.pop()
182 ~                     && start < cursor && cursor < range.end {
183 |                         return true;
184 ~                     }
    |

error: call to `std::mem::drop` with a value that does not implement `Drop`. Dropping such a type only extends its contained lifetimes
    --> src/host.rs:1130:2
     |
1130 |     drop(put);
     |     ^^^^^^^^^
     |
note: argument has type `{closure@src/host.rs:1103:16: 1103:64}`
    --> src/host.rs:1130:7
     |
1130 |     drop(put);
     |          ^^^
     = help: for further information visit https://rust-lang.github.io/rust-clippy/rust-1.98.0/index.html#drop_non_drop
     = note: `-D clippy::drop-non-drop` implied by `-D warnings`
     = help: to override `-D warnings` add `#[allow(clippy::drop_non_drop)]`

error: unneeded late initialization
   --> src/presentation.rs:270:3
    |
270 |         let style;
    |         ^^^^^^^^^^
    |
    = help: for further information visit https://rust-lang.github.io/rust-clippy/rust-1.98.0/index.html#needless_late_init
    = note: `-D clippy::needless-late-init` implied by `-D warnings`
    = help: to override `-D warnings` add `#[allow(clippy::needless_late_init)]`
help: move the declaration `style` here and remove the assignments from the branches
    |
270 ~         
271 ~         let style = if rest.starts_with("//") {
272 |             at += rest.find('\n').unwrap_or(rest.len());
273 ~             Some(Style::Comment)
274 |         } else if rest.starts_with("/*") {
...
287 |             }
288 ~             Some(Style::Comment)
289 |         } else if matches!(c, '"' | '\'' | '`') || rest.starts_with("b\"") || rest.starts_with("b'")
...
308 |             }
309 ~             Some(Style::Literal)
310 |         } else if c.is_ascii_digit() {
...
326 |             }
327 ~             Some(Style::Number)
328 |         } else if unicode_ident::is_xid_start(c) || c == '_' {
...
336 |             }
337 ~             match &text[start..at] {
338 |                 "true" | "false" | "None" | "Some" => Some(Style::Number),
...
346 |                 _ => None,
347 ~             }
348 |         } else {
349 |             at += c.len_utf8();
350 ~             None
351 ~         };
    |

error: this `if` has identical blocks
   --> src/presentation.rs:314:49
    |
314 |                   if ch.is_ascii_alphanumeric() || ch == b'_' {
    |  _____________________________________________________________^
315 | |                     at += 1;
316 | |                 } else if ch == b'.' && text.as_bytes().get(at + 1).is_some_and(u8::is_ascii_digit)
    | |_________________^
    |
note: same as this
   --> src/presentation.rs:317:5
    |
317 | /                 {
318 | |                     at += 1;
319 | |                 } else if matches!(ch, b'+' | b'-')
    | |_________________^
    = help: for further information visit https://rust-lang.github.io/rust-clippy/rust-1.98.0/index.html#if_same_then_else
    = note: `-D clippy::if-same-then-else` implied by `-D warnings`
    = help: to override `-D warnings` add `#[allow(clippy::if_same_then_else)]`

error: this `if` has identical blocks
   --> src/presentation.rs:317:5
    |
317 | /                 {
318 | |                     at += 1;
319 | |                 } else if matches!(ch, b'+' | b'-')
    | |_________________^
    |
note: same as this
   --> src/presentation.rs:321:5
    |
321 | /                 {
322 | |                     at += 1;
323 | |                 } else {
    | |_________________^
    = help: for further information visit https://rust-lang.github.io/rust-clippy/rust-1.98.0/index.html#if_same_then_else

error: doc list item without indentation
   --> src/session.rs:180:5
    |
180 | /// A real token at the end, such as the `;` of `let x = ;`, keeps its span
    |     ^
    |
    = help: if this is supposed to be its own paragraph, add a blank line
    = help: for further information visit https://rust-lang.github.io/rust-clippy/rust-1.98.0/index.html#doc_lazy_continuation
    = note: `-D clippy::doc-lazy-continuation` implied by `-D warnings`
    = help: to override `-D warnings` add `#[allow(clippy::doc_lazy_continuation)]`
help: indent this line
    |
180 | ///   A real token at the end, such as the `;` of `let x = ;`, keeps its span
    |     ++

error: doc list item without indentation
   --> src/session.rs:181:5
    |
181 | /// when the input grows, so it is a diagnostic.
    |     ^
    |
    = help: if this is supposed to be its own paragraph, add a blank line
    = help: for further information visit https://rust-lang.github.io/rust-clippy/rust-1.98.0/index.html#doc_lazy_continuation
help: indent this line
    |
181 | ///   when the input grows, so it is a diagnostic.
    |     ++

error: this `if` statement can be collapsed
   --> src/session.rs:653:6
    |
653 | /                     if let Some(old) = declarations.get(name) {
654 | |                         if (old.is_type || is_type) && old.source != source {
655 | |                             return Err(self.refused_at(
656 | |                                 &format!(
...   |
663 | |                     }
    | |_____________________^
    |
    = help: for further information visit https://rust-lang.github.io/rust-clippy/rust-1.98.0/index.html#collapsible_if
help: collapse nested if block
    |
653 ~                     if let Some(old) = declarations.get(name)
654 ~                         && (old.is_type || is_type) && old.source != source {
655 |                             return Err(self.refused_at(
...
661 |                             ));
662 ~                         }
    |

error: stripping a prefix manually
    --> src/session.rs:1576:11
     |
1576 |             rest = &after[1..];
     |                    ^^^^^^^^^^^
     |
note: the prefix was tested here
    --> src/session.rs:1575:3
     |
1575 |         if after.starts_with('{') {
     |         ^^^^^^^^^^^^^^^^^^^^^^^^^^
     = help: for further information visit https://rust-lang.github.io/rust-clippy/rust-1.98.0/index.html#manual_strip
     = note: `-D clippy::manual-strip` implied by `-D warnings`
     = help: to override `-D warnings` add `#[allow(clippy::manual_strip)]`
help: try using the `strip_prefix` method
     |
1575 ~         if let Some(<stripped>) = after.strip_prefix('{') {
1576 ~             rest = <stripped>;
     |

error: this manual char comparison can be written more succinctly
    --> src/session.rs:1579:24
     |
1579 |         let end = after.find(|c| c == '}' || c == ':').unwrap_or(after.len());
     |                              ^^^^^^^^^^^^^^^^^^^^^^^^ help: consider using an array of `char`: `['}', ':']`
     |
     = help: for further information visit https://rust-lang.github.io/rust-clippy/rust-1.98.0/index.html#manual_pattern_char_comparison
     = note: `-D clippy::manual-pattern-char-comparison` implied by `-D warnings`
     = help: to override `-D warnings` add `#[allow(clippy::manual_pattern_char_comparison)]`

error: manual implementation of `.is_multiple_of()`
  --> src/text.rs:72:19
   |
72 |         if index > 0 && (digits.len() - index) % 3 == 0 {
   |                         ^^^^^^^^^^^^^^^^^^^^^^^^^^^^^^^ help: replace with: `(digits.len() - index).is_multiple_of(3)`
   |
   = help: for further information visit https://rust-lang.github.io/rust-clippy/rust-1.98.0/index.html#manual_is_multiple_of
   = note: `-D clippy::manual-is-multiple-of` implied by `-D warnings`
   = help: to override `-D warnings` add `#[allow(clippy::manual_is_multiple_of)]`

error: this `if` statement can be collapsed
   --> src/time.rs:175:3
    |
175 | /         if let Some(offset) = numeric_offset {
176 | |             if offset != z.offset() {
177 | |                 return Err(refuse(format!(
178 | |                     "numeric offset {offset} disagrees with zone offset {}",
...   |
182 | |         }
    | |_________^
    |
    = help: for further information visit https://rust-lang.github.io/rust-clippy/rust-1.98.0/index.html#collapsible_if
help: collapse nested if block
    |
175 ~         if let Some(offset) = numeric_offset
176 ~             && offset != z.offset() {
177 |                 return Err(refuse(format!(
...
180 |                 )));
181 ~             }
    |

error: could not compile `rnx` (lib) due to 13 previous errors
warning: build failed, waiting for other jobs to finish...
error: manual creation of a dangling pointer
   --> src/memory.rs:137:17
    |
137 |         let pointer = 1usize as *mut u8;
    |                       ^^^^^^^^^^^^^^^^^ help: use: `std::ptr::dangling_mut::<u8>()`
    |
    = help: for further information visit https://rust-lang.github.io/rust-clippy/rust-1.98.0/index.html#manual_dangling_ptr
    = note: `-D clippy::manual-dangling-ptr` implied by `-D warnings`
    = help: to override `-D warnings` add `#[allow(clippy::manual_dangling_ptr)]`

error: items after a test module
   --> src/worker.rs:295:1
    |
295 | mod tests {
    | ^^^^^^^^^
...
335 | fn test_pause(_: &str) {}
    | ^^^^^^^^^^^^^^^^^^^^^^
    |
    = help: for further information visit https://rust-lang.github.io/rust-clippy/rust-1.98.0/index.html#items_after_test_module
    = note: `-D clippy::items-after-test-module` implied by `-D warnings`
    = help: to override `-D warnings` add `#[allow(clippy::items_after_test_module)]`
    = help: move the items to before the test module was defined

error: could not compile `rnx` (lib test) due to 15 previous errors
