    Checking windows-link v0.2.1
    Checking cfg-if v1.0.5
    Checking pin-project-lite v0.2.17
    Checking memchr v2.8.3
    Checking futures-core v0.3.34
    Checking stable_deref_trait v1.2.1
    Checking smallvec v1.16.1
    Checking futures-sink v0.3.34
    Checking critical-section v1.2.0
    Checking itoa v1.0.18
    Checking slab v0.4.12
    Checking equivalent v1.0.2
    Checking futures-task v0.3.34
   Compiling serde_core v1.0.229
   Compiling serde v1.0.229
   Compiling libm v0.2.16
   Compiling crossbeam-utils v0.8.23
   Compiling portable-atomic v1.15.0
   Compiling libc v0.2.189
   Compiling crossbeam-epoch v0.9.21
   Compiling crossbeam-deque v0.8.8
    Checking allocator-api2 v0.2.21
    Checking futures-io v0.3.34
    Checking windows-sys v0.61.2
   Compiling num-traits v0.2.19
   Compiling rayon-core v1.13.0
    Checking either v1.18.0
    Checking litemap v0.8.3
    Checking writeable v0.6.4
    Checking utf8_iter v1.0.4
    Checking zeroize v1.9.0
    Checking futures-channel v0.3.34
   Compiling icu_normalizer_data v2.3.0
   Compiling icu_properties_data v2.3.0
    Checking percent-encoding v2.3.2
    Checking foldhash v0.2.0
    Checking zerofrom v0.1.8
   Compiling ring v0.17.14
   Compiling crc32fast v1.5.2
    Checking getrandom v0.2.17
    Checking adler2 v2.0.1
    Checking untrusted v0.9.0
    Checking simd-adler32 v0.3.10
    Checking atomic-waker v1.1.2
    Checking fnv v1.0.7
    Checking tower-service v0.3.3
    Checking rustls-pki-types v1.15.1
   Compiling httparse v1.10.1
    Checking zlib-rs v0.6.8
    Checking try-lock v0.2.5
    Checking yoke v0.8.3
   Compiling zerocopy v0.8.57
    Checking form_urlencoded v1.2.2
    Checking subtle v2.6.1
    Checking ryu v1.0.23
    Checking rand_core v0.10.1
    Checking compression-core v0.4.33
   Compiling zmij v1.0.23
    Checking sync_wrapper v1.0.2
    Checking base64 v0.22.1
   Compiling getrandom v0.4.3
    Checking ipnet v2.12.2
    Checking miniz_oxide v0.9.1
    Checking want v0.3.1
    Checking cpufeatures v0.3.1
    Checking tower-layer v0.3.3
   Compiling serde_json v1.0.151
   Compiling windows-implement v0.60.2
   Compiling windows-interface v0.59.3
    Checking windows-strings v0.5.1
    Checking windows-result v0.4.1
    Checking log v0.4.34
   Compiling parking_lot_core v0.9.12
    Checking scopeguard v1.2.0
    Checking foldhash v0.1.5
    Checking futures-util v0.3.34
    Checking aho-corasick v1.1.5
    Checking chacha20 v0.10.2
    Checking zerovec v0.11.8
    Checking zerotrie v0.2.5
    Checking lock_api v0.4.14
   Compiling thiserror v2.0.20
    Checking hashbrown v0.15.5
   Compiling psm v0.1.32
   Compiling winapi v0.3.9
    Checking array-init-cursor v0.2.1
    Checking regex-syntax v0.8.11
    Checking once_cell v1.21.4
   Compiling signal-hook v0.4.4
warning: psm@0.1.32: GNU compiler is not supported for this target
warning: psm@0.1.32: GNU compiler is not supported for this target
warning: psm@0.1.32: /tmp/ccbQceJk.s: Assembler messages:
warning: psm@0.1.32: src/arch/x86_64_windows_gnu.s:5: Error: unknown pseudo-op: `.def'
warning: psm@0.1.32: src/arch/x86_64_windows_gnu.s:6: Error: unknown pseudo-op: `.scl'
warning: psm@0.1.32: src/arch/x86_64_windows_gnu.s:7: Error: Missing symbol name in directive
warning: psm@0.1.32: src/arch/x86_64_windows_gnu.s:7: Error: unrecognized symbol type "32"
warning: psm@0.1.32: src/arch/x86_64_windows_gnu.s:8: Error: unknown pseudo-op: `.endef'
warning: psm@0.1.32: src/arch/x86_64_windows_gnu.s:18: Error: unknown pseudo-op: `.def'
warning: psm@0.1.32: src/arch/x86_64_windows_gnu.s:19: Error: unknown pseudo-op: `.scl'
warning: psm@0.1.32: src/arch/x86_64_windows_gnu.s:20: Error: Missing symbol name in directive
warning: psm@0.1.32: src/arch/x86_64_windows_gnu.s:20: Error: unrecognized symbol type "32"
warning: psm@0.1.32: src/arch/x86_64_windows_gnu.s:21: Error: unknown pseudo-op: `.endef'
warning: psm@0.1.32: src/arch/x86_64_windows_gnu.s:32: Error: unknown pseudo-op: `.def'
warning: psm@0.1.32: src/arch/x86_64_windows_gnu.s:33: Error: unknown pseudo-op: `.scl'
warning: psm@0.1.32: src/arch/x86_64_windows_gnu.s:34: Error: Missing symbol name in directive
warning: psm@0.1.32: src/arch/x86_64_windows_gnu.s:34: Error: unrecognized symbol type "32"
warning: psm@0.1.32: src/arch/x86_64_windows_gnu.s:35: Error: unknown pseudo-op: `.endef'
warning: psm@0.1.32: src/arch/x86_64_windows_gnu.s:54: Error: unknown pseudo-op: `.def'
warning: psm@0.1.32: src/arch/x86_64_windows_gnu.s:55: Error: unknown pseudo-op: `.scl'
warning: psm@0.1.32: src/arch/x86_64_windows_gnu.s:56: Error: Missing symbol name in directive
warning: psm@0.1.32: src/arch/x86_64_windows_gnu.s:56: Error: unrecognized symbol type "32"
warning: psm@0.1.32: src/arch/x86_64_windows_gnu.s:57: Error: unknown pseudo-op: `.endef'
error: failed to run custom build command for `psm v0.1.32`

Caused by:
  process didn't exit successfully: `/home/me/work/rnx/adapters/polars/target/debug/build/psm-cb83448d9dce9697/build-script-build` (exit status: 1)
  --- stdout
  cargo:rustc-check-cfg=cfg(switchable_stack,asm,link_asm)
  cargo:rerun-if-env-changed=VCINSTALLDIR
  VCINSTALLDIR = None
  cargo:rerun-if-env-changed=CC_x86_64-pc-windows-msvc
  CC_x86_64-pc-windows-msvc = None
  cargo:rerun-if-env-changed=CC_x86_64_pc_windows_msvc
  CC_x86_64_pc_windows_msvc = None
  cargo:rerun-if-env-changed=TARGET_CC
  TARGET_CC = None
  cargo:rerun-if-env-changed=CC
  CC = None
  cargo:rerun-if-env-changed=CROSS_COMPILE
  CROSS_COMPILE = None
  cargo:rerun-if-env-changed=CC_ENABLE_DEBUG_OUTPUT
  cargo:warning=GNU compiler is not supported for this target
  cargo:rerun-if-env-changed=CRATE_CC_NO_DEFAULTS
  CRATE_CC_NO_DEFAULTS = None
  cargo:rerun-if-env-changed=CFLAGS
  CFLAGS = None
  cargo:rerun-if-env-changed=TARGET_CFLAGS
  TARGET_CFLAGS = None
  cargo:rerun-if-env-changed=CFLAGS_x86_64_pc_windows_msvc
  CFLAGS_x86_64_pc_windows_msvc = None
  cargo:rerun-if-env-changed=CFLAGS_x86_64-pc-windows-msvc
  CFLAGS_x86_64-pc-windows-msvc = None
  cargo:rustc-cfg=asm
  cargo:rustc-cfg=link_asm
  cargo:rerun-if-env-changed=CC_FORCE_DISABLE
  CC_FORCE_DISABLE = None
  cargo:rerun-if-env-changed=VCINSTALLDIR
  VCINSTALLDIR = None
  cargo:rerun-if-env-changed=CC_x86_64-pc-windows-msvc
  CC_x86_64-pc-windows-msvc = None
  cargo:rerun-if-env-changed=CC_x86_64_pc_windows_msvc
  CC_x86_64_pc_windows_msvc = None
  cargo:rerun-if-env-changed=TARGET_CC
  TARGET_CC = None
  cargo:rerun-if-env-changed=CC
  CC = None
  cargo:rerun-if-env-changed=CROSS_COMPILE
  CROSS_COMPILE = None
  cargo:warning=GNU compiler is not supported for this target
  cargo:rerun-if-env-changed=CRATE_CC_NO_DEFAULTS
  CRATE_CC_NO_DEFAULTS = None
  cargo:rerun-if-env-changed=CFLAGS
  CFLAGS = None
  cargo:rerun-if-env-changed=TARGET_CFLAGS
  TARGET_CFLAGS = None
  cargo:rerun-if-env-changed=CFLAGS_x86_64_pc_windows_msvc
  CFLAGS_x86_64_pc_windows_msvc = None
  cargo:rerun-if-env-changed=CFLAGS_x86_64-pc-windows-msvc
  CFLAGS_x86_64-pc-windows-msvc = None
  cargo:warning=/tmp/ccbQceJk.s: Assembler messages:
  cargo:warning=src/arch/x86_64_windows_gnu.s:5: Error: unknown pseudo-op: `.def'
  cargo:warning=src/arch/x86_64_windows_gnu.s:6: Error: unknown pseudo-op: `.scl'
  cargo:warning=src/arch/x86_64_windows_gnu.s:7: Error: Missing symbol name in directive
  cargo:warning=src/arch/x86_64_windows_gnu.s:7: Error: unrecognized symbol type "32"
  cargo:warning=src/arch/x86_64_windows_gnu.s:8: Error: unknown pseudo-op: `.endef'
  cargo:warning=src/arch/x86_64_windows_gnu.s:18: Error: unknown pseudo-op: `.def'
  cargo:warning=src/arch/x86_64_windows_gnu.s:19: Error: unknown pseudo-op: `.scl'
  cargo:warning=src/arch/x86_64_windows_gnu.s:20: Error: Missing symbol name in directive
  cargo:warning=src/arch/x86_64_windows_gnu.s:20: Error: unrecognized symbol type "32"
  cargo:warning=src/arch/x86_64_windows_gnu.s:21: Error: unknown pseudo-op: `.endef'
  cargo:warning=src/arch/x86_64_windows_gnu.s:32: Error: unknown pseudo-op: `.def'
  cargo:warning=src/arch/x86_64_windows_gnu.s:33: Error: unknown pseudo-op: `.scl'
  cargo:warning=src/arch/x86_64_windows_gnu.s:34: Error: Missing symbol name in directive
  cargo:warning=src/arch/x86_64_windows_gnu.s:34: Error: unrecognized symbol type "32"
  cargo:warning=src/arch/x86_64_windows_gnu.s:35: Error: unknown pseudo-op: `.endef'
  cargo:warning=src/arch/x86_64_windows_gnu.s:54: Error: unknown pseudo-op: `.def'
  cargo:warning=src/arch/x86_64_windows_gnu.s:55: Error: unknown pseudo-op: `.scl'
  cargo:warning=src/arch/x86_64_windows_gnu.s:56: Error: Missing symbol name in directive
  cargo:warning=src/arch/x86_64_windows_gnu.s:56: Error: unrecognized symbol type "32"
  cargo:warning=src/arch/x86_64_windows_gnu.s:57: Error: unknown pseudo-op: `.endef'

  --- stderr


  error occurred in cc-rs: command did not execute successfully (status code exit status: 1): LC_ALL="C" "cc" "-O0" "-ffunction-sections" "-fdata-sections" "-m64" "-Wall" "-Wextra" "-xassembler-with-cpp" "-DCFG_TARGET_OS_windows" "-DCFG_TARGET_ARCH_x86_64" "-DCFG_TARGET_ENV_msvc" "-o" "/home/me/work/rnx/adapters/polars/target/x86_64-pc-windows-msvc/debug/build/psm-b430e24b69f50c5e/out/4f9a91766097c4c5-x86_64_windows_gnu.o" "-c" "src/arch/x86_64_windows_gnu.s"


warning: build failed, waiting for other jobs to finish...
warning: ring@0.17.14: GNU compiler is not supported for this target
warning: ring@0.17.14: GNU compiler is not supported for this target
warning: ring@0.17.14: GNU compiler is not supported for this target
warning: ring@0.17.14: GNU compiler is not supported for this target
warning: ring@0.17.14: GNU compiler is not supported for this target
warning: ring@0.17.14: GNU compiler is not supported for this target
warning: ring@0.17.14: GNU compiler is not supported for this target
warning: ring@0.17.14: GNU compiler is not supported for this target
warning: ring@0.17.14: GNU compiler is not supported for this target
warning: ring@0.17.14: GNU compiler is not supported for this target
warning: ring@0.17.14: GNU compiler is not supported for this target
warning: ring@0.17.14: GNU compiler is not supported for this target
warning: ring@0.17.14: GNU compiler is not supported for this target
warning: ring@0.17.14: GNU compiler is not supported for this target
warning: ring@0.17.14: GNU compiler is not supported for this target
warning: ring@0.17.14: GNU compiler is not supported for this target
warning: ring@0.17.14: GNU compiler is not supported for this target
error: failed to run custom build command for `ring v0.17.14`

Caused by:
  process didn't exit successfully: `/home/me/work/rnx/adapters/polars/target/debug/build/ring-0c07a6882e1055c2/build-script-build` (exit status: 1)
  --- stdout
  cargo:rerun-if-env-changed=CARGO_MANIFEST_DIR
  cargo:rerun-if-env-changed=CARGO_PKG_NAME
  cargo:rerun-if-env-changed=CARGO_PKG_VERSION_MAJOR
  cargo:rerun-if-env-changed=CARGO_PKG_VERSION_MINOR
  cargo:rerun-if-env-changed=CARGO_PKG_VERSION_PATCH
  cargo:rerun-if-env-changed=CARGO_PKG_VERSION_PRE
  cargo:rerun-if-env-changed=CARGO_MANIFEST_LINKS
  cargo:rerun-if-env-changed=RING_PREGENERATE_ASM
  cargo:rerun-if-env-changed=OUT_DIR
  cargo:rerun-if-env-changed=CARGO_CFG_TARGET_ARCH
  cargo:rerun-if-env-changed=CARGO_CFG_TARGET_OS
  cargo:rerun-if-env-changed=CARGO_CFG_TARGET_ENV
  cargo:rerun-if-env-changed=CARGO_CFG_TARGET_ENDIAN
  cargo:rerun-if-env-changed=VCINSTALLDIR
  VCINSTALLDIR = None
  cargo:rerun-if-env-changed=CC_x86_64-pc-windows-msvc
  CC_x86_64-pc-windows-msvc = None
  cargo:rerun-if-env-changed=CC_x86_64_pc_windows_msvc
  CC_x86_64_pc_windows_msvc = None
  cargo:rerun-if-env-changed=TARGET_CC
  TARGET_CC = None
  cargo:rerun-if-env-changed=CC
  CC = None
  cargo:rerun-if-env-changed=CROSS_COMPILE
  CROSS_COMPILE = None
  cargo:rerun-if-env-changed=CC_ENABLE_DEBUG_OUTPUT
  cargo:warning=GNU compiler is not supported for this target
  cargo:rerun-if-env-changed=CRATE_CC_NO_DEFAULTS
  CRATE_CC_NO_DEFAULTS = None
  cargo:rerun-if-env-changed=CFLAGS
  CFLAGS = None
  cargo:rerun-if-env-changed=TARGET_CFLAGS
  TARGET_CFLAGS = None
  cargo:rerun-if-env-changed=CFLAGS_x86_64_pc_windows_msvc
  CFLAGS_x86_64_pc_windows_msvc = None
  cargo:rerun-if-env-changed=CFLAGS_x86_64-pc-windows-msvc
  CFLAGS_x86_64-pc-windows-msvc = None
  cargo:warning=GNU compiler is not supported for this target
  cargo:warning=GNU compiler is not supported for this target
  cargo:warning=GNU compiler is not supported for this target
  cargo:warning=GNU compiler is not supported for this target
  cargo:warning=GNU compiler is not supported for this target
  cargo:warning=GNU compiler is not supported for this target
  cargo:warning=GNU compiler is not supported for this target
  cargo:warning=GNU compiler is not supported for this target
  cargo:warning=GNU compiler is not supported for this target
  cargo:warning=GNU compiler is not supported for this target
  cargo:warning=GNU compiler is not supported for this target
  cargo:warning=GNU compiler is not supported for this target
  cargo:warning=GNU compiler is not supported for this target
  cargo:warning=GNU compiler is not supported for this target
  cargo:warning=GNU compiler is not supported for this target
  exit status: 0
  exit status: 0
  exit status: 0
  exit status: 0
  exit status: 0
  exit status: 0
  exit status: 0
  exit status: 0
  exit status: 0
  exit status: 0
  exit status: 0
  exit status: 0
  exit status: 0
  exit status: 0
  exit status: 0
  cargo:warning=GNU compiler is not supported for this target

  --- stderr


  error occurred in cc-rs: failed to find tool "lib.exe": No such file or directory (os error 2)


